Sales_data.csv
date,store_id,product_id,price,promotion,holiday,sales
2022-01-02,4,145,17.8,0,0,53
2024-01-11,4,145,46.44,0,0,50
2025-05-30,4,145,30.49,1,1,57
2027-12-26,4,145,81.25,0,0,7
2029-11-14,4,145,18.01,0,0,55
2030-06-06,4,145,25.24,0,0,44
2030-08-29,4,145,48.27,0,0,46
2031-08-21,4,145,17.63,0,0,54
2031-11-29,4,145,66.26,0,0,42
2032-12-26,4,145,10.97,1,0,56
2033-12-23,4,145,54.84,1,1,62
2034-07-26,4,145,53.86,0,0,33
2034-10-22,4,145,80.33,1,0,36
2022-01-03,8,118,34.91,0,0,47
2022-12-12,8,118,73.72,1,0,44
2023-12-23,8,118,79.26,1,0,58
2024-03-28,8,118,32.78,1,0,65
2026-04-19,8,118,72.25,0,0,48
2026-10-12,8,118,5.56,1,0,71
2028-03-19,8,118,80.3,0,0,39
2029-12-19,8,118,66.77,0,0,30
2031-04-02,8,118,59.15,1,1,69
2034-07-03,8,118,89.79,0,0,42
2034-08-26,8,118,32.6,0,0,43
2022-01-04,5,112,51.12,0,0,47
2023-11-29,5,112,26.31,0,0,25
2027-05-03,5,112,94.22,0,0,50
2028-08-04,5,112,48.23,1,0,43
2029-01-10,5,112,68.68,1,0,54
2029-10-11,5,112,76.18,0,0,28
2032-01-25,5,112,77.53,0,1,67
2032-02-26,5,112,74.5,0,0,32
2032-12-15,5,112,65.21,0,0,50
2034-08-23,5,112,68.95,0,0,45
2034-08-31,5,112,55.1,1,0,48
2022-01-05,7,141,50.41,1,1,69
2022-05-22,7,141,62.73,1,0,67
2025-02-09,7,141,41.23,0,0,50
2025-03-26,7,141,85.11,0,0,18
2025-05-17,7,141,78.38,0,0,22
2026-06-10,7,141,37.2,0,0,60
2027-06-26,7,141,22.21,0,0,44
2031-08-31,7,141,67.64,1,0,79
2033-04-17,7,141,31.82,1,0,65
2033-10-20,7,141,70.5,0,0,25
2034-01-19,7,141,7.21,0,1,63
2034-05-02,7,141,82.23,0,0,68
2022-01-06,10,120,49.78,1,0,65
2022-07-07,10,120,53.89,0,0,49
2026-07-13,10,120,68.33,0,0,47
2027-07-05,10,120,57.69,0,0,38
2028-10-31,10,120,18.37,0,0,41
2028-12-03,10,120,52.5,1,0,65
2031-09-15,10,120,85.87,1,0,60
2033-06-15,10,120,76.48,1,0,51
2033-10-21,10,120,96.98,1,0,50
2035-07-16,10,120,54.21,1,0,78
2022-01-08,7,126,18.77,1,0,72
2022-05-04,7,126,68.65,0,0,29
2022-11-18,7,126,97.29,0,0,20
2023-06-09,7,126,80.6,1,0,48
2024-02-20,7,126,60.71,1,0,55
2025-08-08,7,126,36.64,0,0,47
2026-12-27,7,126,28.83,0,0,40
2028-09-11,7,126,81.28,0,0,31
2029-01-31,7,126,76.77,1,0,41
2030-11-15,7,126,31.1,1,0,81
2031-05-25,7,126,29.36,0,1,80
2032-07-31,7,126,48.81,0,0,41
2022-01-09,8,128,29.2,0,0,28
2024-09-17,8,128,66.83,0,0,21
2026-01-31,8,128,53.68,1,0,71
2026-05-07,8,128,29.8,0,0,34
2028-03-07,8,128,20.64,0,0,55
2028-07-05,8,128,53.18,0,1,49
2030-07-12,8,128,82.99,0,0,46
2030-10-15,8,128,28.37,0,0,37
2031-06-22,8,128,20.95,1,0,81
2032-11-22,8,128,96.12,1,0,43
2034-10-25,8,128,83.65,0,0,36
2022-01-10,5,119,91.88,1,0,21
2023-10-29,5,119,87.31,0,0,34
2028-12-21,5,119,57.7,0,0,29
2029-06-24,5,119,17.12,0,0,60
2030-07-15,5,119,19.66,1,0,80
2030-10-16,5,119,52.23,0,0,24
2031-02-25,5,119,13.51,0,0,41
2032-06-18,5,119,56.92,0,0,49
2033-12-29,5,119,37.05,1,0,65
2034-09-10,5,119,26.09,0,0,38
2035-02-01,5,119,9.32,0,0,32
2035-05-16,5,119,23.01,1,0,51
2022-01-11,4,124,15.74,0,0,40
2022-07-26,4,124,90.01,1,0,28
2023-01-12,4,124,56.54,0,0,40
2023-07-15,4,124,69.05,0,0,42
2024-08-12,4,124,17.69,1,0,49
2024-09-11,4,124,13.67,1,0,74
2027-01-08,4,124,91.87,0,0,25
2030-12-11,4,124,63.29,1,0,58
2031-03-28,4,124,66.7,0,0,23
2031-11-15,4,124,65.1,0,0,39
2033-11-03,4,124,38.75,1,0,71
2034-02-14,4,124,17.21,0,0,54
2035-02-05,4,124,90.32,0,0,27
2022-01-12,8,105,76.96,0,0,22
2024-02-21,8,105,29.82,0,0,66
2025-04-25,8,105,77.84,0,1,58
2027-08-23,8,105,6.41,0,0,39
2028-04-18,8,105,70.43,1,0,32
2028-06-09,8,105,19.79,0,0,46
2028-06-23,8,105,42.43,0,0,28
2028-06-27,8,105,14.31,0,0,36
2032-11-15,8,105,75.25,0,0,38
2033-11-06,8,105,51.4,0,0,20
2034-02-26,8,105,32.87,0,0,42
2035-08-19,8,105,84.66,0,0,21
2022-01-14,3,101,81.93,1,0,37
2022-04-17,3,101,93.13,1,0,44
2022-06-07,3,101,23.53,0,0,44
2022-06-20,3,101,66.35,1,0,60
2023-06-18,3,101,60.28,0,0,30
2026-01-02,3,101,56.93,0,0,34
2026-09-09,3,101,85.64,1,0,53
2028-09-18,3,101,33.01,0,0,41
2029-06-25,3,101,76.65,1,0,67
2029-10-08,3,101,45.79,0,0,36
2030-03-06,3,101,43.44,0,0,50
2030-06-18,3,101,63.1,0,0,42
2030-07-05,3,101,95.77,0,0,44
2031-02-24,3,101,99.25,1,1,73
2033-05-26,3,101,81.07,0,0,31
2033-10-10,3,101,44.69,0,1,63
2034-10-30,3,101,62.19,0,0,30
2022-01-15,6,121,89.23,1,0,76
2022-11-27,6,121,26.32,0,1,64
2024-10-09,6,121,16.42,0,0,57
2026-06-12,6,121,57.46,0,0,41
2030-09-16,6,121,61.95,0,0,24
2031-04-04,6,121,5.84,0,0,53
2032-06-25,6,121,99.4,0,0,39
2033-01-04,6,121,82.85,0,0,28
2033-03-28,6,121,26.12,0,0,37
2033-06-19,6,121,29.12,0,0,39
2022-01-16,5,131,29.99,1,0,66
2022-03-13,5,131,84.15,0,0,17
2023-01-27,5,131,64.12,0,0,40
2023-10-28,5,131,26.7,1,0,73
2024-01-28,5,131,99.83,0,0,27
2025-07-11,5,131,63.08,0,0,22
2026-08-17,5,131,65.55,0,0,45
2026-11-21,5,131,81.35,0,0,39
2027-03-26,5,131,8.3,1,0,70
2030-07-19,5,131,31.53,0,1,63
2031-04-07,5,131,54.51,1,0,79
2035-02-11,5,131,28.38,1,0,43
2022-01-17,2,115,26.33,1,0,65
2022-08-07,2,115,70.52,0,0,41
2023-04-20,2,115,81.75,1,0,25
2024-08-25,2,115,79.22,0,0,55
2026-04-03,2,115,97.86,0,0,26
2028-05-21,2,115,33.95,0,0,34
2028-11-17,2,115,35.31,1,1,62
2029-06-30,2,115,39.88,0,0,41
2031-09-08,2,115,59.96,0,0,50
2032-06-06,2,115,81.13,0,0,38
2034-12-27,2,115,14.73,1,1,90
2022-01-18,8,117,49.22,0,0,41
2022-07-12,8,117,45.14,0,0,62
2023-03-13,8,117,9.81,1,0,88
2024-04-28,8,117,83.06,0,0,31
2025-05-23,8,117,75.86,0,0,31
2026-08-15,8,117,47.94,1,0,57
2026-11-05,8,117,31.41,1,0,52
2027-03-05,8,117,86.48,0,0,61
2027-12-22,8,117,56.93,0,0,51
2028-09-23,8,117,62.29,0,1,76
2030-01-14,8,117,68.55,0,0,20
2030-03-20,8,117,44.04,0,0,37
2030-10-01,8,117,65.13,0,0,42
2033-09-28,8,117,85.61,1,0,57
2033-12-11,8,117,11.94,0,0,50
2034-06-30,8,117,99.47,0,0,23
2035-05-05,8,117,90.42,0,0,20
2022-01-19,6,104,30.18,1,0,73
2022-09-02,6,104,57.66,0,0,28
2024-05-31,6,104,46.18,0,0,35
2026-05-01,6,104,81.57,1,0,60
2027-01-18,6,104,14.62,0,0,43
2027-10-07,6,104,66.15,0,0,43
2027-10-19,6,104,56.41,0,0,53
2030-03-24,6,104,36.64,0,0,43
2030-08-13,6,104,82.18,0,0,16
2030-09-15,6,104,75.44,0,0,57
2031-04-11,6,104,42.23,1,0,55
2032-03-27,6,104,66.09,0,1,56
2032-06-19,6,104,53.07,1,0,55
2033-09-12,6,104,54.63,0,0,32
2022-01-20,2,135,74.76,1,0,49
2026-01-21,2,135,5.78,0,0,52
2029-01-24,2,135,5.18,0,0,70
2029-05-20,2,135,44.75,0,0,38
2030-04-15,2,135,66.23,1,0,63
2034-02-13,2,135,94.09,0,0,27
2034-07-13,2,135,36.6,1,1,57
2035-01-20,2,135,36.09,0,0,35
2022-01-22,1,144,88.12,0,0,30
2022-05-26,1,144,75.57,0,1,34
2022-08-20,1,144,38.8,0,0,32
2024-02-09,1,144,37.84,0,1,45
2025-08-13,1,144,57.64,0,0,28
2026-02-17,1,144,62.59,0,0,29
2026-12-25,1,144,9.5,1,0,73
2027-06-09,1,144,31.31,1,0,58
2031-10-24,1,144,28.96,0,0,46
2032-07-29,1,144,16.62,0,1,52
2032-09-05,1,144,19.81,0,0,47
2033-05-13,1,144,29.88,0,0,58
2035-06-11,1,144,75.82,0,1,43
2022-01-23,10,118,12.86,0,0,54
2022-11-29,10,118,96.35,0,0,28
2023-04-10,10,118,76.82,0,0,36
2023-08-10,10,118,79.85,0,1,42
2023-12-17,10,118,90.17,0,1,42
2027-11-01,10,118,38.02,1,0,68
2029-12-03,10,118,37.02,0,0,38
2031-08-12,10,118,8.67,1,0,64
2031-08-24,10,118,30.05,1,0,75
2034-04-15,10,118,95.36,1,0,63
2022-01-24,6,122,91.93,1,0,62
2022-10-09,6,122,63.04,1,0,66
2024-01-24,6,122,8.55,0,0,47
2024-02-07,6,122,80.03,0,1,49
2024-04-15,6,122,33.55,1,0,55
2026-05-02,6,122,29.05,0,0,48
2026-09-02,6,122,5.69,0,0,46
2026-11-18,6,122,67.18,1,0,73
2027-11-09,6,122,38.81,0,0,47
2028-01-14,6,122,9.47,0,0,35
2028-06-24,6,122,44.56,0,0,45
2028-08-23,6,122,7.15,0,1,49
2028-12-26,6,122,84.99,1,0,56
2030-06-08,6,122,33.9,0,0,31
2031-08-19,6,122,75.73,0,1,65
2032-10-03,6,122,90.29,1,0,55
2022-01-25,9,133,32.87,1,1,101
2025-01-25,9,133,50.54,0,0,46
2027-01-22,9,133,39.97,0,0,41
2027-03-22,9,133,86.13,0,0,37
2029-04-06,9,133,62.35,0,0,41
2029-10-19,9,133,24.22,0,0,40
2029-11-22,9,133,62.81,0,0,43
2030-03-10,9,133,7.01,1,0,42
2030-08-05,9,133,80.07,0,0,27
2031-10-15,9,133,76.48,0,0,30
2031-11-19,9,133,53.36,1,1,58
2032-10-12,9,133,93.88,0,0,26
2035-07-18,9,133,60.03,0,0,16
2035-08-12,9,133,92.71,0,1,51
2022-01-26,1,112,51.62,1,0,68
2023-10-17,1,112,67.88,0,0,54
2025-03-21,1,112,38.06,0,0,41
2027-06-06,1,112,36.68,0,0,47
2027-06-28,1,112,48.65,1,0,63
2028-03-11,1,112,72.85,0,0,44
2028-04-16,1,112,12.39,0,1,72
2029-10-25,1,112,96.14,1,0,58
2030-01-19,1,112,99.09,0,0,13
2030-08-08,1,112,29.11,0,0,28
2030-08-24,1,112,79.15,0,0,52
2031-04-10,1,112,56.67,0,0,49
2032-03-28,1,112,49.19,0,0,45
2034-05-07,1,112,74.73,0,0,44
2034-09-05,1,112,33.52,0,0,33
2035-08-23,1,112,28.42,1,0,60
2022-01-27,10,142,46.67,1,0,82
2022-04-27,10,142,67.05,0,0,23
2022-11-20,10,142,80.28,1,0,36
2023-06-16,10,142,46.53,0,0,45
2025-02-12,10,142,10.63,1,0,70
2028-04-30,10,142,72.49,0,0,39
2029-03-30,10,142,88.81,0,0,44
2032-03-30,10,142,69.46,0,0,35
2033-05-07,10,142,72.15,0,0,44
2033-07-24,10,142,84.31,0,1,48
2034-01-11,10,142,8.49,0,1,51
2035-05-30,10,142,46.92,0,0,32
2022-01-28,3,128,77.23,1,0,40
2022-11-01,3,128,28.71,0,1,80
2024-07-09,3,128,81.7,0,0,22
2025-01-09,3,128,80.7,1,0,40
2025-02-18,3,128,25.04,0,0,39
2025-05-11,3,128,45.27,1,0,56
2025-11-20,3,128,5.13,0,0,29
2031-10-12,3,128,35.53,0,0,50
2032-02-03,3,128,23.65,1,0,68
2032-05-09,3,128,75.7,0,1,46
2032-10-16,3,128,39.99,0,0,57
2033-12-06,3,128,56.94,0,0,47
2035-04-02,3,128,36.25,0,1,63
2035-09-08,3,128,81.91,0,0,35
2022-01-29,7,135,44.93,1,0,63
2023-05-13,7,135,32.7,1,0,68
2024-12-03,7,135,8.86,0,0,62
2025-02-13,7,135,15.01,0,0,52
2025-08-12,7,135,87.57,1,0,48
2027-06-13,7,135,30.26,0,0,40
2027-10-04,7,135,82.5,0,0,16
2027-12-21,7,135,15.78,1,0,79
2029-07-21,7,135,83.28,0,0,24
2029-07-22,7,135,69.32,0,0,39
2029-11-12,7,135,49.25,0,1,25
2030-09-13,7,135,78.09,0,0,21
2032-08-12,7,135,45.12,0,0,34
2032-12-28,7,135,22.92,1,1,71
2033-08-24,7,135,96.48,0,0,31
2034-11-21,7,135,46.99,1,0,61
2022-01-30,4,121,94.64,1,0,18
2022-07-17,4,121,28.84,0,0,36
2023-07-10,4,121,58.57,0,0,52
2023-07-27,4,121,89.49,1,0,63
2025-05-31,4,121,71.31,0,0,29
2025-10-17,4,121,12.52,1,0,84
2026-11-08,4,121,77.38,0,0,51
2027-04-09,4,121,38.34,1,0,58
2032-02-02,4,121,82.59,0,0,27
2035-04-21,4,121,24.84,1,0,77
2022-02-02,5,108,11.77,0,0,53
2023-10-26,5,108,69.62,1,0,51
2025-12-14,5,108,65.46,1,0,49
2026-05-04,5,108,61.09,0,1,60
2026-11-20,5,108,78.64,0,0,28
2027-12-24,5,108,9.75,1,0,60
2030-06-11,5,108,92.99,1,0,47
2031-11-07,5,108,20.59,0,0,48
2032-02-15,5,108,43.48,0,0,47
2033-08-21,5,108,36.35,1,0,56
2033-08-28,5,108,36.57,1,0,64
2033-09-05,5,108,72.01,0,0,33
2034-01-25,5,108,86.99,1,0,45
2034-12-28,5,108,75.04,0,0,28
2035-08-09,5,108,74.99,0,0,32
2022-02-03,3,138,86.15,1,0,77
2026-02-01,3,138,56.86,1,0,79
2029-06-04,3,138,99.1,0,0,30
2029-08-09,3,138,81.15,1,0,51
2030-06-22,3,138,8.92,1,0,56
2032-05-25,3,138,35.11,0,0,39
2033-01-14,3,138,8.65,0,0,51
2033-07-20,3,138,47.62,0,0,50
2022-02-04,7,118,79.26,0,0,22
2023-05-28,7,118,88.83,0,0,16
2024-04-22,7,118,60.97,0,0,31
2024-08-03,7,118,15.25,0,0,50
2027-06-07,7,118,25.8,1,0,51
2031-02-11,7,118,11.38,1,0,64
2031-09-13,7,118,99.7,1,0,71
2035-07-28,7,118,8.38,0,0,51
2022-02-05,5,137,14.83,0,0,37
2027-02-12,5,137,99.21,0,1,31
2027-08-16,5,137,10.29,0,0,40
2028-02-18,5,137,5.77,0,0,66
2028-03-29,5,137,12.21,1,0,54
2028-09-09,5,137,41.77,0,0,42
2031-05-30,5,137,25.16,0,0,41
2031-07-26,5,137,26.16,0,0,26
2031-11-30,5,137,44.03,0,0,45
2022-02-06,9,105,15.2,0,0,39
2023-07-13,9,105,60.08,0,0,47
2024-03-15,9,105,50.87,0,0,33
2024-03-18,9,105,33.28,0,0,50
2025-06-10,9,105,36.71,0,0,35
2025-07-19,9,105,69.33,0,1,40
2025-09-15,9,105,59.81,1,1,91
2028-02-24,9,105,99.87,0,0,29
2029-07-30,9,105,91.8,0,0,25
2031-12-25,9,105,53.18,1,1,69
2032-06-17,9,105,92.16,1,0,52
2032-11-28,9,105,38.25,1,0,77
2022-02-08,2,114,6.08,0,0,46
2022-12-16,2,114,30.86,0,0,61
2025-08-06,2,114,87.41,1,0,43
2025-10-14,2,114,69.97,0,0,37
2025-12-16,2,114,80.98,0,0,38
2026-05-05,2,114,11.66,1,0,56
2026-12-02,2,114,66.31,0,1,56
2030-12-27,2,114,6.6,1,0,67
2032-03-03,2,114,55.48,1,0,30
2033-12-16,2,114,16.57,0,0,48
2034-10-16,2,114,55.53,0,0,39
2035-08-03,2,114,78.58,0,0,50
2035-08-07,2,114,95.97,0,0,40
2022-02-09,4,119,57.12,0,0,51
2022-05-11,4,119,46.98,1,0,87
2022-07-31,4,119,22.4,0,0,63
2022-10-20,4,119,6.9,1,0,80
2026-03-25,4,119,84.06,0,0,38
2026-07-03,4,119,17.99,0,0,54
2027-08-15,4,119,26.24,0,1,53
2027-11-24,4,119,18.09,1,0,45
2032-05-01,4,119,8.1,0,0,50
2032-07-27,4,119,89.28,0,0,46
2034-12-16,4,119,88.97,0,0,36
2022-02-10,9,108,97.47,0,0,22
2025-11-08,9,108,80.77,0,0,36
2025-12-03,9,108,59.31,1,0,51
2026-06-26,9,108,34.83,0,0,29
2028-09-01,9,108,72.11,0,0,26
2029-06-11,9,108,86.91,1,0,39
2029-09-19,9,108,28.77,0,0,44
2031-08-25,9,108,11.18,0,0,54
2032-03-12,9,108,52.0,0,0,57
2032-05-18,9,108,41.99,0,0,33
2032-12-04,9,108,64.14,0,0,61
2034-04-02,9,108,45.79,0,0,49
2034-05-12,9,108,9.27,0,0,60
2035-01-06,9,108,46.8,0,0,33
2022-02-11,2,131,46.68,0,0,24
2022-04-11,2,131,9.79,0,0,34
2022-05-15,2,131,68.51,0,0,24
2022-09-18,2,131,78.66,0,0,40
2024-11-12,2,131,97.67,0,0,29
2029-05-01,2,131,36.92,0,0,33
2029-07-11,2,131,78.76,0,0,11
2029-10-09,2,131,96.78,1,0,56
2034-09-12,2,131,78.46,0,0,27
2035-07-22,2,131,65.01,0,0,40
2022-02-12,10,103,56.37,0,0,30
2023-04-01,10,103,92.59,0,0,41
2023-11-01,10,103,16.24,0,0,48
2024-05-25,10,103,39.04,1,0,63
2027-04-10,10,103,93.4,0,1,27
2027-04-13,10,103,51.84,0,0,43
2027-05-06,10,103,70.51,0,1,46
2028-01-18,10,103,37.22,1,0,55
2029-07-01,10,103,91.23,0,0,36
2031-07-04,10,103,35.27,1,0,64
2034-02-12,10,103,65.41,0,1,48
2034-06-04,10,103,54.27,0,0,44
2022-02-13,9,149,96.96,0,0,30
2023-11-25,9,149,63.03,1,0,60
2024-11-03,9,149,97.97,1,0,38
2025-04-15,9,149,35.78,0,0,46
2025-06-06,9,149,30.29,0,0,52
2025-07-15,9,149,10.3,1,0,74
2026-07-12,9,149,79.1,0,0,41
2026-07-17,9,149,79.42,0,0,49
2026-08-04,9,149,44.91,0,0,35
2026-12-01,9,149,70.92,0,0,26
2028-02-25,9,149,64.24,0,0,16
2028-06-14,9,149,68.72,0,0,31
2029-07-26,9,149,12.5,1,0,67
2029-08-06,9,149,47.07,1,0,84
2030-02-26,9,149,17.46,1,0,56
2031-02-20,9,149,86.82,1,0,52
2035-06-26,9,149,70.26,0,0,27
2022-02-14,10,117,29.24,0,0,53
2024-06-03,10,117,19.55,0,0,48
2025-07-28,10,117,8.38,0,0,47
2026-06-14,10,117,31.79,1,0,46
2026-10-20,10,117,24.57,0,0,43
2029-05-23,10,117,59.58,0,0,18
2031-05-26,10,117,93.4,0,0,26
2032-12-09,10,117,40.37,1,0,75
2035-01-05,10,117,70.18,1,1,49
2035-06-24,10,117,15.72,0,0,67
2035-09-04,10,117,22.44,0,0,53
2022-02-15,5,104,86.55,0,0,36
2025-02-08,5,104,93.34,0,0,22
2027-03-21,5,104,64.38,1,0,55
2028-01-27,5,104,17.26,1,0,72
2028-05-09,5,104,14.03,0,0,49
2028-05-25,5,104,66.02,0,0,21
2028-08-22,5,104,83.64,0,0,37
2029-01-20,5,104,12.57,1,0,80
2030-01-01,5,104,43.76,0,0,26
2030-06-10,5,104,72.78,1,1,64
2033-01-05,5,104,77.33,0,0,22
2034-01-31,5,104,82.11,0,0,34
2035-02-18,5,104,7.69,0,0,42
2022-02-16,2,119,56.91,0,1,48
2024-06-01,2,119,42.69,1,0,59
2025-01-10,2,119,17.12,1,0,74
2025-04-26,2,119,97.11,0,0,15
2025-12-10,2,119,14.71,0,0,39
2027-05-26,2,119,65.26,0,0,16
2027-09-09,2,119,99.0,0,0,20
2028-05-10,2,119,95.3,0,0,48
2028-10-04,2,119,35.21,0,0,31
2030-11-07,2,119,11.88,0,0,52
2030-12-17,2,119,88.65,0,0,20
2031-08-11,2,119,99.23,0,0,40
2032-06-27,2,119,27.86,0,0,47
2032-12-17,2,119,41.35,1,0,54
2033-09-27,2,119,66.28,0,0,44
2033-12-18,2,119,58.8,0,0,51
2022-02-17,4,122,59.1,0,0,35
2023-03-07,4,122,33.1,0,0,40
2023-05-19,4,122,75.26,0,0,36
2024-09-15,4,122,98.74,0,0,31
2024-11-22,4,122,91.38,0,0,21
2025-03-30,4,122,71.87,1,0,65
2026-03-18,4,122,29.56,1,0,53
2026-07-22,4,122,12.85,0,0,62
2027-05-28,4,122,65.88,1,0,63
2027-09-15,4,122,21.97,1,0,79
2028-07-26,4,122,19.88,0,0,53
2031-05-09,4,122,36.8,0,0,32
2033-03-20,4,122,9.2,0,1,67
2033-06-14,4,122,23.28,0,0,50
2034-01-08,4,122,54.45,1,0,75
2035-06-10,4,122,28.99,1,0,60
2022-02-18,7,110,37.6,1,1,84
2022-04-28,7,110,38.16,0,0,29
2023-12-02,7,110,75.93,0,0,25
2028-06-22,7,110,9.19,0,0,38
2031-06-18,7,110,70.89,0,0,54
2032-01-13,7,110,14.23,0,1,44
2032-07-03,7,110,23.38,1,0,66
2033-04-21,7,110,49.98,0,0,28
2033-07-14,7,110,99.11,0,1,69
2022-02-20,3,121,11.95,0,0,56
2024-01-14,3,121,35.02,0,0,43
2024-08-04,3,121,29.92,1,0,85
2025-05-08,3,121,38.85,0,0,23
2028-06-30,3,121,34.45,0,0,47
2029-03-05,3,121,78.74,0,0,25
2029-11-16,3,121,22.83,0,1,40
2034-04-27,3,121,12.63,1,0,80
2022-02-21,1,103,77.64,0,0,23
2022-08-09,1,103,64.47,0,1,62
2023-03-29,1,103,89.21,0,0,50
2026-02-20,1,103,80.12,0,0,59
2026-06-06,1,103,50.94,1,0,74
2027-02-19,1,103,38.99,0,0,38
2029-03-29,1,103,98.1,0,0,38
2029-08-04,1,103,38.59,0,0,53
2031-02-27,1,103,83.53,1,0,58
2022-02-22,4,128,32.05,0,0,61
2022-09-25,4,128,20.98,0,0,59
2025-05-15,4,128,37.69,0,0,69
2027-08-24,4,128,84.9,1,0,65
2028-09-02,4,128,32.6,1,1,79
2028-09-06,4,128,31.48,0,0,55
2028-12-29,4,128,45.71,0,0,47
2029-08-03,4,128,55.38,0,0,17
2029-12-13,4,128,77.86,1,0,55
2031-12-15,4,128,65.37,1,0,62
2032-02-06,4,128,85.37,0,0,24
2033-01-26,4,128,71.17,0,0,49
2033-07-23,4,128,45.33,0,0,30
2034-06-20,4,128,90.9,0,0,31
2022-02-23,2,143,89.32,0,0,40
2022-11-08,2,143,70.87,0,0,27
2023-06-20,2,143,18.74,1,0,60
2023-06-30,2,143,10.2,1,0,78
2023-12-10,2,143,50.77,0,0,32
2026-02-25,2,143,11.0,1,0,76
2026-03-08,2,143,69.04,1,0,33
2027-08-03,2,143,55.61,0,0,16
2028-01-28,2,143,55.02,0,0,55
2029-06-01,2,143,57.49,0,1,64
2029-08-08,2,143,73.71,0,0,24
2031-09-03,2,143,17.94,1,0,64
2032-11-04,2,143,16.55,0,0,36
2035-05-14,2,143,24.79,0,0,52
2022-02-24,8,133,39.95,0,0,21
2022-06-03,8,133,12.67,0,0,50
2022-07-15,8,133,20.54,1,0,70
2022-09-01,8,133,19.11,0,0,46
2023-07-07,8,133,41.59,0,0,44
2024-09-24,8,133,17.74,0,0,47
2025-03-13,8,133,87.84,0,0,24
2025-05-18,8,133,77.32,0,0,51
2026-06-21,8,133,8.47,0,0,47
2032-07-08,8,133,68.26,0,0,14
2033-05-29,8,133,46.6,1,0,58
2033-12-26,8,133,51.58,0,0,36
2034-05-21,8,133,67.81,0,0,31
2034-11-07,8,133,8.16,0,0,58
2022-02-25,4,112,18.57,0,0,52
2022-05-20,4,112,87.43,1,0,54
2024-12-08,4,112,24.4,0,0,46
2027-09-17,4,112,79.7,0,0,29
2029-03-09,4,112,45.77,0,0,35
2031-12-20,4,112,17.8,0,0,42
2031-12-26,4,112,37.59,0,0,11
2032-03-20,4,112,81.66,0,0,44
2035-01-07,4,112,41.03,0,1,52
