Sales_data.csv
date,store_id,product_id,price,promotion,holiday,sales
2022-02-26,2,141,71.11,0,0,41
2024-06-09,2,141,17.34,0,0,47
2025-04-06,2,141,70.48,1,0,41
2026-10-07,2,141,86.9,0,1,49
2027-01-27,2,141,58.23,0,0,24
2027-10-31,2,141,30.53,0,0,40
2028-07-22,2,141,38.48,0,0,34
2029-02-04,2,141,30.78,1,0,71
2029-07-10,2,141,70.25,0,0,17
2031-01-06,2,141,69.85,0,0,27
2032-09-17,2,141,49.71,0,0,28
2033-04-09,2,141,84.26,0,0,36
2033-08-04,2,141,69.17,0,0,58
2033-08-08,2,141,61.48,1,0,72
2022-02-27,6,108,20.63,0,0,50
2022-06-10,6,108,53.36,0,0,35
2025-02-07,6,108,94.85,0,0,27
2025-04-21,6,108,71.79,1,0,41
2027-07-16,6,108,88.14,1,0,56
2027-11-14,6,108,48.92,1,0,74
2028-10-11,6,108,40.47,0,0,42
2028-12-13,6,108,64.77,1,0,60
2029-01-30,6,108,9.25,0,0,44
2030-03-22,6,108,28.79,0,0,29
2030-12-13,6,108,9.59,0,0,62
2031-03-17,6,108,21.23,0,0,63
2031-10-09,6,108,53.97,0,0,42
2033-08-15,6,108,12.56,1,0,55
2033-10-14,6,108,89.47,0,1,42
2034-02-16,6,108,84.65,1,0,58
2022-02-28,6,141,76.6,1,0,63
2025-04-24,6,141,95.84,1,0,74
2027-02-01,6,141,71.73,0,0,41
2028-08-19,6,141,26.65,0,0,46
2029-08-15,6,141,5.02,0,0,70
2031-08-10,6,141,34.31,0,0,39
2033-06-04,6,141,43.39,1,0,64
2033-07-27,6,141,64.8,0,0,40
2022-03-01,10,130,96.97,0,0,33
2022-03-07,10,130,10.32,0,0,38
2022-04-06,10,130,67.69,1,0,64
2022-08-14,10,130,53.75,0,0,36
2023-05-31,10,130,48.88,0,1,58
2023-07-01,10,130,45.05,0,0,19
2024-07-13,10,130,91.51,0,0,2
2026-09-04,10,130,45.74,0,0,41
2027-05-24,10,130,79.53,1,0,62
2028-01-24,10,130,32.2,0,0,37
2028-07-19,10,130,19.81,1,0,60
2028-12-09,10,130,50.5,1,0,62
2030-06-20,10,130,73.31,1,0,38
2031-01-04,10,130,64.2,0,0,30
2032-10-15,10,130,95.87,1,0,48
2033-04-23,10,130,74.99,1,0,65
2034-04-04,10,130,21.01,0,0,53
2022-03-02,4,106,79.06,1,0,31
2023-01-08,4,106,86.28,0,0,41
2024-02-16,4,106,88.59,1,1,68
2025-09-10,4,106,64.08,0,0,27
2026-02-14,4,106,44.58,0,1,39
2026-04-26,4,106,41.58,0,0,36
2027-10-10,4,106,64.52,1,0,65
2027-12-20,4,106,22.92,0,0,30
2029-04-16,4,106,83.22,0,0,49
2029-04-25,4,106,55.12,1,0,58
2032-02-09,4,106,99.94,0,0,44
2032-09-16,4,106,74.77,1,0,49
2032-09-21,4,106,60.91,0,0,39
2032-10-13,4,106,95.24,0,0,42
2022-03-04,2,118,61.99,0,0,21
2022-11-16,2,118,43.46,1,0,74
2025-12-21,2,118,27.81,0,0,57
2026-06-16,2,118,54.58,0,0,42
2027-09-24,2,118,26.37,1,0,77
2029-06-27,2,118,19.23,1,0,63
2033-09-17,2,118,49.63,0,0,31
2034-10-29,2,118,98.92,1,1,66
2035-03-18,2,118,15.12,0,1,52
2022-03-05,10,141,71.06,0,0,27
2022-12-21,10,141,51.77,0,0,59
2023-03-09,10,141,84.86,1,0,66
2024-11-01,10,141,15.08,0,0,55
2026-07-08,10,141,60.43,0,0,25
2026-08-26,10,141,21.11,0,0,60
2029-11-01,10,141,6.1,0,1,64
2030-03-14,10,141,86.74,1,0,61
2030-05-24,10,141,17.33,0,0,31
2032-04-27,10,141,38.26,0,0,39
2032-10-05,10,141,49.35,0,0,32
2033-12-04,10,141,38.52,0,0,40
2034-06-29,10,141,34.5,0,1,66
2022-03-06,2,129,83.42,1,0,61
2023-04-04,2,129,57.92,1,0,53
2023-05-05,2,129,77.66,0,0,40
2025-05-21,2,129,35.23,0,0,33
2026-04-14,2,129,7.92,0,0,62
2028-08-03,2,129,53.52,0,0,30
2029-11-20,2,129,74.14,0,0,45
2031-05-18,2,129,92.72,0,0,57
2034-07-01,2,129,8.64,1,0,75
2034-07-17,2,129,12.07,1,0,67
2022-03-08,4,134,50.61,0,0,36
2022-09-12,4,134,85.08,0,0,40
2023-08-15,4,134,86.5,0,0,13
2024-01-09,4,134,66.14,1,1,47
2024-08-14,4,134,63.49,0,0,38
2024-11-08,4,134,28.67,1,0,61
2027-04-01,4,134,91.53,1,0,53
2027-12-28,4,134,28.3,1,0,97
2028-05-23,4,134,25.78,1,0,51
2029-09-29,4,134,10.13,1,0,77
2030-04-19,4,134,85.86,1,0,58
2030-07-04,4,134,20.58,0,0,37
2031-01-24,4,134,7.43,1,0,53
2031-11-09,4,134,51.91,0,0,25
2034-05-15,4,134,22.07,1,0,60
2034-07-24,4,134,89.84,0,0,22
2022-03-09,8,120,55.86,0,0,38
2022-03-30,8,120,47.34,0,1,69
2024-10-02,8,120,54.74,0,0,35
2025-01-23,8,120,24.74,0,0,40
2025-11-18,8,120,39.85,0,0,42
2027-05-20,8,120,44.89,0,0,34
2027-07-14,8,120,88.3,0,0,24
2028-03-27,8,120,33.96,0,0,39
2030-11-13,8,120,66.06,0,0,48
2031-04-19,8,120,47.68,0,0,43
2031-12-21,8,120,43.76,0,0,44
2032-11-03,8,120,79.68,1,0,60
2033-01-20,8,120,45.61,0,1,66
2033-11-25,8,120,28.98,0,0,43
2034-03-26,8,120,69.44,0,0,52
2022-03-10,7,130,21.07,0,0,63
2022-12-17,7,130,41.5,1,0,80
2028-10-15,7,130,30.69,0,0,33
2028-11-15,7,130,15.39,0,1,38
2030-06-27,7,130,60.57,0,0,42
2031-02-04,7,130,11.26,0,0,38
2032-12-23,7,130,75.72,0,0,27
2035-07-17,7,130,26.51,1,0,65
2022-03-12,8,130,46.82,0,0,41
2022-09-11,8,130,82.67,0,1,61
2024-11-19,8,130,15.55,0,0,47
2025-12-07,8,130,77.11,1,0,40
2027-01-06,8,130,48.54,1,0,29
2027-04-20,8,130,58.44,1,0,66
2028-09-15,8,130,95.87,0,0,41
2029-01-04,8,130,45.39,0,0,28
2029-10-05,8,130,64.34,0,0,38
2032-02-27,8,130,29.41,0,0,39
2032-03-23,8,130,63.9,0,0,18
2034-10-26,8,130,72.21,1,0,63
2022-03-14,2,101,93.29,0,0,30
2022-06-28,2,101,72.07,0,0,30
2025-02-10,2,101,12.47,0,0,53
2025-08-16,2,101,68.19,0,0,37
2026-06-17,2,101,19.76,0,0,44
2026-11-10,2,101,88.14,0,0,23
2027-06-22,2,101,5.81,0,0,44
2027-10-03,2,101,83.41,0,0,32
2029-04-23,2,101,9.13,0,0,47
2029-06-16,2,101,93.34,0,0,23
2032-11-11,2,101,6.35,0,0,53
2033-06-11,2,101,8.53,1,1,86
2033-08-09,2,101,32.63,0,0,64
2034-02-09,2,101,10.2,0,0,43
2034-09-21,2,101,28.01,0,1,44
2022-03-15,5,109,64.7,0,0,50
2023-08-11,5,109,84.84,0,0,25
2026-11-27,5,109,62.73,0,0,55
2028-03-04,5,109,29.99,0,0,40
2028-05-29,5,109,51.61,1,0,45
2028-07-20,5,109,24.61,0,0,30
2030-03-03,5,109,54.29,0,0,48
2033-07-26,5,109,85.52,1,1,34
2034-02-20,5,109,39.41,0,0,35
2034-02-23,5,109,34.17,0,0,36
2035-05-15,5,109,16.91,0,0,65
2022-03-16,8,101,42.52,0,0,49
2022-09-30,8,101,69.31,0,0,29
2024-07-02,8,101,17.78,1,1,66
2025-01-03,8,101,62.84,1,0,31
2025-01-21,8,101,95.83,0,0,55
2026-02-23,8,101,5.56,0,0,60
2027-04-16,8,101,81.26,0,0,45
2028-06-08,8,101,96.57,0,0,28
2028-11-20,8,101,90.52,0,1,53
2029-09-21,8,101,75.55,1,0,76
2030-04-07,8,101,28.26,0,1,54
2030-05-03,8,101,64.94,1,0,64
2030-07-18,8,101,81.58,0,0,24
2030-12-12,8,101,94.78,1,0,27
2031-10-08,8,101,21.6,0,0,55
2033-09-24,8,101,93.48,1,0,54
2034-02-28,8,101,11.65,0,0,44
2034-03-02,8,101,62.18,0,0,45
2022-03-18,9,123,98.3,0,0,25
2025-04-27,9,123,75.89,0,0,26
2027-10-23,9,123,29.57,0,0,48
2031-05-23,9,123,68.29,1,0,69
2031-05-29,9,123,42.73,0,0,34
2032-09-24,9,123,99.32,0,0,24
2033-05-25,9,123,73.31,0,0,57
2033-06-30,9,123,87.5,0,0,32
2034-10-28,9,123,60.54,0,0,30
2022-03-19,9,116,98.39,1,0,57
2022-04-07,9,116,46.0,1,0,54
2024-11-20,9,116,47.06,0,0,44
2025-03-27,9,116,39.37,0,0,44
2025-11-24,9,116,88.54,0,0,38
2026-01-06,9,116,93.08,0,0,30
2027-07-17,9,116,53.66,0,0,38
2027-11-04,9,116,90.9,1,0,34
2028-04-19,9,116,68.74,0,0,53
2030-10-10,9,116,6.83,1,0,72
2030-12-04,9,116,83.16,0,0,26
2032-09-18,9,116,25.08,0,0,55
2033-09-19,9,116,18.55,0,1,52
2022-03-20,1,131,92.87,0,0,28
2022-06-15,1,131,16.68,0,0,52
2024-05-05,1,131,78.83,1,0,51
2024-12-14,1,131,36.13,0,0,50
2028-02-28,1,131,30.97,0,0,34
2029-12-07,1,131,59.94,1,0,57
2029-12-26,1,131,30.22,1,0,80
2030-04-29,1,131,31.88,0,0,52
2032-06-09,1,131,21.62,1,0,69
2034-07-21,1,131,47.51,1,0,49
2035-04-12,1,131,29.0,0,0,54
2022-03-21,9,115,79.64,1,0,68
2022-08-18,9,115,13.5,0,0,40
2026-02-06,9,115,19.1,0,0,41
2027-05-07,9,115,69.53,0,0,45
2029-03-19,9,115,88.39,0,0,20
2030-08-21,9,115,18.96,0,0,43
2032-06-23,9,115,87.62,0,0,25
2033-07-03,9,115,41.16,0,0,42
2033-12-01,9,115,79.39,1,0,53
2022-03-22,7,115,35.95,0,0,37
2024-01-06,7,115,78.05,1,0,48
2024-10-25,7,115,88.12,1,0,82
2025-01-15,7,115,46.51,1,0,57
2025-08-21,7,115,96.98,0,0,22
2026-02-04,7,115,52.47,0,0,22
2027-03-19,7,115,46.91,1,0,80
2030-11-20,7,115,37.88,0,0,35
2030-11-22,7,115,85.46,0,0,41
2030-11-24,7,115,33.18,0,0,47
2033-01-22,7,115,32.16,0,0,55
2034-06-14,7,115,58.38,1,0,62
2022-03-23,9,145,82.62,0,0,43
2022-09-16,9,145,8.34,0,1,56
2023-04-29,9,145,35.08,0,0,32
2023-09-25,9,145,50.71,0,1,48
2027-01-23,9,145,16.88,0,0,56
2029-09-23,9,145,91.87,1,0,48
2031-11-20,9,145,46.16,0,0,60
2032-07-13,9,145,49.26,0,0,37
2032-09-08,9,145,41.18,1,0,55
2033-01-23,9,145,45.58,0,0,44
2022-03-24,8,138,43.84,0,0,38
2022-11-14,8,138,87.37,1,0,28
2028-07-14,8,138,46.72,0,0,50
2028-09-14,8,138,99.48,0,0,36
2029-04-13,8,138,99.66,1,0,51
2029-12-14,8,138,44.53,0,0,36
2032-01-15,8,138,69.31,0,0,46
2032-10-24,8,138,44.0,0,0,53
2033-09-16,8,138,26.9,0,0,67
2034-04-13,8,138,34.01,0,1,46
2034-08-24,8,138,99.73,0,0,26
2035-04-10,8,138,40.79,0,0,48
2022-03-25,1,130,36.04,1,0,47
2022-06-26,1,130,21.73,0,0,38
2024-12-28,1,130,17.71,0,0,45
2027-02-20,1,130,94.46,0,0,12
2027-12-18,1,130,22.06,0,1,86
2028-06-03,1,130,49.13,0,0,53
2030-04-22,1,130,89.63,0,0,35
2032-10-18,1,130,8.3,0,0,47
2034-06-27,1,130,78.01,1,0,48
2022-03-27,8,123,12.57,0,0,65
2023-04-09,8,123,25.22,0,0,56
2024-03-27,8,123,29.66,0,0,42
2024-12-11,8,123,14.82,1,0,52
2026-05-18,8,123,78.3,0,0,40
2027-04-28,8,123,96.29,0,0,50
2029-03-14,8,123,29.66,0,1,31
2029-10-28,8,123,78.15,0,0,32
2031-01-13,8,123,74.8,0,0,29
2032-02-22,8,123,61.33,0,0,13
2032-09-14,8,123,70.42,1,0,69
2033-03-30,8,123,63.44,1,0,37
2035-01-16,8,123,76.38,0,0,51
2035-08-22,8,123,94.92,0,0,13
2022-03-28,3,100,9.61,0,0,56
2024-12-18,3,100,90.64,0,0,42
2025-05-19,3,100,95.75,0,0,18
2027-03-24,3,100,8.93,0,0,46
2027-08-27,3,100,27.51,0,1,43
2027-11-11,3,100,63.54,1,0,64
2027-11-29,3,100,71.05,0,0,39
2033-09-14,3,100,66.57,0,0,31
2034-11-16,3,100,49.77,0,0,50
2035-03-04,3,100,70.06,1,0,67
2022-03-29,1,110,47.56,1,0,56
2023-01-31,1,110,26.26,0,0,27
2024-03-16,1,110,35.69,0,0,56
2024-06-20,1,110,78.88,1,0,61
2024-09-27,1,110,33.0,0,1,62
2028-05-27,1,110,25.66,1,1,90
2030-06-13,1,110,95.67,0,0,31
2032-10-26,1,110,75.53,0,0,46
2033-04-15,1,110,73.83,0,0,39
2034-02-05,1,110,29.48,0,0,18
2022-03-31,3,103,90.09,0,0,31
2022-04-20,3,103,37.4,1,0,56
2024-05-19,3,103,46.71,0,1,52
2025-07-06,3,103,55.61,1,1,72
2025-11-09,3,103,56.1,0,0,35
2027-05-21,3,103,53.28,0,1,43
2027-10-16,3,103,68.51,0,0,22
2028-01-03,3,103,78.91,1,0,64
2030-09-25,3,103,16.83,0,0,30
2033-06-17,3,103,13.31,0,0,57
2033-10-04,3,103,26.18,0,0,35
2035-04-04,3,103,69.2,1,0,78
2022-04-01,3,106,16.98,0,0,63
2023-03-10,3,106,49.92,1,0,48
2023-04-03,3,106,17.23,0,0,46
2024-10-10,3,106,26.92,1,1,98
2026-09-05,3,106,42.94,0,0,23
2027-08-08,3,106,52.64,0,0,38
2031-06-14,3,106,43.49,0,0,44
2035-06-25,3,106,45.97,0,0,35
2022-04-02,1,125,16.71,1,0,60
2022-10-17,1,125,32.68,0,0,53
2023-05-18,1,125,57.77,1,0,45
2023-10-03,1,125,95.56,0,0,19
2023-11-06,1,125,17.85,0,0,55
2024-05-24,1,125,78.51,0,0,29
2026-12-18,1,125,58.08,0,1,64
2029-09-20,1,125,70.26,0,1,43
2030-07-20,1,125,39.96,1,0,57
2031-07-15,1,125,53.69,1,0,59
2032-06-10,1,125,61.66,1,0,72
2033-04-02,1,125,26.43,0,0,44
2033-08-06,1,125,69.89,0,0,33
2034-08-20,1,125,47.71,0,0,35
2022-04-03,5,146,19.01,1,0,65
2022-10-24,5,146,18.32,0,0,53
2023-08-08,5,146,98.34,0,0,30
2023-11-28,5,146,46.39,1,0,64
2024-06-04,5,146,5.94,1,0,67
2025-04-22,5,146,32.69,1,0,68
2027-12-01,5,146,70.92,0,0,39
2029-06-03,5,146,24.03,0,0,41
2031-10-10,5,146,29.84,0,0,41
2031-12-29,5,146,97.08,0,0,28
2034-06-07,5,146,76.56,0,0,30
2022-04-08,7,132,77.54,0,1,53
2023-06-15,7,132,36.04,0,1,80
2025-07-31,7,132,6.71,0,0,43
2027-08-26,7,132,18.22,0,0,56
2030-01-09,7,132,57.82,0,0,39
2030-01-21,7,132,66.13,0,0,40
2032-07-05,7,132,7.95,0,1,47
2032-09-22,7,132,6.05,0,0,59
2033-09-23,7,132,31.54,0,0,29
2035-07-29,7,132,81.43,0,0,20
2022-04-09,9,110,99.3,1,0,57
2023-01-26,9,110,95.38,0,0,41
2024-10-31,9,110,39.86,0,0,41
2026-04-28,9,110,44.68,0,1,60
2026-05-14,9,110,71.96,0,0,41
2026-06-24,9,110,13.21,1,0,59
2028-06-04,9,110,98.0,0,0,17
2029-03-25,9,110,73.55,1,0,46
2031-06-04,9,110,15.43,1,0,65
2032-10-14,9,110,15.91,1,0,63
2034-04-19,9,110,76.07,1,0,65
2034-10-24,9,110,64.51,0,0,27
2035-02-06,9,110,80.34,0,0,38
2022-04-10,8,127,67.61,0,0,52
2022-11-24,8,127,88.95,0,0,40
2023-01-02,8,127,27.65,0,0,31
2025-10-05,8,127,20.87,1,0,62
2027-07-08,8,127,24.57,0,0,53
2029-01-15,8,127,37.44,0,0,39
2029-03-15,8,127,67.83,0,0,48
2029-05-02,8,127,19.68,1,0,73
2029-12-31,8,127,51.43,0,0,54
2030-02-08,8,127,32.36,0,1,53
2031-03-25,8,127,56.64,0,0,32
2031-09-14,8,127,30.45,0,0,40
2033-01-27,8,127,30.76,0,0,47
2034-01-06,8,127,89.36,0,0,35
2034-05-29,8,127,56.01,1,0,69
2022-04-12,1,100,14.93,1,0,49
2022-06-21,1,100,6.28,0,0,53
2022-10-23,1,100,86.12,0,0,35
2023-03-24,1,100,43.58,0,0,44
2023-05-17,1,100,60.07,0,0,46
2024-10-23,1,100,94.95,0,0,41
2025-05-01,1,100,38.99,1,0,52
2025-06-13,1,100,11.82,0,0,36
2026-06-03,1,100,35.73,0,0,49
2027-08-07,1,100,47.88,1,0,48
2028-01-22,1,100,13.95,0,0,51
2029-02-01,1,100,30.37,0,0,35
2029-05-04,1,100,39.82,0,0,11
2033-08-20,1,100,47.65,0,0,44
2033-12-15,1,100,9.09,1,0,83
2033-12-30,1,100,16.67,0,1,84
2034-03-07,1,100,47.75,0,0,60
2035-04-03,1,100,72.02,0,0,54
2022-04-14,7,127,55.11,1,0,66
2023-02-07,7,127,69.22,1,0,69
2023-07-23,7,127,92.53,0,0,42
2024-03-09,7,127,30.7,0,0,47
2027-08-18,7,127,19.64,0,0,51
2027-12-10,7,127,43.63,0,0,56
2028-08-08,7,127,26.34,1,0,63
2029-08-28,7,127,42.03,1,1,65
2030-01-08,7,127,48.94,0,1,40
2031-06-24,7,127,51.08,0,0,17
2032-03-29,7,127,97.24,0,0,10
2033-02-28,7,127,39.77,0,0,50
2033-11-26,7,127,59.77,1,0,71
2034-08-25,7,127,79.12,0,0,29
2035-05-25,7,127,28.36,1,1,68
2035-08-21,7,127,43.29,0,0,40
2022-04-15,8,141,83.36,0,0,19
2022-04-18,8,141,95.23,0,0,38
2024-05-11,8,141,94.51,1,0,58
2024-09-02,8,141,52.46,0,0,35
2025-03-16,8,141,96.42,0,0,6
2026-08-20,8,141,14.35,0,0,36
2027-04-03,8,141,54.37,0,0,45
2029-08-18,8,141,61.97,1,0,79
2031-08-23,8,141,9.73,0,0,45
2033-07-31,8,141,33.21,0,0,44
2033-09-02,8,141,96.18,1,0,55
2034-03-04,8,141,48.55,0,0,29
2034-10-19,8,141,80.07,0,1,60
2022-04-16,5,106,86.38,0,0,46
2022-08-23,5,106,70.35,0,0,21
2024-08-20,5,106,8.44,1,0,61
2024-09-06,5,106,59.35,1,0,52
2025-02-23,5,106,15.54,0,0,52
2025-04-04,5,106,10.97,0,0,43
2025-04-07,5,106,62.73,0,0,42
2025-06-28,5,106,91.63,0,0,42
2026-11-12,5,106,58.39,1,0,74
2028-01-23,5,106,65.21,1,0,45
2028-06-06,5,106,38.96,1,0,78
2028-06-18,5,106,24.99,0,0,54
2028-12-01,5,106,94.46,0,0,38
2029-12-24,5,106,96.72,0,0,34
2032-02-01,5,106,46.08,0,0,21
2032-12-03,5,106,44.6,0,0,37
2033-09-10,5,106,30.39,0,0,57
2022-04-19,6,123,57.71,0,1,71
2023-07-09,6,123,88.09,1,0,52
2024-05-15,6,123,81.55,0,0,29
2025-11-21,6,123,52.22,0,0,53
2028-05-08,6,123,63.48,1,1,90
2030-05-01,6,123,88.14,1,0,44
2031-06-29,6,123,49.68,0,0,44
2033-10-01,6,123,19.67,0,1,54
2034-08-27,6,123,31.39,0,0,48
2035-06-15,6,123,75.35,0,0,26
2022-04-21,1,143,96.38,0,0,20
2023-03-25,1,143,15.7,0,0,52
2024-08-13,1,143,34.5,0,0,45
2025-06-29,1,143,75.2,1,1,77
2026-03-02,1,143,64.61,1,0,52
2026-11-03,1,143,98.77,0,0,38
2027-01-09,1,143,13.56,0,1,53
2029-03-06,1,143,97.29,0,0,13
2031-03-20,1,143,67.58,1,0,71
2032-07-30,1,143,94.53,1,0,40
2034-07-31,1,143,87.55,1,0,62
2034-08-05,1,143,25.83,0,0,24
2022-04-22,3,118,57.0,0,0,47
2022-09-15,3,118,5.52,1,0,80
2023-02-13,3,118,62.79,0,1,57
2025-06-02,3,118,87.79,0,0,38
2026-04-04,3,118,31.76,0,0,37
2026-10-08,3,118,84.72,0,0,29
2027-08-25,3,118,53.78,1,0,61
2028-03-26,3,118,83.39,0,1,37
2029-12-10,3,118,7.01,0,0,57
2030-11-01,3,118,58.94,1,0,63
2031-10-25,3,118,29.75,1,0,48
2032-11-05,3,118,16.06,0,0,47
2033-10-13,3,118,56.51,0,0,32
2035-02-22,3,118,19.38,0,1,71
2035-04-16,3,118,25.59,1,0,40
2022-04-23,5,125,11.1,1,0,74
2022-06-05,5,125,79.44,1,0,28
2025-04-19,5,125,58.43,0,0,33
2026-05-10,5,125,85.41,0,0,26
2026-08-27,5,125,82.65,0,0,37
2026-10-23,5,125,10.97,0,0,63
2028-08-28,5,125,43.4,0,0,29
2028-11-05,5,125,73.56,0,0,48
2029-03-08,5,125,34.01,0,0,44
2029-04-18,5,125,80.05,0,0,40
2029-12-25,5,125,44.54,1,0,71
2032-05-12,5,125,40.99,0,1,48
2034-12-22,5,125,28.07,0,0,48
2022-04-24,3,110,66.06,0,0,34
2022-10-11,3,110,90.64,1,0,72
2022-12-19,3,110,19.12,0,0,27
2023-01-09,3,110,55.42,1,0,91
2027-01-31,3,110,59.83,1,0,59
2028-09-07,3,110,49.74,0,0,48
2028-09-21,3,110,81.08,0,0,46
2029-11-06,3,110,39.94,0,0,37
2032-02-04,3,110,24.48,0,0,35
2032-11-13,3,110,82.17,1,0,64
2022-04-25,1,139,60.83,1,0,69
2024-02-14,1,139,83.51,0,0,28
2024-12-12,1,139,22.16,0,0,40
2026-10-04,1,139,62.37,0,0,21
2027-07-20,1,139,71.58,0,0,37
2027-09-03,1,139,73.11,0,0,17
2030-09-05,1,139,55.48,0,1,69
2030-11-25,1,139,89.5,0,0,31
2031-10-31,1,139,52.09,1,0,42
2032-03-05,1,139,51.99,0,0,63
2035-01-08,1,139,78.31,0,0,51
2022-04-29,7,144,96.79,1,0,44
2022-08-06,7,144,6.75,0,0,42
2022-10-01,7,144,52.24,1,0,51
2023-11-14,7,144,59.61,1,1,87
2027-09-11,7,144,29.21,0,0,43
2027-11-28,7,144,61.07,0,0,28
2028-05-15,7,144,7.41,1,0,77
2029-03-07,7,144,49.31,1,0,42
2029-05-17,7,144,21.33,1,0,49
2031-08-30,7,144,13.92,0,0,55
2022-04-30,9,102,81.15,0,0,22
2022-08-03,9,102,75.2,0,0,45
2023-11-05,9,102,53.67,0,1,41
2024-06-15,9,102,74.39,0,1,51
2024-09-26,9,102,87.49,0,0,28
2024-12-06,9,102,81.29,0,1,59
2026-03-28,9,102,25.31,1,0,48
2026-04-30,9,102,15.79,1,0,68
2027-09-04,9,102,88.29,0,0,19
2029-02-06,9,102,69.72,0,0,34
2033-05-10,9,102,77.78,1,0,72
2034-07-09,9,102,76.67,1,0,70
2022-05-01,10,111,64.89,0,0,52
2022-06-08,10,111,96.25,0,0,27
2022-08-17,10,111,11.76,0,0,64
2023-06-13,10,111,6.51,0,0,60
2025-07-18,10,111,73.52,0,0,47
2026-06-18,10,111,68.33,0,0,45
2026-10-16,10,111,15.29,0,0,38
2027-02-27,10,111,75.01,0,0,52
2029-12-27,10,111,33.75,1,1,60
2030-02-18,10,111,21.86,0,0,51
2031-10-01,10,111,63.08,0,0,54
2032-01-07,10,111,78.34,1,0,65
2033-03-18,10,111,87.34,1,0,41
2033-07-29,10,111,89.55,0,0,32
2034-08-16,10,111,85.4,0,0,45
2034-12-14,10,111,86.37,0,0,10
2022-05-02,10,102,32.83,0,0,56
2023-02-22,10,102,26.97,1,0,41
2023-06-22,10,102,18.5,0,0,46
2023-08-30,10,102,85.98,0,0,23
2023-09-05,10,102,62.34,0,1,63
2024-10-18,10,102,93.44,0,0,21
2027-05-12,10,102,80.36,0,0,24
2028-02-29,10,102,92.84,0,1,44
2028-04-02,10,102,48.48,1,0,42
2028-11-13,10,102,5.96,1,0,81
2032-07-16,10,102,51.48,0,0,41
2032-12-19,10,102,27.57,0,0,49
2035-07-13,10,102,83.23,0,0,33
2022-05-03,3,141,40.49,0,0,52
2022-12-02,3,141,37.08,1,0,81
2023-06-03,3,141,30.14,0,0,38
2023-08-01,3,141,62.25,0,0,34
2024-02-15,3,141,91.81,0,0,6
2028-05-30,3,141,96.78,0,0,19
2029-12-12,3,141,73.3,0,0,54
2031-01-27,3,141,72.54,0,0,30
2035-04-01,3,141,91.98,1,0,57
2035-07-05,3,141,90.08,0,0,22
