Sales_data.csv
date,store_id,product_id,price,promotion,holiday,sales
2022-05-05,1,148,11.84,1,0,49
2023-01-28,1,148,72.14,0,0,43
2025-01-17,1,148,13.86,0,0,47
2025-03-18,1,148,51.52,1,0,76
2027-04-17,1,148,27.7,0,0,45
2027-07-15,1,148,16.98,0,0,51
2027-09-18,1,148,58.82,1,0,83
2029-07-19,1,148,63.89,1,0,76
2030-01-02,1,148,25.07,1,0,48
2030-01-28,1,148,46.31,1,1,67
2030-03-17,1,148,49.59,1,0,73
2032-04-28,1,148,29.75,0,0,31
2034-06-26,1,148,48.57,0,0,53
2034-11-28,1,148,27.88,0,0,46
2035-02-12,1,148,69.52,0,0,34
2022-05-07,4,148,72.82,0,0,38
2024-08-16,4,148,43.39,0,1,45
2024-08-23,4,148,15.87,0,0,29
2027-05-18,4,148,21.18,0,0,55
2031-04-23,4,148,22.45,0,1,66
2031-12-18,4,148,73.59,0,0,41
2032-01-03,4,148,80.68,1,0,43
2032-09-02,4,148,75.61,0,1,63
2034-01-13,4,148,17.14,0,0,53
2035-04-07,4,148,53.46,0,0,42
2035-06-21,4,148,38.27,0,0,34
2022-05-08,5,115,50.6,0,0,47
2022-10-18,5,115,36.94,0,0,64
2023-01-22,5,115,84.06,0,0,48
2023-02-23,5,115,74.81,1,0,79
2023-09-03,5,115,30.04,1,0,50
2023-09-24,5,115,63.43,0,0,20
2024-01-01,5,115,68.57,0,1,73
2024-05-27,5,115,66.06,0,0,34
2025-08-18,5,115,79.76,0,0,29
2029-05-25,5,115,58.45,0,0,29
2030-01-18,5,115,6.0,0,0,71
2031-12-14,5,115,95.14,1,0,53
2033-01-24,5,115,14.68,0,0,26
2033-09-13,5,115,45.92,1,0,40
2033-11-28,5,115,24.01,1,0,53
2034-11-12,5,115,18.15,0,1,53
2035-03-12,5,115,11.71,0,0,34
2022-05-09,7,101,43.23,0,0,30
2023-05-09,7,101,98.7,1,0,49
2024-06-05,7,101,27.62,0,0,40
2026-03-15,7,101,85.42,0,1,52
2026-06-27,7,101,48.66,1,1,47
2026-09-28,7,101,7.65,0,0,42
2028-03-12,7,101,11.6,1,0,71
2030-01-27,7,101,66.37,1,1,27
2032-10-28,7,101,94.31,0,0,31
2022-05-10,7,129,19.39,0,0,33
2023-05-12,7,129,54.66,0,0,30
2024-08-21,7,129,57.36,0,0,45
2024-12-15,7,129,24.97,0,0,41
2029-02-26,7,129,51.37,0,0,53
2030-11-18,7,129,24.5,0,0,35
2031-02-09,7,129,88.76,0,0,21
2031-10-07,7,129,84.03,1,0,61
2034-02-02,7,129,30.25,0,0,44
2034-03-01,7,129,80.16,0,0,27
2022-05-12,7,137,78.22,1,1,52
2025-04-29,7,137,11.13,1,0,61
2028-01-17,7,137,68.16,0,0,50
2028-12-31,7,137,53.46,0,0,64
2030-01-26,7,137,6.48,0,0,34
2031-03-02,7,137,72.84,0,0,53
2032-06-03,7,137,17.42,0,0,41
2034-03-21,7,137,89.12,0,0,39
2035-05-07,7,137,53.43,0,0,43
2022-05-14,6,124,5.51,0,0,44
2024-08-24,6,124,34.02,0,0,39
2024-09-18,6,124,23.89,1,0,49
2029-11-27,6,124,75.58,0,0,25
2031-09-01,6,124,35.09,0,0,24
2032-05-24,6,124,88.96,0,0,34
2032-09-15,6,124,75.46,1,0,42
2035-02-09,6,124,63.77,0,0,54
2035-02-16,6,124,45.95,0,0,34
2035-03-06,6,124,72.23,0,0,29
2022-05-17,9,141,62.65,0,0,24
2024-04-21,9,141,36.96,1,0,61
2026-05-17,9,141,31.46,0,0,52
2026-08-24,9,141,80.38,1,0,46
2026-12-03,9,141,70.3,0,0,51
2027-01-07,9,141,67.65,0,0,58
2027-09-26,9,141,82.0,0,0,38
2029-01-21,9,141,11.64,1,0,77
2029-07-17,9,141,41.68,0,0,58
2029-09-08,9,141,69.16,1,0,57
2029-12-30,9,141,62.65,1,0,64
2031-06-23,9,141,44.86,0,0,39
2022-05-18,5,139,16.39,0,0,59
2024-08-27,5,139,27.95,1,0,45
2025-02-06,5,139,86.72,0,0,34
2026-11-19,5,139,95.64,0,0,27
2028-04-11,5,139,21.03,0,0,31
2031-09-10,5,139,95.21,0,0,32
2032-01-19,5,139,51.86,0,0,49
2033-05-27,5,139,51.88,1,1,33
2034-04-23,5,139,21.37,0,0,50
2022-05-19,6,132,35.47,1,0,57
2022-09-10,6,132,46.01,0,0,52
2026-03-03,6,132,79.52,0,0,38
2027-07-29,6,132,35.22,0,0,45
2028-07-27,6,132,95.53,0,0,22
2029-08-27,6,132,49.66,0,1,48
2029-12-16,6,132,63.71,0,0,42
2031-04-21,6,132,86.33,0,0,31
2032-02-05,6,132,66.35,0,0,21
2032-03-07,6,132,95.8,0,0,32
2034-11-02,6,132,71.64,0,0,32
2022-05-24,7,136,24.75,0,0,44
2022-07-11,7,136,33.32,1,0,76
2024-03-06,7,136,38.44,0,0,36
2025-01-05,7,136,26.45,0,0,34
2026-04-24,7,136,39.32,0,0,44
2026-12-19,7,136,64.37,0,0,48
2027-05-31,7,136,24.99,1,0,58
2029-04-20,7,136,13.05,0,0,43
2031-10-18,7,136,52.37,0,0,38
2032-08-13,7,136,28.99,1,1,94
2033-01-11,7,136,91.59,0,0,45
2034-05-30,7,136,58.3,0,0,31
2034-07-20,7,136,65.75,0,0,26
2022-05-25,1,115,82.27,0,0,27
2023-11-09,1,115,67.84,0,0,37
2024-04-11,1,115,85.09,1,0,60
2025-07-09,1,115,14.6,0,1,71
2025-09-30,1,115,15.97,1,0,68
2026-01-28,1,115,7.42,1,0,76
2027-01-01,1,115,43.22,1,0,61
2027-01-05,1,115,93.11,1,0,70
2027-05-30,1,115,67.33,1,0,47
2029-08-10,1,115,80.21,0,1,65
2035-03-07,1,115,43.56,0,0,31
2022-05-27,9,121,67.85,0,0,49
2022-07-22,9,121,84.93,0,0,47
2023-05-27,9,121,18.44,1,0,48
2023-09-16,9,121,35.24,1,0,70
2025-04-10,9,121,32.91,1,1,74
2029-05-14,9,121,24.5,0,0,62
2030-02-14,9,121,89.38,0,0,26
2033-01-01,9,121,33.67,0,0,58
2033-08-16,9,121,61.48,0,1,48
2033-10-28,9,121,48.57,0,0,51
2034-09-04,9,121,96.86,1,0,74
2034-11-17,9,121,16.29,1,0,71
2022-05-31,3,126,57.6,0,0,33
2022-11-07,3,126,86.58,0,0,49
2023-04-14,3,126,70.12,1,0,53
2028-03-24,3,126,11.89,0,0,39
2028-09-19,3,126,91.77,0,0,32
2029-12-05,3,126,54.7,0,0,53
2032-04-23,3,126,83.45,0,0,29
2033-11-04,3,126,15.38,0,0,42
2034-12-02,3,126,82.7,1,0,46
2022-06-01,7,140,22.9,0,0,42
2025-07-22,7,140,19.79,0,0,51
2025-09-02,7,140,51.47,1,0,68
2028-06-10,7,140,26.6,0,1,57
2030-04-06,7,140,68.38,0,0,18
2033-11-05,7,140,95.15,1,0,76
2034-05-03,7,140,16.25,0,0,37
2034-05-16,7,140,97.17,0,0,10
2034-11-24,7,140,38.25,1,0,57
2022-06-02,6,115,10.34,0,0,45
2024-08-31,6,115,15.03,0,0,41
2025-03-12,6,115,74.47,0,0,34
2027-05-01,6,115,60.57,0,0,32
2028-06-15,6,115,62.24,0,0,50
2029-03-17,6,115,12.9,0,0,67
2029-06-09,6,115,59.46,0,0,42
2030-04-10,6,115,25.12,0,0,49
2032-01-31,6,115,68.93,1,0,57
2032-05-04,6,115,20.45,0,0,43
2033-09-11,6,115,31.37,0,0,46
2034-01-03,6,115,37.65,1,0,53
2034-09-20,6,115,17.41,0,0,50
2035-06-19,6,115,90.5,0,0,4
2022-06-04,9,131,99.31,0,0,2
2023-04-15,9,131,79.01,0,0,40
2023-08-02,9,131,58.15,0,0,37
2024-10-08,9,131,71.04,0,0,62
2025-10-02,9,131,96.16,0,0,37
2027-11-13,9,131,98.97,0,0,33
2028-03-21,9,131,31.89,0,0,36
2031-01-17,9,131,12.82,0,0,40
2032-08-04,9,131,21.0,1,0,70
2033-08-02,9,131,14.45,0,0,51
2035-07-19,9,131,59.98,0,0,39
2022-06-06,1,124,92.59,0,0,33
2022-10-04,1,124,98.45,0,0,8
2024-07-22,1,124,50.86,0,1,58
2025-05-28,1,124,44.81,1,0,64
2026-01-26,1,124,21.31,0,0,61
2028-10-01,1,124,44.55,1,1,59
2029-08-22,1,124,58.94,1,0,45
2030-10-08,1,124,46.27,1,0,65
2031-08-01,1,124,61.79,0,0,30
2032-01-12,1,124,57.25,0,0,53
2033-01-02,1,124,53.68,0,0,43
2033-10-06,1,124,98.86,0,0,23
2034-05-08,1,124,21.46,0,1,71
2022-06-09,8,139,18.55,1,0,47
2026-12-05,8,139,29.93,0,0,49
2027-01-04,8,139,77.26,1,0,70
2028-12-28,8,139,84.68,0,0,27
2030-05-06,8,139,62.69,0,0,28
2030-07-01,8,139,68.39,0,0,23
2031-06-13,8,139,63.64,1,0,45
2031-08-15,8,139,82.06,0,0,34
2033-03-05,8,139,56.86,0,0,26
2034-06-28,8,139,61.21,0,0,32
2022-06-12,9,125,38.23,1,0,87
2022-12-20,9,125,48.34,0,0,37
2023-05-20,9,125,52.43,0,1,80
2026-01-14,9,125,46.87,0,0,32
2026-09-29,9,125,81.48,0,0,39
2029-11-09,9,125,89.81,0,0,38
2029-12-08,9,125,29.63,0,0,50
2030-01-03,9,125,50.84,0,0,49
2034-04-10,9,125,91.81,0,0,43
2022-06-14,1,109,17.18,0,0,53
2023-08-03,1,109,6.38,0,0,38
2024-06-11,1,109,11.57,1,0,73
2024-06-29,1,109,40.4,0,1,45
2026-06-20,1,109,13.27,0,0,60
2026-08-22,1,109,58.22,0,0,33
2028-10-09,1,109,71.42,1,0,46
2028-10-27,1,109,70.14,0,0,45
2029-10-16,1,109,71.72,0,0,27
2031-09-20,1,109,57.52,0,0,42
2033-03-13,1,109,55.62,1,0,65
2033-05-02,1,109,78.35,1,1,58
2033-10-18,1,109,94.61,0,1,52
2033-12-19,1,109,72.65,0,0,46
2034-03-29,1,109,41.22,1,0,74
2034-06-06,1,109,20.61,1,0,71
2022-06-17,4,147,69.18,0,0,39
2023-09-06,4,147,93.73,0,0,28
2026-08-19,4,147,26.3,0,0,42
2027-01-29,4,147,54.45,0,0,39
2029-08-21,4,147,37.0,0,0,45
2030-04-11,4,147,85.86,0,1,19
2031-09-29,4,147,51.75,1,0,55
2032-04-24,4,147,38.41,0,0,55
2034-03-09,4,147,31.75,0,0,37
2022-06-19,2,138,57.88,1,0,33
2022-07-05,2,138,19.64,0,0,42
2023-11-12,2,138,32.54,1,0,61
2027-12-03,2,138,49.85,1,0,59
2029-04-07,2,138,92.06,0,1,47
2030-06-03,2,138,27.39,0,0,42
2030-08-27,2,138,75.25,0,1,42
2030-10-25,2,138,32.25,0,0,47
2031-03-23,2,138,25.07,0,0,62
2031-07-22,2,138,48.87,1,0,72
2032-04-03,2,138,15.14,0,0,52
2033-10-17,2,138,59.49,0,0,32
2022-06-22,5,135,20.41,0,0,38
2023-10-08,5,135,93.31,0,0,29
2024-11-04,5,135,74.03,1,0,91
2025-06-23,5,135,31.45,0,0,37
2029-03-16,5,135,8.05,0,0,35
2029-05-08,5,135,74.2,0,0,9
2029-05-19,5,135,52.15,1,0,62
2030-05-27,5,135,84.71,0,0,39
2032-01-14,5,135,17.57,0,1,64
2033-04-22,5,135,81.23,1,0,53
2022-06-23,1,123,98.57,1,0,47
2022-07-13,1,123,33.34,0,0,39
2023-09-17,1,123,41.22,0,0,44
2023-11-10,1,123,88.78,0,0,39
2024-02-12,1,123,70.86,0,0,38
2025-10-29,1,123,67.64,1,0,53
2025-11-07,1,123,78.72,1,0,57
2026-11-15,1,123,79.57,0,0,44
2027-11-06,1,123,51.84,0,0,39
2028-03-16,1,123,58.45,1,0,59
2028-03-28,1,123,99.07,0,0,36
2030-02-03,1,123,64.4,0,0,31
2030-04-12,1,123,45.6,0,0,57
2030-08-18,1,123,38.61,0,0,65
2031-01-03,1,123,46.42,1,0,58
2031-06-06,1,123,7.26,1,0,66
2033-04-28,1,123,74.47,0,0,50
2035-03-15,1,123,69.6,0,0,32
2022-06-25,1,101,69.48,0,0,30
2023-07-11,1,101,54.06,1,0,55
2023-11-22,1,101,78.77,0,0,24
2024-03-11,1,101,63.47,0,0,28
2026-03-31,1,101,19.53,1,1,90
2028-10-06,1,101,53.57,1,0,75
2029-02-09,1,101,29.39,0,0,39
2030-04-30,1,101,27.64,0,1,62
2030-06-05,1,101,22.51,1,0,65
2030-06-30,1,101,76.14,0,0,28
2032-11-25,1,101,90.71,0,0,27
2033-02-03,1,101,67.47,0,0,46
2033-05-03,1,101,86.76,1,0,45
2035-04-15,1,101,96.02,1,0,59
2022-06-27,2,113,73.09,1,0,56
2022-08-12,2,113,52.92,0,0,37
2023-10-06,2,113,57.89,1,0,72
2023-12-08,2,113,41.46,0,1,36
2024-12-22,2,113,62.46,0,0,28
2025-12-04,2,113,90.77,1,0,30
2026-02-13,2,113,70.22,0,0,29
2026-02-24,2,113,40.74,0,0,38
2027-12-31,2,113,65.11,1,0,45
2028-01-11,2,113,98.71,0,0,17
2030-12-30,2,113,94.5,1,0,66
2034-11-20,2,113,96.08,0,1,32
2035-05-13,2,113,25.18,0,0,25
2022-06-30,7,114,30.62,0,0,51
2023-02-28,7,114,91.87,0,0,25
2028-07-21,7,114,70.3,0,0,44
2030-10-05,7,114,9.71,0,0,39
2031-12-08,7,114,56.24,0,0,43
2033-05-21,7,114,75.59,0,0,20
2034-10-08,7,114,55.04,0,0,45
2035-01-10,7,114,71.92,0,0,33
2035-04-13,7,114,95.98,1,0,47
2035-05-17,7,114,8.02,0,1,43
2022-07-01,5,111,67.2,0,0,33
2022-07-16,5,111,39.46,1,0,73
2023-09-30,5,111,67.06,0,0,33
2026-03-29,5,111,67.45,0,0,41
2026-10-31,5,111,30.29,1,1,74
2028-10-18,5,111,39.12,0,0,33
2029-07-06,5,111,65.51,0,1,58
2030-03-23,5,111,89.65,0,0,21
2030-07-29,5,111,91.71,0,0,45
2031-02-12,5,111,29.05,1,0,84
2032-10-11,5,111,43.31,1,0,68
2033-02-27,5,111,59.17,0,1,35
2033-04-16,5,111,66.29,0,0,26
2034-06-11,5,111,97.52,0,1,31
2034-07-19,5,111,87.51,0,0,41
2022-07-02,1,136,42.06,0,0,44
2023-12-26,1,136,9.24,0,0,47
2025-12-20,1,136,49.39,0,0,53
2026-09-13,1,136,9.93,0,0,46
2026-11-23,1,136,22.74,0,1,39
2028-02-26,1,136,58.08,0,0,38
2029-02-15,1,136,46.01,0,0,35
2029-12-18,1,136,15.25,0,0,46
2030-11-05,1,136,58.48,0,0,41
2031-02-17,1,136,36.36,0,0,49
2032-06-30,1,136,49.3,0,0,29
2032-11-30,1,136,26.42,0,0,45
2033-07-18,1,136,74.64,0,0,12
2022-07-03,1,127,23.48,0,0,55
2023-12-24,1,127,77.1,0,0,26
2026-03-11,1,127,53.08,0,0,26
2026-11-04,1,127,57.9,0,0,41
2028-08-01,1,127,45.01,1,0,57
2029-01-16,1,127,79.06,1,0,55
2032-12-01,1,127,11.17,0,0,50
2035-03-28,1,127,30.03,0,0,44
2035-07-30,1,127,63.47,0,0,36
2022-07-04,3,119,74.51,0,0,36
2022-09-21,3,119,95.79,0,0,16
2026-04-21,3,119,23.71,0,1,67
2026-07-20,3,119,58.18,1,0,73
2027-09-28,3,119,66.24,0,0,32
2028-08-11,3,119,19.56,0,0,39
2028-12-06,3,119,66.53,1,0,69
2029-08-20,3,119,33.85,1,1,97
2031-01-26,3,119,62.01,1,0,54
2031-12-28,3,119,15.11,0,0,39
2033-01-15,3,119,31.13,1,0,73
2034-07-23,3,119,72.13,1,0,54
2022-07-06,5,123,86.29,1,0,62
2025-11-03,5,123,15.06,1,0,91
2026-08-13,5,123,84.1,0,0,54
2027-03-31,5,123,47.85,0,0,32
2028-03-31,5,123,47.58,0,0,19
2028-08-12,5,123,91.9,0,0,22
2029-02-18,5,123,67.59,1,0,57
2033-07-06,5,123,38.23,1,0,57
2033-10-09,5,123,15.94,1,0,60
2022-07-08,6,109,15.04,1,0,71
2023-11-23,6,109,76.17,0,0,24
2025-10-21,6,109,95.5,0,0,8
2026-08-01,6,109,92.43,0,0,50
2026-09-24,6,109,15.6,0,0,49
2027-02-09,6,109,51.53,1,1,82
2032-06-14,6,109,54.2,1,0,78
2032-12-10,6,109,31.61,1,0,55
2033-03-12,6,109,88.75,1,0,73
2033-05-15,6,109,92.75,1,0,44
2033-09-30,6,109,83.85,0,0,49
2034-03-15,6,109,70.97,0,0,18
2035-03-23,6,109,15.95,1,0,72
2035-05-21,6,109,65.51,0,0,34
2022-07-09,7,145,70.94,1,0,71
2023-01-20,7,145,42.3,0,0,45
2023-02-24,7,145,33.93,0,0,58
2026-01-20,7,145,97.51,0,0,40
2030-10-23,7,145,45.22,1,0,59
2031-05-21,7,145,7.3,0,0,51
2031-11-17,7,145,90.26,0,0,52
2034-04-03,7,145,10.16,0,0,68
2035-09-03,7,145,84.56,0,0,37
2022-07-14,6,113,29.99,1,0,57
2022-07-23,6,113,60.08,0,0,47
2022-12-18,6,113,84.41,0,0,24
2026-02-09,6,113,99.9,0,0,28
2026-04-02,6,113,53.47,0,0,32
2027-01-30,6,113,42.22,0,0,40
2028-04-15,6,113,42.65,1,0,67
2029-07-27,6,113,13.68,1,0,74
2031-04-30,6,113,35.5,0,0,44
2031-09-02,6,113,76.23,0,0,52
2032-12-22,6,113,70.14,1,0,47
2035-03-13,6,113,56.39,0,0,27
2035-08-04,6,113,24.86,1,0,72
2022-07-18,2,105,69.93,0,0,29
2024-01-22,2,105,35.79,1,0,60
2026-04-08,2,105,45.48,0,0,39
2027-09-16,2,105,77.71,0,0,30
2029-10-23,2,105,63.55,1,0,56
2030-11-03,2,105,21.79,0,0,51
2032-12-08,2,105,61.35,0,1,65
2034-04-07,2,105,41.17,0,0,49
2035-06-29,2,105,46.57,0,0,35
2022-07-19,6,135,69.97,0,0,22
2023-02-15,6,135,94.68,0,0,24
2025-10-10,6,135,29.41,0,0,57
2027-08-02,6,135,65.28,0,0,55
2029-05-22,6,135,74.77,1,1,53
2032-09-11,6,135,78.1,0,0,23
2033-04-12,6,135,38.03,0,0,45
2033-11-19,6,135,72.33,0,1,42
2033-11-23,6,135,39.95,1,0,54
2035-01-17,6,135,40.16,1,0,77
2022-07-20,6,144,52.67,1,0,48
2022-11-11,6,144,25.21,1,0,85
2023-05-21,6,144,30.87,1,1,67
2027-01-28,6,144,7.07,0,0,53
2027-09-08,6,144,38.91,1,0,83
2028-05-22,6,144,83.14,0,0,34
2029-07-16,6,144,95.5,1,0,49
2030-07-10,6,144,59.82,1,0,67
2035-04-18,6,144,32.79,0,1,55
2035-09-01,6,144,38.02,1,0,48
2022-07-24,3,115,63.8,0,0,37
2023-07-17,3,115,81.56,1,0,46
2024-08-07,3,115,54.42,1,0,73
2025-01-20,3,115,83.87,1,0,50
2025-06-20,3,115,98.57,1,0,32
2026-11-17,3,115,65.64,1,0,77
2027-02-22,3,115,33.09,0,0,41
2030-09-17,3,115,10.47,0,1,69
2030-09-28,3,115,22.38,0,0,33
2030-11-16,3,115,50.58,0,1,44
2032-08-26,3,115,38.95,0,0,37
2032-10-09,3,115,21.38,0,0,54
2034-05-11,3,115,89.09,0,0,42
2022-07-25,4,135,31.87,0,0,67
2024-04-04,4,135,43.44,0,0,42
2025-03-10,4,135,88.58,1,0,58
2026-07-06,4,135,55.75,0,0,34
2026-09-30,4,135,6.85,0,0,43
2026-12-11,4,135,71.68,0,0,33
2029-05-31,4,135,22.14,0,0,29
2032-02-20,4,135,43.49,0,0,37
2033-11-18,4,135,43.31,0,0,55
2034-05-04,4,135,76.83,1,0,23
2035-09-06,4,135,42.24,0,0,49
2022-07-28,10,132,38.12,0,0,32
2023-10-31,10,132,91.71,0,0,29
2023-12-22,10,132,35.83,0,0,56
2024-02-04,10,132,90.92,0,0,19
2025-02-25,10,132,45.72,0,0,30
2025-08-31,10,132,38.87,1,0,53
2026-01-08,10,132,43.74,0,0,38
2026-08-14,10,132,24.08,0,0,57
2026-09-07,10,132,42.57,0,0,30
2028-05-19,10,132,96.06,1,0,63
2031-07-08,10,132,22.18,0,0,47
2031-10-13,10,132,73.84,0,1,41
2031-12-11,10,132,38.86,0,0,36
2031-12-17,10,132,73.61,1,0,74
2033-02-02,10,132,33.35,1,0,68
2033-06-24,10,132,46.25,1,0,59
2022-07-29,3,144,73.57,0,0,17
2023-12-09,3,144,94.77,1,0,51
2024-07-20,3,144,79.72,0,0,27
2025-11-30,3,144,40.12,1,0,50
2028-06-21,3,144,20.14,1,0,81
2028-11-01,3,144,53.76,0,0,18
2029-02-25,3,144,8.62,0,0,57
2030-08-25,3,144,32.25,0,0,40
2035-01-23,3,144,69.97,1,0,65
2035-07-24,3,144,27.06,0,0,31
2022-08-01,7,117,60.98,1,0,90
2026-09-18,7,117,37.16,0,0,25
2027-08-21,7,117,17.02,1,0,52
2029-04-05,7,117,73.29,0,0,42
2029-08-05,7,117,80.73,0,0,33
2033-04-26,7,117,18.54,0,0,46
2033-06-21,7,117,25.8,0,0,62
2033-08-31,7,117,16.13,0,0,39
2035-08-15,7,117,25.45,0,0,41
2022-08-02,4,137,58.2,0,0,19
2023-09-13,4,137,81.06,0,0,32
2024-03-17,4,137,84.7,1,0,38
2025-02-19,4,137,68.89,0,0,37
2028-11-22,4,137,15.88,0,0,39
2029-08-16,4,137,39.43,0,1,35
2030-12-15,4,137,62.02,1,0,58
2034-08-02,4,137,9.04,0,0,48
2022-08-04,1,122,82.2,0,0,45
2024-01-27,1,122,38.38,0,0,43
2025-03-14,1,122,14.32,0,0,54
2026-03-21,1,122,69.86,0,0,42
2027-04-08,1,122,22.89,0,0,39
2029-02-02,1,122,50.3,0,1,55
2030-09-07,1,122,32.04,0,0,42
2030-10-03,1,122,28.09,1,0,60
2031-08-17,1,122,11.79,0,0,55
2034-12-24,1,122,70.19,1,1,70
2022-08-05,8,131,17.22,1,0,81
2023-07-28,8,131,54.34,1,0,56
2025-09-14,8,131,43.63,1,0,66
2027-12-08,8,131,35.84,0,0,40
2031-05-12,8,131,10.39,0,0,48
2032-05-23,8,131,89.91,0,0,37
2032-05-28,8,131,77.08,0,0,37
2033-08-03,8,131,83.16,0,0,42
2034-01-20,8,131,38.77,0,1,54
2034-03-03,8,131,59.43,0,0,40
2022-08-10,9,120,19.3,0,0,31
2023-08-29,9,120,42.96,0,0,37
2024-02-05,9,120,97.04,1,0,53
2025-06-15,9,120,10.04,0,0,47
2027-08-20,9,120,37.17,1,0,57
2029-05-30,9,120,31.5,1,0,52
2030-06-12,9,120,13.4,0,0,48
2030-07-11,9,120,38.63,1,0,55
2031-12-22,9,120,15.14,1,0,92
2035-08-01,9,120,60.8,1,0,58
2022-08-11,9,139,49.56,0,0,50
2025-06-18,9,139,60.83,1,0,57
2026-10-30,9,139,81.96,0,0,32
2028-05-20,9,139,18.48,0,0,48
2030-02-25,9,139,46.25,0,0,45
2032-08-16,9,139,28.9,0,0,50
2033-12-02,9,139,38.26,1,0,57
2034-08-01,9,139,23.55,0,0,41
2035-06-12,9,139,65.25,1,1,76
2022-08-13,7,138,60.58,0,0,42
2022-12-14,7,138,85.37,0,1,47
2023-01-10,7,138,29.25,0,0,36
2023-06-19,7,138,10.26,1,0,52
2027-06-29,7,138,99.22,1,0,32
2028-01-04,7,138,51.84,0,0,42
2031-03-27,7,138,17.09,1,1,80
2033-08-12,7,138,29.4,0,0,19
2022-08-15,3,113,52.09,0,0,40
2024-03-21,3,113,70.25,0,0,22
2024-12-31,3,113,20.54,1,0,54
2025-01-06,3,113,7.39,0,0,58
2026-05-20,3,113,82.14,0,0,27
2027-07-28,3,113,61.67,0,0,53
2027-10-28,3,113,51.89,1,1,63
2030-02-13,3,113,89.94,0,0,36
2030-02-20,3,113,51.99,0,1,49
2022-08-16,7,105,36.61,0,0,55
2025-07-29,7,105,17.99,0,0,41
2029-02-07,7,105,55.67,1,0,59
2030-02-15,7,105,86.2,0,0,35
2030-12-07,7,105,37.65,0,0,44
2030-12-23,7,105,20.98,1,0,50
2032-05-29,7,105,58.31,0,0,47
2032-11-20,7,105,76.9,0,0,47
2033-03-24,7,105,19.0,1,0,64
2034-04-17,7,105,7.71,0,0,56
2022-08-19,4,116,46.21,0,0,47
2023-04-26,4,116,73.99,1,1,67
2024-09-03,4,116,87.64,0,0,15
2025-10-06,4,116,99.32,0,1,30
2025-11-10,4,116,34.42,1,0,59
2027-11-10,4,116,28.74,0,0,36
2029-07-09,4,116,66.48,0,0,48
2033-01-19,4,116,9.99,0,0,43
2034-06-13,4,116,83.1,0,0,32
2035-09-09,4,116,57.6,0,0,22
