Sales_data.csv
date,store_id,product_id,price,promotion,holiday,sales
2022-08-21,2,122,54.03,0,0,31
2022-09-17,2,122,91.62,0,0,39
2026-08-30,2,122,91.84,0,0,33
2026-12-31,2,122,55.55,0,0,24
2029-02-11,2,122,43.98,1,1,81
2030-02-22,2,122,56.18,0,0,44
2031-11-08,2,122,47.04,1,0,57
2032-08-03,2,122,78.41,0,0,28
2035-03-25,2,122,83.01,0,0,46
2022-08-22,1,113,33.96,0,0,35
2022-09-07,1,113,71.78,0,0,46
2024-11-16,1,113,34.76,0,0,36
2029-07-05,1,113,54.58,0,0,31
2030-05-10,1,113,60.97,0,0,23
2031-01-09,1,113,91.48,1,0,43
2031-07-24,1,113,74.13,0,0,50
2032-03-17,1,113,19.59,0,0,62
2033-06-26,1,113,30.9,0,1,55
2034-09-30,1,113,87.72,0,0,25
2035-02-13,1,113,87.96,0,0,10
2035-03-02,1,113,6.81,0,0,41
2022-08-24,5,145,87.08,0,0,47
2026-01-19,5,145,51.09,1,0,35
2028-10-29,5,145,45.3,0,0,50
2029-10-12,5,145,93.95,0,1,38
2030-04-17,5,145,50.42,0,0,49
2031-12-13,5,145,29.19,1,0,52
2033-02-09,5,145,56.66,0,0,35
2035-01-13,5,145,31.38,1,0,87
2022-08-25,7,131,33.39,1,0,60
2024-12-13,7,131,17.35,1,0,77
2025-09-06,7,131,51.32,1,0,42
2025-11-06,7,131,18.1,0,0,43
2026-12-07,7,131,78.5,0,0,49
2028-06-11,7,131,26.44,1,0,50
2028-08-27,7,131,49.42,0,0,32
2029-09-09,7,131,35.74,0,0,53
2030-08-30,7,131,83.8,0,0,37
2031-11-01,7,131,78.29,0,0,38
2034-09-23,7,131,88.36,0,0,17
2035-07-03,7,131,93.58,0,1,48
2022-08-26,9,114,23.33,1,1,84
2024-02-03,9,114,18.79,0,0,24
2025-07-02,9,114,24.36,0,0,35
2027-02-11,9,114,46.07,0,1,59
2027-11-15,9,114,12.06,1,0,58
2028-07-03,9,114,66.04,0,0,48
2028-12-14,9,114,80.34,0,0,13
2033-11-20,9,114,53.19,0,0,34
2035-03-17,9,114,13.07,0,0,46
2035-05-31,9,114,68.76,0,0,32
2022-08-27,9,143,16.04,0,0,47
2024-01-13,9,143,8.57,1,0,74
2026-04-06,9,143,47.56,0,0,48
2027-06-17,9,143,64.07,1,0,73
2028-02-21,9,143,40.65,0,0,44
2028-07-24,9,143,19.98,0,0,34
2029-10-04,9,143,8.06,0,0,27
2031-05-17,9,143,35.9,0,0,68
2031-10-22,9,143,97.8,1,0,26
2033-11-02,9,143,88.57,0,0,34
2035-01-29,9,143,13.36,0,0,54
2022-08-28,3,116,63.54,0,0,44
2022-09-13,3,116,54.44,0,0,27
2022-10-26,3,116,5.76,0,0,57
2023-03-28,3,116,55.1,0,0,14
2024-11-07,3,116,20.5,0,0,52
2025-01-28,3,116,16.85,0,0,50
2025-12-02,3,116,45.24,1,0,59
2027-03-28,3,116,62.13,0,0,48
2027-10-06,3,116,84.89,1,0,54
2030-05-30,3,116,92.98,0,0,29
2032-05-03,3,116,92.95,0,0,31
2032-05-16,3,116,73.56,0,0,32
2033-08-10,3,116,30.32,1,0,66
2034-01-23,3,116,28.2,0,0,39
2034-09-14,3,116,13.78,0,0,47
2022-08-29,3,140,47.17,1,0,73
2023-05-03,3,140,84.4,0,0,50
2024-08-09,3,140,58.31,0,0,51
2025-03-09,3,140,6.18,1,1,108
2027-02-06,3,140,45.36,1,0,46
2029-04-08,3,140,9.75,1,0,72
2030-07-02,3,140,99.19,0,0,29
2033-10-27,3,140,15.61,0,0,68
2034-05-23,3,140,41.3,1,0,42
2022-08-30,3,146,22.86,1,0,60
2023-08-27,3,146,32.25,0,0,50
2023-10-25,3,146,17.52,1,1,77
2023-11-20,3,146,33.29,1,0,74
2023-12-01,3,146,44.52,0,0,39
2028-08-20,3,146,51.57,0,0,39
2030-08-09,3,146,45.14,0,0,40
2031-10-20,3,146,22.67,0,0,39
2033-05-17,3,146,52.77,0,0,47
2033-10-23,3,146,17.98,0,0,54
2034-09-18,3,146,22.91,1,0,55
2035-03-10,3,146,98.7,1,0,51
2035-05-06,3,146,74.03,0,0,37
2022-08-31,4,143,67.05,0,0,31
2023-05-24,4,143,73.3,0,0,43
2025-06-03,4,143,7.89,0,0,53
2025-08-07,4,143,32.32,0,0,49
2028-02-08,4,143,13.25,0,0,49
2029-09-28,4,143,40.01,0,0,45
2030-09-03,4,143,5.76,1,0,70
2031-04-06,4,143,94.39,0,0,28
2033-03-01,4,143,83.77,0,0,42
2034-03-13,4,143,7.14,0,0,59
2022-09-03,8,144,55.08,0,0,35
2023-02-04,8,144,74.76,0,0,39
2023-08-31,8,144,52.53,0,0,38
2024-01-10,8,144,15.27,0,0,39
2024-02-24,8,144,17.21,0,0,49
2024-09-04,8,144,16.99,0,0,43
2025-07-05,8,144,77.09,0,0,27
2027-08-28,8,144,47.56,0,0,31
2028-08-10,8,144,72.25,0,0,47
2030-12-24,8,144,45.34,1,0,77
2034-01-10,8,144,39.8,0,0,38
2035-01-09,8,144,54.2,0,0,41
2022-09-04,1,126,74.75,0,0,45
2022-10-03,1,126,32.62,0,1,57
2025-01-02,1,126,18.41,0,0,44
2025-06-14,1,126,76.0,1,0,76
2029-12-09,1,126,91.34,1,0,61
2031-09-09,1,126,39.75,1,0,39
2032-04-15,1,126,86.54,0,0,25
2033-08-14,1,126,71.0,0,0,52
2022-09-05,8,122,10.24,0,0,60
2023-09-02,8,122,42.24,0,0,46
2025-05-27,8,122,91.25,0,0,48
2025-08-19,8,122,16.05,1,1,62
2026-10-13,8,122,61.28,1,0,65
2026-12-20,8,122,14.18,0,0,52
2027-02-26,8,122,75.47,0,0,39
2029-04-11,8,122,39.06,1,0,57
2029-09-30,8,122,77.48,1,0,41
2029-12-04,8,122,17.26,0,0,43
2030-10-22,8,122,43.0,0,0,52
2032-04-26,8,122,98.26,1,0,49
2032-06-20,8,122,26.12,0,1,54
2035-02-23,8,122,14.81,0,0,54
2035-04-11,8,122,71.11,0,0,44
2022-09-06,4,139,89.35,1,0,29
2024-04-27,4,139,78.77,1,0,51
2024-05-20,4,139,15.72,1,0,67
2026-04-15,4,139,63.66,0,1,59
2026-09-01,4,139,38.84,1,0,62
2029-03-18,4,139,32.87,1,0,46
2030-10-26,4,139,97.08,0,0,14
2032-08-15,4,139,15.27,1,0,77
2022-09-08,8,114,25.53,0,0,50
2023-08-05,8,114,59.83,0,0,26
2024-06-02,8,114,94.12,1,1,56
2024-12-20,8,114,35.39,0,0,75
2028-01-19,8,114,11.7,1,0,85
2028-08-26,8,114,86.62,0,0,40
2029-04-22,8,114,5.64,0,0,62
2030-04-21,8,114,90.24,1,0,56
2033-05-12,8,114,83.51,0,1,40
2035-04-22,8,114,23.7,0,0,40
2022-09-20,6,112,76.59,0,0,33
2024-03-02,6,112,29.63,1,0,70
2026-10-03,6,112,97.59,0,0,38
2028-04-12,6,112,35.0,0,0,50
2029-04-02,6,112,39.62,0,0,38
2029-05-03,6,112,43.03,0,0,38
2030-07-27,6,112,44.65,0,0,38
2032-02-19,6,112,57.8,0,0,56
2032-10-02,6,112,7.29,1,0,73
2033-12-31,6,112,13.04,0,0,52
2034-05-14,6,112,16.16,0,0,52
2034-08-30,6,112,59.91,0,0,44
2034-09-17,6,112,91.4,0,0,13
2022-09-23,4,104,85.03,0,0,42
2026-04-27,4,104,75.26,0,0,26
2028-07-13,4,104,6.02,0,0,41
2029-03-31,4,104,59.61,0,1,65
2029-10-13,4,104,61.2,1,0,29
2030-08-04,4,104,12.63,0,0,48
2034-01-02,4,104,15.54,0,0,42
2034-12-06,4,104,14.12,0,0,45
2022-09-24,1,108,77.26,1,0,47
2024-05-21,1,108,72.06,0,0,34
2024-05-23,1,108,66.99,0,0,39
2028-03-23,1,108,38.72,1,0,63
2030-09-04,1,108,51.75,0,0,51
2032-06-21,1,108,56.75,0,0,38
2034-08-14,1,108,26.7,1,0,77
2035-02-07,1,108,56.92,1,0,69
2035-02-24,1,108,59.42,0,0,43
2022-09-26,1,105,84.19,0,0,33
2022-10-30,1,105,12.7,0,0,49
2023-05-23,1,105,63.98,1,0,46
2024-07-27,1,105,61.52,0,0,52
2026-05-08,1,105,56.12,1,0,55
2026-08-10,1,105,79.47,1,1,68
2031-05-24,1,105,89.63,1,0,51
2031-10-21,1,105,93.78,0,0,42
2022-09-27,5,124,23.54,0,0,39
2023-01-24,5,124,74.65,0,0,23
2025-10-22,5,124,47.18,1,0,75
2027-09-05,5,124,25.55,1,0,71
2028-01-21,5,124,73.37,0,0,51
2028-04-10,5,124,16.49,0,0,41
2029-05-09,5,124,66.16,1,0,56
2029-07-28,5,124,45.6,1,0,51
2030-07-17,5,124,75.16,1,0,71
2031-01-16,5,124,44.4,0,0,46
2033-01-31,5,124,65.46,1,0,53
2022-09-28,4,130,89.8,1,0,62
2027-04-22,4,130,66.17,0,0,18
2027-05-22,4,130,10.98,1,0,58
2027-07-19,4,130,20.39,0,0,58
2028-09-27,4,130,68.45,0,0,23
2030-05-05,4,130,68.85,1,0,59
2030-08-12,4,130,10.66,0,0,58
2033-07-01,4,130,41.43,0,0,28
2022-09-29,8,121,48.57,0,0,28
2023-12-15,8,121,72.24,0,1,40
2027-05-13,8,121,39.19,0,0,45
2028-03-03,8,121,99.95,0,0,34
2030-01-05,8,121,56.45,0,0,36
2031-06-05,8,121,59.44,0,0,20
2033-09-21,8,121,35.33,0,0,32
2034-02-17,8,121,86.27,0,0,29
2034-02-25,8,121,71.46,0,0,30
2022-10-02,3,104,13.93,0,0,39
2024-08-02,3,104,37.12,0,0,51
2025-02-01,3,104,77.04,0,0,47
2025-08-15,3,104,93.06,0,0,24
2027-06-23,3,104,9.54,1,0,66
2028-08-07,3,104,47.36,0,0,43
2028-10-28,3,104,66.71,0,0,51
2029-05-13,3,104,78.0,0,0,27
2029-09-04,3,104,95.55,0,0,39
2031-12-23,3,104,82.58,0,0,40
2032-06-04,3,104,59.28,1,0,49
2034-11-09,3,104,19.68,1,0,61
2022-10-05,3,107,96.27,1,1,67
2023-11-07,3,107,59.24,0,0,42
2026-08-08,3,107,27.68,1,0,70
2029-01-17,3,107,59.64,0,0,30
2030-02-07,3,107,34.21,1,0,53
2031-12-31,3,107,10.69,0,0,36
2032-04-25,3,107,91.06,1,1,70
2033-04-03,3,107,90.94,1,0,70
2034-09-25,3,107,79.76,0,0,39
2022-10-06,6,100,35.45,1,0,79
2022-10-25,6,100,56.7,0,0,46
2023-09-21,6,100,85.22,0,0,29
2023-12-13,6,100,31.15,0,0,75
2024-04-03,6,100,14.69,0,1,64
2024-10-13,6,100,60.33,1,0,80
2025-04-11,6,100,31.35,0,0,42
2029-05-12,6,100,32.37,1,0,50
2030-12-21,6,100,18.76,0,0,43
2032-12-18,6,100,35.95,0,1,46
2033-12-12,6,100,48.91,1,0,62
2022-10-08,6,143,85.33,1,0,36
2026-05-25,6,143,6.53,1,0,75
2026-07-29,6,143,54.93,1,0,47
2028-10-08,6,143,50.47,0,1,52
2029-11-15,6,143,37.4,0,0,37
2031-10-16,6,143,7.91,1,0,61
2032-02-23,6,143,76.81,0,1,44
2032-07-07,6,143,9.8,0,1,66
2034-10-23,6,143,30.94,0,0,53
2035-03-11,6,143,57.19,0,0,14
2022-10-10,6,131,8.81,0,0,68
2023-10-24,6,131,74.35,1,0,55
2025-03-05,6,131,59.7,0,0,37
2025-12-31,6,131,40.97,0,0,44
2027-06-25,6,131,20.89,1,0,76
2029-04-26,6,131,74.91,0,0,56
2030-09-10,6,131,35.15,1,0,51
2030-12-05,6,131,93.45,0,0,17
2031-01-07,6,131,24.79,0,0,41
2031-05-20,6,131,96.47,0,0,4
2032-03-15,6,131,66.52,0,0,46
2032-04-06,6,131,26.86,1,0,56
2034-05-20,6,131,57.91,0,0,50
2034-05-27,6,131,23.7,0,0,52
2035-07-27,6,131,26.83,0,0,61
2022-10-12,6,138,57.96,0,0,38
2023-12-05,6,138,58.6,1,0,71
2025-01-24,6,138,6.93,0,0,47
2027-10-08,6,138,62.88,0,0,31
2028-08-09,6,138,74.05,1,0,50
2029-11-07,6,138,7.42,0,0,30
2030-08-07,6,138,81.05,0,0,31
2031-11-25,6,138,68.79,0,0,27
2032-02-07,6,138,49.86,1,0,83
2032-10-07,6,138,95.54,0,0,42
2032-11-18,6,138,64.03,0,0,34
2033-12-13,6,138,33.65,0,0,53
2034-11-29,6,138,48.75,0,0,35
2022-10-13,8,146,87.51,0,0,47
2024-02-13,8,146,79.55,0,0,59
2025-12-11,8,146,85.23,0,0,32
2026-09-11,8,146,61.86,1,0,61
2029-02-28,8,146,87.55,0,0,18
2030-09-02,8,146,26.58,0,0,56
2031-09-16,8,146,20.73,0,0,46
2031-12-12,8,146,29.33,0,0,43
2034-05-06,8,146,47.46,0,0,33
2035-06-05,8,146,24.14,1,0,71
2022-10-14,2,123,84.27,0,1,47
2026-01-23,2,123,93.46,0,0,32
2026-09-20,2,123,39.54,1,0,76
2027-10-27,2,123,77.73,1,0,45
2027-11-17,2,123,85.14,1,0,45
2029-01-09,2,123,38.17,1,0,60
2032-10-08,2,123,45.23,0,1,55
2033-06-25,2,123,17.85,0,0,61
2022-10-16,1,128,71.33,1,1,77
2023-02-26,1,128,79.72,0,0,40
2023-07-08,1,128,37.45,1,0,58
2024-12-23,1,128,50.61,0,1,46
2030-02-11,1,128,40.16,0,0,43
2030-05-08,1,128,41.06,0,0,16
2032-02-28,1,128,21.64,0,0,59
2032-09-19,1,128,55.98,1,0,56
2032-12-27,1,128,64.14,0,0,33
2033-11-16,1,128,81.0,0,1,63
2034-04-18,1,128,88.99,0,0,15
2022-10-19,3,134,34.3,0,0,33
2024-05-29,3,134,86.71,0,0,16
2026-01-15,3,134,50.5,0,0,43
2028-04-07,3,134,84.35,0,0,35
2028-04-23,3,134,15.1,1,0,76
2029-04-01,3,134,42.81,1,0,46
2029-07-07,3,134,27.26,0,0,43
2030-03-11,3,134,26.61,0,0,51
2030-09-29,3,134,17.47,1,0,61
2032-06-01,3,134,70.54,0,0,57
2034-06-05,3,134,77.97,0,1,36
2035-07-20,3,134,24.66,0,0,34
2022-10-21,3,145,60.34,0,0,34
2023-11-02,3,145,66.35,1,0,47
2025-10-31,3,145,25.5,0,0,57
2026-03-27,3,145,68.24,0,0,22
2026-08-23,3,145,19.61,0,0,57
2027-04-02,3,145,82.36,1,1,57
2029-06-18,3,145,96.53,0,0,16
2032-04-17,3,145,5.28,1,1,85
2032-06-24,3,145,69.21,1,0,49
2033-04-11,3,145,43.97,0,0,44
2033-07-11,3,145,38.84,0,0,43
2022-10-27,9,101,14.03,1,0,51
2024-03-22,9,101,91.76,1,0,51
2027-09-22,9,101,69.36,0,1,45
2028-04-28,9,101,65.58,0,0,50
2028-08-02,9,101,11.51,0,0,55
2029-01-28,9,101,38.76,1,0,59
2029-10-02,9,101,61.8,1,0,47
2031-03-07,9,101,42.82,0,0,27
2031-10-11,9,101,73.65,0,0,40
2032-10-19,9,101,89.44,1,0,47
2022-10-28,5,128,10.15,0,0,37
2023-04-19,5,128,82.13,1,0,52
2023-08-13,5,128,37.18,1,0,58
2025-06-09,5,128,23.22,0,0,62
2027-10-24,5,128,37.36,0,0,34
2027-12-14,5,128,33.08,0,0,38
2029-08-01,5,128,59.07,0,0,48
2029-09-15,5,128,84.33,1,0,66
2032-10-27,5,128,95.15,1,0,38
2022-10-29,8,119,73.92,0,0,34
2024-07-17,8,119,64.53,1,0,67
2024-08-01,8,119,7.74,0,1,59
2025-02-02,8,119,80.4,0,0,30
2025-05-14,8,119,54.71,1,0,84
2033-06-20,8,119,18.21,0,0,48
2034-03-25,8,119,55.01,0,0,35
2034-11-01,8,119,74.03,0,0,37
2022-11-02,1,147,88.38,0,0,40
2023-03-19,1,147,74.3,1,1,55
2023-10-05,1,147,72.95,0,0,28
2026-04-25,1,147,25.27,1,0,61
2028-10-24,1,147,42.31,1,0,54
2031-02-06,1,147,10.9,1,1,86
2031-11-23,1,147,68.81,0,0,32
2032-03-16,1,147,93.3,0,0,36
2032-08-30,1,147,80.53,0,0,16
2034-08-19,1,147,60.8,0,0,31
2034-09-09,1,147,82.56,0,0,28
2022-11-03,4,132,82.25,0,0,67
2024-11-02,4,132,70.42,0,0,52
2028-09-12,4,132,45.58,1,0,56
2028-11-30,4,132,96.75,0,0,45
2029-12-20,4,132,34.69,0,1,71
2030-08-16,4,132,32.56,0,0,61
2032-10-10,4,132,82.49,0,0,45
2032-12-13,4,132,35.91,0,0,53
2033-01-16,4,132,84.31,0,1,41
2035-04-06,4,132,33.17,0,0,44
2022-11-06,1,104,93.67,0,0,19
2023-07-31,1,104,96.33,0,0,25
2023-10-13,1,104,16.92,1,0,61
2024-05-30,1,104,16.65,0,0,51
2026-10-22,1,104,80.71,0,0,43
2028-10-10,1,104,92.57,1,0,24
2028-11-07,1,104,91.87,0,0,16
2029-07-08,1,104,60.0,0,0,25
2030-01-04,1,104,37.4,0,0,43
2035-02-19,1,104,71.05,0,0,45
2022-11-09,9,111,21.17,0,0,56
2025-04-23,9,111,49.69,0,0,46
2025-09-29,9,111,85.34,1,0,46
2027-02-18,9,111,32.8,0,0,42
2027-11-02,9,111,72.71,0,0,30
2028-05-16,9,111,8.74,0,0,43
2029-04-15,9,111,43.83,0,0,23
2029-07-02,9,111,33.94,0,0,58
2030-06-04,9,111,89.98,0,0,49
2033-11-30,9,111,16.34,0,0,41
2022-11-10,10,119,30.81,0,0,36
2022-11-12,10,119,62.34,0,0,48
2024-02-19,10,119,77.51,0,0,31
2026-02-05,10,119,61.42,0,0,36
2026-02-18,10,119,54.76,1,1,70
2026-09-15,10,119,55.09,0,0,41
2027-06-14,10,119,46.65,1,0,64
2028-01-16,10,119,82.21,1,0,60
2029-02-16,10,119,9.96,0,0,34
2030-07-13,10,119,79.34,0,1,61
2030-08-11,10,119,97.52,1,0,65
2030-12-10,10,119,29.26,0,0,63
2031-11-13,10,119,39.27,0,0,37
2033-01-25,10,119,51.89,0,0,48
2033-08-22,10,119,81.78,1,0,61
2034-03-24,10,119,41.37,1,0,44
2022-11-13,3,108,52.84,0,0,31
2027-10-25,3,108,11.09,0,0,63
2030-10-28,3,108,42.94,1,1,81
2032-09-26,3,108,9.37,0,0,34
2033-10-22,3,108,80.89,0,0,29
2034-02-08,3,108,35.24,0,0,33
2034-08-17,3,108,68.67,0,0,38
2034-09-06,3,108,76.86,1,0,68
2035-04-26,3,108,7.29,0,0,62
2035-06-06,3,108,81.72,0,0,41
2022-11-15,8,103,95.5,0,0,27
2023-01-11,8,103,69.19,0,0,19
2024-06-08,8,103,27.88,0,1,76
2024-08-10,8,103,50.15,0,0,42
2026-12-15,8,103,48.57,0,0,35
2027-01-03,8,103,16.24,1,0,83
2028-03-13,8,103,97.36,0,0,34
2028-04-13,8,103,61.42,0,0,37
2029-08-25,8,103,76.26,0,0,30
2034-04-06,8,103,82.31,0,0,36
2034-08-15,8,103,45.19,0,0,38
2022-11-17,6,137,53.1,0,0,45
2022-12-30,6,137,76.1,0,0,27
2023-03-03,6,137,78.3,0,0,35
2024-12-30,6,137,66.68,1,0,54
2025-05-25,6,137,49.95,0,0,17
2027-09-07,6,137,76.95,0,0,46
2028-10-14,6,137,93.41,0,0,40
2030-05-18,6,137,39.67,1,0,78
2031-08-03,6,137,38.52,0,0,30
2033-12-03,6,137,26.31,0,0,30
2022-11-21,2,112,26.4,1,0,56
2023-08-20,2,112,64.9,1,0,57
2024-06-07,2,112,24.89,0,0,42
2024-06-26,2,112,85.79,1,0,44
2025-03-19,2,112,77.44,0,0,26
2025-08-04,2,112,90.37,0,0,32
2026-11-28,2,112,42.43,1,0,70
2026-12-30,2,112,58.12,0,0,36
2027-07-27,2,112,64.98,1,0,52
2030-03-08,2,112,88.0,0,0,9
2033-01-10,2,112,16.39,0,0,26
2035-04-14,2,112,7.87,0,0,51
2022-11-22,10,112,69.74,0,0,26
2023-01-23,10,112,31.11,1,0,71
2023-09-09,10,112,86.3,0,0,27
2023-11-15,10,112,43.22,0,0,39
2024-01-30,10,112,9.59,1,0,72
2025-12-15,10,112,84.24,1,0,66
2026-06-08,10,112,77.61,0,0,35
2033-07-05,10,112,73.85,0,0,38
2034-03-11,10,112,18.78,0,0,42
2022-11-23,1,121,29.09,0,0,39
2025-02-14,1,121,22.54,0,0,44
2026-04-11,1,121,31.8,0,1,67
2027-05-15,1,121,55.72,1,1,84
2028-12-24,1,121,48.47,0,0,39
2029-05-28,1,121,72.84,0,0,38
2030-06-07,1,121,30.75,0,0,42
2031-01-28,1,121,33.86,0,0,47
2031-04-29,1,121,20.3,0,0,49
2032-04-12,1,121,97.08,0,0,30
2033-02-08,1,121,48.96,1,0,60
2035-06-20,1,121,9.73,0,0,46
2022-11-25,1,146,58.34,0,0,39
2023-10-12,1,146,43.5,0,0,41
2023-11-26,1,146,87.77,0,0,30
2024-12-07,1,146,73.03,1,0,37
2027-08-22,1,146,44.38,0,0,20
2028-07-12,1,146,72.44,0,0,28
2029-06-23,1,146,6.74,1,1,76
2029-10-07,1,146,58.22,1,0,47
2029-11-23,1,146,71.77,0,0,33
2029-12-21,1,146,38.06,0,1,79
2031-07-14,1,146,74.37,0,0,40
2032-04-02,1,146,44.37,0,0,24
2033-02-21,1,146,61.59,0,0,40
2033-09-09,1,146,83.5,1,0,41
2022-11-26,9,144,22.66,0,0,40
2024-04-01,9,144,37.81,1,0,60
2024-10-12,9,144,76.98,0,0,36
2025-10-28,9,144,36.24,0,0,44
2025-11-23,9,144,83.21,1,0,68
2027-06-16,9,144,78.21,1,0,45
2027-11-22,9,144,91.11,1,0,54
2030-04-09,9,144,61.8,0,0,23
2031-01-14,9,144,76.04,0,0,40
2032-02-18,9,144,46.4,1,0,63
2032-03-22,9,144,29.12,0,0,44
2033-03-22,9,144,77.73,0,0,35
2022-11-28,7,142,51.92,0,0,57
2022-12-07,7,142,73.51,0,0,29
2025-09-09,7,142,42.21,0,0,41
2027-02-10,7,142,54.16,0,1,36
2028-01-10,7,142,21.93,0,0,60
2028-10-02,7,142,84.13,0,0,19
2032-03-26,7,142,12.74,0,0,33
2032-05-31,7,142,43.02,1,0,63
2035-06-23,7,142,7.75,0,0,57
2022-11-30,7,107,78.12,0,0,18
2026-01-16,7,107,90.21,1,0,62
2026-09-21,7,107,55.49,0,0,40
2027-07-06,7,107,85.1,0,0,40
2027-12-17,7,107,60.66,0,1,45
2028-06-02,7,107,39.52,0,0,51
2028-12-07,7,107,45.07,0,0,57
2029-11-21,7,107,16.54,0,0,50
2031-03-08,7,107,33.73,0,0,45
2031-07-03,7,107,39.42,0,0,40
2034-07-06,7,107,72.95,1,0,63
2022-12-01,10,107,51.39,1,0,64
2023-04-08,10,107,38.8,0,0,32
2024-08-28,10,107,68.86,1,0,63
2024-10-05,10,107,36.38,1,0,45
2025-04-30,10,107,59.88,0,0,45
2026-10-19,10,107,15.19,0,0,45
2028-07-06,10,107,79.7,0,1,43
2034-11-03,10,107,73.06,0,0,43
2035-02-17,10,107,43.13,1,0,65
2035-03-19,10,107,17.1,0,0,51
2022-12-03,2,125,57.18,0,0,29
2023-12-06,2,125,51.94,0,0,38
2024-01-16,2,125,65.18,0,0,39
2026-03-09,2,125,25.39,0,0,49
2030-02-16,2,125,85.28,0,0,21
2030-09-30,2,125,61.19,0,0,47
2031-01-22,2,125,55.69,1,0,71
2034-05-01,2,125,31.81,0,0,59
2022-12-04,9,147,76.09,1,0,51
2024-11-09,9,147,37.48,0,0,48
2026-10-21,9,147,19.02,1,0,76
2028-07-23,9,147,72.74,0,0,36
2028-12-12,9,147,11.99,1,0,67
2029-04-21,9,147,64.18,0,1,49
2030-09-01,9,147,87.98,0,0,21
2030-12-03,9,147,18.69,1,0,82
2022-12-05,8,125,79.47,0,0,21
2023-03-31,8,125,88.86,0,0,36
2023-04-30,8,125,68.77,1,0,48
2025-08-03,8,125,80.93,0,1,56
2025-08-24,8,125,47.95,0,0,26
2025-12-22,8,125,89.99,0,0,44
2025-12-26,8,125,57.79,0,0,32
2028-12-16,8,125,54.27,0,0,43
2029-03-28,8,125,99.47,1,0,72
2029-09-17,8,125,72.28,0,1,47
2030-01-17,8,125,96.02,0,1,22
2030-09-26,8,125,97.21,0,0,32
2030-11-17,8,125,75.85,0,0,31
2030-12-29,8,125,71.12,1,0,50
2033-09-20,8,125,57.89,1,0,56
2035-03-05,8,125,84.59,0,0,37
2035-03-09,8,125,96.9,0,0,27
2035-06-16,8,125,86.92,1,0,77
2022-12-06,10,122,35.84,1,0,49
2023-10-09,10,122,22.5,0,1,67
2024-01-23,10,122,97.86,0,0,38
2024-02-02,10,122,24.91,0,0,50
2027-08-14,10,122,76.96,0,0,40
2030-05-19,10,122,31.0,0,0,30
2031-02-10,10,122,65.76,0,0,10
2032-07-12,10,122,85.03,0,0,50
2033-11-01,10,122,53.84,0,0,53
2034-02-18,10,122,83.95,0,0,43
2034-11-08,10,122,27.9,1,0,76
