Sales_data.csv
date,store_id,product_id,price,promotion,holiday,sales
2022-12-08,9,112,67.49,0,0,23
2027-01-25,9,112,31.74,0,1,67
2028-04-27,9,112,52.81,0,0,24
2028-05-17,9,112,60.81,1,0,67
2029-09-26,9,112,35.12,0,0,33
2030-04-05,9,112,98.65,0,0,15
2032-10-31,9,112,29.32,0,0,21
2033-02-16,9,112,26.68,1,1,76
2034-01-29,9,112,35.48,1,0,75
2035-07-12,9,112,33.47,1,0,52
2022-12-13,3,147,31.03,1,0,70
2023-05-01,3,147,7.99,0,0,70
2024-11-17,3,147,55.04,0,1,57
2026-03-12,3,147,73.14,1,0,68
2026-07-11,3,147,5.79,0,0,44
2030-02-23,3,147,29.48,0,1,59
2031-08-13,3,147,17.19,0,0,43
2031-08-29,3,147,74.14,0,0,36
2034-04-12,3,147,9.14,0,1,59
2034-05-24,3,147,61.47,0,0,47
2034-08-06,3,147,34.0,0,0,45
2034-11-13,3,147,16.38,1,0,63
2022-12-15,2,111,45.61,0,1,50
2023-01-13,2,111,27.14,1,0,48
2026-11-09,2,111,78.48,1,0,51
2027-01-17,2,111,55.68,0,0,38
2027-05-19,2,111,65.13,0,1,37
2028-01-25,2,111,77.6,0,0,40
2028-03-06,2,111,71.16,0,0,34
2028-05-07,2,111,49.15,1,0,56
2028-06-17,2,111,11.58,1,0,64
2030-08-23,2,111,99.84,0,0,30
2032-05-22,2,111,5.25,1,0,62
2035-02-03,2,111,18.04,0,1,88
2022-12-22,6,126,8.48,0,0,58
2024-10-24,6,126,49.42,0,0,59
2025-12-17,6,126,37.82,0,0,46
2027-07-04,6,126,49.63,0,0,25
2030-03-31,6,126,54.4,0,0,31
2030-11-02,6,126,8.99,0,0,65
2031-01-15,6,126,28.97,0,0,46
2032-12-24,6,126,84.27,0,0,52
2033-02-11,6,126,6.84,1,0,64
2033-02-17,6,126,35.15,0,0,46
2022-12-23,10,110,23.6,0,0,44
2024-03-20,10,110,18.01,1,0,93
2024-09-22,10,110,98.33,0,0,17
2026-02-22,10,110,32.85,0,0,39
2028-09-10,10,110,58.45,0,0,37
2029-03-03,10,110,17.9,1,0,48
2031-02-03,10,110,25.45,0,1,73
2031-09-28,10,110,18.79,1,0,66
2031-11-22,10,110,72.19,1,0,62
2034-06-17,10,110,52.18,0,0,27
2034-07-27,10,110,80.86,0,0,30
2035-01-25,10,110,16.17,1,0,64
2022-12-24,10,137,83.54,1,1,73
2025-08-20,10,137,39.22,0,0,40
2027-07-03,10,137,84.02,0,0,42
2028-07-16,10,137,51.51,0,1,53
2028-07-29,10,137,37.04,0,0,47
2028-08-21,10,137,39.04,0,0,48
2029-01-03,10,137,77.98,0,0,41
2032-01-27,10,137,57.89,0,1,71
2032-07-17,10,137,23.14,1,0,54
2034-08-21,10,137,77.11,0,0,46
2034-11-19,10,137,96.05,0,0,24
2035-08-13,10,137,11.93,0,0,49
2022-12-25,6,133,83.92,0,0,27
2023-09-14,6,133,48.12,0,0,21
2024-04-29,6,133,10.65,0,0,35
2024-12-10,6,133,99.63,1,0,79
2026-06-09,6,133,51.8,1,0,68
2026-10-18,6,133,74.07,0,0,51
2028-06-13,6,133,62.39,0,0,54
2028-07-31,6,133,19.57,1,0,61
2028-08-25,6,133,19.49,0,0,60
2031-07-17,6,133,45.16,1,0,59
2032-07-02,6,133,54.57,0,0,43
2033-03-11,6,133,65.47,0,0,30
2033-12-22,6,133,77.3,1,1,56
2022-12-26,1,142,32.78,1,0,57
2023-03-30,1,142,84.6,0,0,19
2023-06-24,1,142,10.2,1,0,80
2023-12-14,1,142,12.14,1,0,61
2029-05-16,1,142,60.08,0,0,44
2030-01-13,1,142,28.99,1,0,75
2030-10-12,1,142,18.56,1,0,64
2031-02-02,1,142,80.02,1,0,56
2031-02-15,1,142,71.36,0,0,27
2032-06-13,1,142,76.53,0,0,33
2033-03-03,1,142,8.23,0,0,54
2033-03-14,1,142,77.12,0,0,27
2033-09-29,1,142,43.15,1,0,76
2035-08-24,1,142,81.29,0,0,10
2022-12-27,4,118,88.12,0,0,30
2024-09-01,4,118,72.12,0,1,38
2027-11-21,4,118,40.83,0,0,33
2028-08-31,4,118,85.78,0,0,21
2031-09-21,4,118,7.38,0,0,67
2032-08-20,4,118,66.86,0,0,31
2033-02-01,4,118,42.42,1,0,65
2033-08-23,4,118,17.41,0,0,47
2034-12-08,4,118,95.95,0,1,49
2035-08-26,4,118,40.81,0,0,55
2022-12-28,10,105,78.32,0,0,21
2024-09-16,10,105,63.84,0,0,44
2024-11-29,10,105,48.06,0,1,32
2025-03-11,10,105,9.28,0,0,50
2026-04-20,10,105,76.05,0,0,40
2026-12-13,10,105,70.38,0,1,35
2030-02-12,10,105,11.76,0,0,68
2032-08-08,10,105,87.26,1,0,62
2033-01-08,10,105,46.56,0,0,42
2033-03-15,10,105,77.49,0,0,39
2033-04-07,10,105,29.13,1,0,66
2035-07-23,10,105,35.19,0,1,49
2022-12-29,6,145,44.7,0,0,47
2023-10-04,6,145,56.39,0,0,38
2024-06-17,6,145,93.45,0,0,27
2026-05-26,6,145,16.12,1,0,46
2027-08-13,6,145,14.36,0,0,32
2028-11-25,6,145,23.97,0,0,64
2029-03-02,6,145,36.11,0,0,43
2033-08-18,6,145,70.0,0,0,44
2035-03-03,6,145,8.24,0,1,67
2022-12-31,5,148,96.33,0,0,42
2023-03-14,5,148,93.0,0,0,37
2023-09-18,5,148,99.12,0,0,22
2025-04-14,5,148,37.37,0,0,39
2025-05-03,5,148,81.69,1,0,59
2027-07-09,5,148,83.7,0,0,22
2028-07-04,5,148,31.14,0,0,54
2029-04-17,5,148,69.66,0,0,26
2029-06-14,5,148,49.99,0,0,27
2030-11-28,5,148,99.05,1,0,61
2032-09-10,5,148,49.67,0,0,30
2033-03-06,5,148,37.12,0,0,43
2033-11-09,5,148,5.34,0,0,55
2023-01-01,1,141,48.6,1,0,69
2024-07-26,1,141,83.55,0,0,39
2026-01-04,1,141,52.16,0,1,46
2027-09-27,1,141,97.77,0,0,36
2029-01-23,1,141,94.23,0,0,30
2030-04-23,1,141,97.77,1,0,63
2031-07-01,1,141,98.45,0,0,46
2032-03-09,1,141,68.46,1,1,51
2035-06-08,1,141,11.62,0,0,50
2023-01-03,5,100,94.47,0,0,46
2024-01-21,5,100,74.18,1,0,42
2025-09-12,5,100,14.02,0,1,100
2026-07-25,5,100,53.64,0,0,38
2028-11-10,5,100,48.92,0,0,43
2030-03-30,5,100,7.06,0,0,49
2030-07-25,5,100,5.41,0,0,53
2031-10-28,5,100,95.09,1,0,64
2032-12-07,5,100,58.36,1,0,42
2033-07-12,5,100,63.32,0,0,41
2023-01-04,5,134,62.36,0,0,49
2024-04-02,5,134,99.15,1,0,43
2024-06-21,5,134,75.19,1,1,77
2024-10-17,5,134,5.27,0,0,55
2025-05-09,5,134,84.09,0,0,18
2028-09-26,5,134,23.35,0,0,40
2030-08-01,5,134,94.33,0,0,24
2030-11-23,5,134,40.76,1,0,65
2031-02-01,5,134,62.13,0,1,40
2031-04-17,5,134,26.36,0,0,49
2033-10-25,5,134,96.69,0,0,29
2023-01-05,7,139,15.0,1,0,108
2023-10-27,7,139,85.03,0,0,41
2024-02-28,7,139,93.9,1,0,40
2026-03-14,7,139,75.56,0,1,39
2029-11-13,7,139,53.64,1,0,54
2030-05-31,7,139,80.34,0,0,30
2031-01-10,7,139,36.04,0,0,54
2031-06-01,7,139,93.65,0,0,42
2031-10-23,7,139,75.28,0,0,39
2032-07-04,7,139,89.74,0,0,35
2023-01-06,4,107,59.4,0,0,54
2025-01-01,4,107,8.2,0,0,49
2026-07-05,4,107,41.62,0,0,17
2027-12-27,4,107,81.86,1,0,46
2028-11-06,4,107,12.09,0,0,56
2032-06-07,4,107,11.67,0,0,50
2034-03-08,4,107,60.46,0,0,27
2035-03-27,4,107,88.05,0,0,38
2023-01-07,6,146,52.56,0,0,35
2023-02-09,6,146,51.48,0,0,44
2024-08-06,6,146,8.07,1,0,64
2027-05-02,6,146,70.48,0,0,57
2028-09-22,6,146,92.23,1,0,53
2031-08-09,6,146,85.44,0,0,36
2032-08-10,6,146,61.57,1,0,56
2033-07-30,6,146,85.31,0,0,12
2034-06-23,6,146,88.5,1,0,66
2023-01-15,3,137,83.05,1,0,41
2024-10-26,3,137,82.03,0,0,33
2026-07-27,3,137,67.0,1,0,77
2026-08-05,3,137,62.76,0,0,45
2028-06-28,3,137,71.87,1,0,44
2028-11-03,3,137,50.27,0,0,44
2030-07-14,3,137,56.7,0,0,33
2035-01-02,3,137,54.21,0,0,39
2023-01-16,1,145,7.71,0,0,56
2025-04-13,1,145,20.26,1,0,59
2025-07-04,1,145,70.13,0,0,47
2028-06-26,1,145,83.56,0,0,28
2030-06-24,1,145,9.61,0,0,58
2031-01-01,1,145,14.81,0,0,26
2031-01-19,1,145,14.85,0,0,43
2031-12-30,1,145,23.97,1,0,58
2032-04-22,1,145,95.17,0,0,47
2023-01-18,3,142,38.21,0,1,53
2023-09-23,3,142,44.45,0,1,69
2024-05-08,3,142,55.68,0,0,28
2027-07-31,3,142,28.46,0,0,38
2028-11-18,3,142,77.88,1,1,77
2030-04-25,3,142,52.72,0,0,39
2031-04-25,3,142,89.97,0,0,31
2031-10-29,3,142,26.36,0,0,35
2032-11-23,3,142,11.83,0,0,38
2033-03-19,3,142,46.45,0,0,56
2034-02-22,3,142,93.24,0,0,33
2035-08-06,3,142,19.84,0,0,51
2023-01-19,10,136,32.8,1,0,56
2023-06-28,10,136,58.87,0,0,46
2024-11-05,10,136,93.23,0,0,47
2028-07-07,10,136,88.76,0,0,51
2030-04-08,10,136,73.07,0,1,27
2032-11-10,10,136,20.2,1,0,84
2033-03-23,10,136,11.57,0,0,62
2033-10-03,10,136,56.33,0,0,25
2035-01-31,10,136,39.21,0,0,43
2035-05-27,10,136,92.44,1,0,34
2035-06-02,10,136,60.69,0,0,40
2035-08-10,10,136,70.57,1,0,46
2023-01-21,10,123,37.49,1,0,71
2024-03-31,10,123,33.83,0,0,50
2024-09-13,10,123,81.54,1,1,68
2025-05-04,10,123,39.86,0,0,45
2026-08-06,10,123,14.95,0,1,56
2027-04-18,10,123,8.97,1,0,76
2030-09-20,10,123,36.39,1,0,75
2030-11-12,10,123,19.94,0,0,60
2031-11-18,10,123,86.96,0,0,24
2033-02-19,10,123,38.07,1,0,65
2033-03-17,10,123,28.35,0,0,53
2033-07-04,10,123,6.76,0,0,71
2035-04-19,10,123,79.7,0,0,40
2035-08-30,10,123,14.91,0,0,60
2023-01-25,7,103,13.94,0,1,53
2023-08-28,7,103,32.9,0,0,29
2025-01-22,7,103,71.34,1,0,64
2025-02-28,7,103,42.85,1,1,60
2025-03-01,7,103,32.04,1,0,57
2026-06-13,7,103,76.52,0,0,33
2027-06-20,7,103,61.08,0,0,36
2028-09-04,7,103,92.54,1,0,45
2030-03-28,7,103,45.17,1,0,62
2032-01-30,7,103,16.02,0,1,72
2032-10-25,7,103,87.28,0,1,59
2033-08-27,7,103,45.49,1,0,60
2034-07-29,7,103,19.37,0,0,30
2035-01-14,7,103,22.85,0,0,53
2035-03-30,7,103,30.1,0,0,61
2023-01-29,10,106,33.31,0,0,28
2023-06-23,10,106,65.78,0,0,26
2025-09-04,10,106,67.83,1,0,68
2026-01-18,10,106,95.57,0,0,0
2029-04-12,10,106,16.24,0,0,40
2031-05-13,10,106,58.56,0,0,33
2032-09-07,10,106,53.11,1,0,39
2032-11-06,10,106,24.42,0,0,40
2032-11-17,10,106,27.76,1,0,59
2023-01-30,10,145,44.15,0,0,47
2023-03-01,10,145,84.86,0,0,45
2025-10-07,10,145,58.49,0,0,24
2026-09-19,10,145,6.95,1,0,74
2028-04-14,10,145,66.32,0,0,46
2029-01-27,10,145,74.57,0,0,18
2033-01-21,10,145,93.52,1,0,56
2034-11-05,10,145,50.05,0,0,21
2023-02-01,2,127,93.59,0,0,10
2024-09-25,2,127,10.36,1,0,68
2025-03-07,2,127,16.87,0,0,49
2025-12-28,2,127,52.96,0,0,49
2026-12-06,2,127,77.17,0,0,38
2027-03-17,2,127,80.49,0,1,33
2031-06-28,2,127,70.31,0,0,44
2031-08-04,2,127,18.59,0,0,49
2023-02-02,6,140,51.37,0,0,29
2024-12-09,6,140,28.48,1,0,75
2029-02-27,6,140,72.64,0,0,46
2029-10-03,6,140,51.54,0,0,54
2030-03-02,6,140,44.1,0,0,28
2030-09-18,6,140,78.86,0,0,36
2032-08-09,6,140,17.55,0,0,34
2032-11-12,6,140,79.3,0,0,21
2033-11-15,6,140,81.37,0,0,33
2034-06-02,6,140,66.95,0,0,48
2035-02-20,6,140,81.71,0,0,41
2023-02-03,9,122,64.89,0,1,52
2024-01-04,9,122,69.57,1,0,45
2024-07-03,9,122,35.42,0,1,66
2024-10-29,9,122,90.32,0,0,38
2025-08-01,9,122,93.75,0,0,46
2025-08-28,9,122,44.33,0,1,81
2026-09-25,9,122,19.04,0,0,58
2027-05-25,9,122,22.61,0,0,50
2031-03-03,9,122,87.42,1,0,65
2031-04-09,9,122,54.86,0,0,43
2031-06-15,9,122,33.91,0,0,53
2034-05-05,9,122,14.32,1,0,69
2035-03-29,9,122,24.51,0,0,47
2035-07-02,9,122,78.46,0,0,17
2023-02-08,5,142,72.04,1,0,52
2023-10-18,5,142,24.71,0,0,57
2024-01-25,5,142,47.29,0,0,32
2025-03-04,5,142,62.76,0,0,51
2026-01-12,5,142,52.46,0,0,52
2027-07-22,5,142,40.66,1,0,66
2028-05-04,5,142,60.47,0,0,35
2029-01-14,5,142,66.51,0,0,59
2029-10-17,5,142,31.51,0,0,40
2030-12-01,5,142,41.92,0,0,39
2031-02-21,5,142,26.27,0,1,69
2034-09-24,5,142,23.91,1,0,48
2035-01-11,5,142,89.59,0,0,55
2035-07-06,5,142,27.47,1,1,85
2023-02-10,7,125,41.38,0,0,60
2025-06-19,7,125,29.83,0,1,55
2026-03-01,7,125,38.24,0,0,36
2026-07-26,7,125,99.26,0,1,34
2027-04-30,7,125,73.32,0,0,43
2028-05-01,7,125,21.09,0,1,81
2029-10-27,7,125,34.56,0,0,31
2033-07-07,7,125,34.77,0,0,44
2033-11-22,7,125,72.69,0,0,28
2034-03-31,7,125,95.36,0,0,10
2035-06-27,7,125,32.48,0,0,50
2023-02-11,3,124,26.1,0,0,46
2024-01-19,3,124,14.03,0,0,45
2027-02-25,3,124,82.12,1,0,42
2029-09-25,3,124,93.67,1,0,42
2030-08-28,3,124,97.01,0,1,43
2032-01-09,3,124,43.16,0,0,54
2032-03-19,3,124,46.19,0,0,50
2033-01-12,3,124,99.81,0,0,42
2034-11-10,3,124,89.21,0,1,35
2023-02-12,10,128,83.34,0,1,30
2023-06-14,10,128,13.74,0,0,43
2024-06-06,10,128,82.93,0,0,41
2025-04-17,10,128,11.33,0,0,45
2027-07-30,10,128,47.89,0,0,47
2028-12-11,10,128,74.72,0,0,24
2029-07-25,10,128,84.52,1,0,48
2030-10-02,10,128,10.04,0,0,63
2031-01-05,10,128,84.85,0,1,44
2033-07-17,10,128,17.04,1,0,68
2035-03-14,10,128,89.77,0,0,26
2023-02-14,5,132,47.21,0,0,35
2026-09-12,5,132,52.77,0,0,44
2029-01-06,5,132,54.18,1,0,74
2029-06-20,5,132,64.9,0,0,13
2033-10-12,5,132,11.75,0,0,51
2033-11-10,5,132,93.46,0,0,8
2035-01-15,5,132,29.82,1,0,81
2035-07-26,5,132,84.4,1,0,37
2023-02-16,9,113,9.54,0,0,43
2025-09-13,9,113,42.05,0,0,30
2027-03-10,9,113,84.43,1,0,72
2029-01-05,9,113,48.46,0,0,49
2029-06-13,9,113,44.36,0,0,36
2031-03-14,9,113,82.85,0,0,47
2031-03-24,9,113,41.29,0,0,33
2033-02-26,9,113,90.56,0,0,37
2034-04-08,9,113,56.16,1,0,81
2034-06-09,9,113,10.69,0,0,57
2023-02-18,1,134,99.77,0,0,25
2023-04-07,1,134,9.39,0,0,43
2025-08-25,1,134,86.43,0,0,17
2027-01-20,1,134,53.23,0,0,21
2027-11-08,1,134,95.02,1,0,54
2029-05-05,1,134,58.16,0,0,42
2033-04-08,1,134,34.13,0,0,58
2034-12-11,1,134,26.61,0,0,27
2023-02-19,4,129,89.26,0,0,48
2023-02-25,4,129,21.72,0,0,34
2025-05-10,4,129,85.82,0,0,46
2026-02-26,4,129,91.78,0,0,16
2026-10-24,4,129,70.23,0,0,36
2028-01-02,4,129,12.59,0,0,34
2028-08-14,4,129,10.23,0,0,67
2028-12-15,4,129,17.6,1,0,74
2029-09-12,4,129,95.05,0,0,33
2030-06-09,4,129,53.88,0,0,31
2033-06-23,4,129,11.19,0,0,61
2034-04-21,4,129,42.7,0,1,59
2023-02-20,5,127,81.99,0,0,30
2023-10-22,5,127,44.06,0,0,27
2023-10-30,5,127,8.17,0,0,56
2023-12-20,5,127,44.47,0,0,33
2024-03-07,5,127,44.03,0,0,48
2025-12-19,5,127,45.9,1,0,64
2027-11-16,5,127,97.85,0,0,41
2028-01-01,5,127,86.97,0,0,20
2028-01-07,5,127,92.65,0,0,26
2028-08-24,5,127,28.17,1,0,74
2029-01-01,5,127,64.09,0,0,35
2030-06-26,5,127,81.04,0,0,30
2031-05-15,5,127,95.14,0,0,44
2032-06-16,5,127,60.87,1,0,55
2034-01-18,5,127,52.65,1,0,61
2035-09-02,5,127,63.4,0,0,35
2023-02-21,10,116,40.56,0,0,52
2024-03-08,10,116,6.75,0,0,42
2025-11-11,10,116,18.78,1,1,80
2027-10-11,10,116,80.55,1,0,59
2029-02-23,10,116,77.48,0,0,29
2031-04-24,10,116,40.99,1,0,46
2032-04-18,10,116,28.07,0,0,45
2035-02-15,10,116,84.95,0,0,40
2035-04-09,10,116,7.49,1,0,52
2023-03-02,10,124,85.53,0,0,38
2023-03-08,10,124,89.38,0,0,26
2024-04-05,10,124,10.93,1,1,76
2025-01-07,10,124,73.68,0,0,27
2025-12-24,10,124,97.95,1,0,53
2027-10-18,10,124,6.69,0,0,58
2029-02-05,10,124,22.59,0,0,42
2030-11-08,10,124,33.05,0,0,58
2031-09-04,10,124,90.3,0,1,53
2034-04-22,10,124,44.52,1,0,45
2023-03-04,5,141,88.68,1,1,67
2024-06-23,5,141,47.55,1,0,48
2025-03-08,5,141,7.53,1,0,86
2025-09-28,5,141,81.24,0,0,24
2025-11-26,5,141,64.91,1,0,57
2027-03-18,5,141,76.04,1,0,39
2027-08-30,5,141,30.52,0,0,47
2028-01-26,5,141,56.26,0,0,33
2029-04-09,5,141,19.75,0,0,36
2029-07-31,5,141,49.68,0,0,34
2029-10-14,5,141,6.15,0,0,31
2030-08-26,5,141,43.23,0,0,65
2032-02-11,5,141,75.71,1,0,45
2033-07-21,5,141,88.9,0,0,40
2034-04-05,5,141,48.31,0,0,28
2034-08-22,5,141,11.45,0,0,41
2035-09-07,5,141,53.77,0,1,46
2023-03-05,4,146,81.55,1,0,53
2023-04-22,4,146,15.47,1,0,67
2023-08-18,4,146,26.83,0,0,34
2027-04-21,4,146,43.2,0,0,41
2027-04-23,4,146,57.31,0,0,37
2027-10-02,4,146,53.77,1,0,54
2028-11-14,4,146,31.11,1,1,71
2031-06-02,4,146,52.27,0,0,34
2034-01-24,4,146,36.84,0,0,55
2034-11-23,4,146,61.97,0,0,31
2034-12-12,4,146,14.68,1,0,58
2023-03-06,2,137,62.24,0,0,40
2024-01-02,2,137,74.58,0,0,34
2026-07-28,2,137,10.82,1,0,68
2027-02-02,2,137,65.24,0,0,22
2027-04-07,2,137,16.85,0,1,74
2027-07-21,2,137,93.05,0,0,19
2028-09-16,2,137,85.13,0,0,40
2030-02-01,2,137,16.71,0,0,46
2030-05-04,2,137,49.93,0,0,54
2033-04-14,2,137,8.7,0,0,43
2034-05-26,2,137,29.31,0,0,53
2034-10-21,2,137,58.61,0,0,42
2023-03-11,10,121,8.71,1,0,95
2025-05-12,10,121,11.31,1,0,83
2025-07-20,10,121,54.64,1,0,42
2027-12-04,10,121,41.38,1,1,87
2028-03-02,10,121,67.86,0,0,33
2030-02-21,10,121,51.54,1,0,65
2030-08-06,10,121,45.16,0,0,49
2031-06-19,10,121,93.55,0,0,45
2033-02-05,10,121,58.05,1,0,73
2034-10-31,10,121,79.63,1,0,68
2035-07-04,10,121,72.17,0,0,35
2023-03-12,1,116,65.66,0,0,43
2027-06-03,1,116,57.91,1,0,63
2028-04-24,1,116,12.82,1,0,58
2030-02-10,1,116,87.44,1,0,47
2031-05-11,1,116,69.61,0,0,18
2031-11-03,1,116,89.43,1,1,62
2034-01-12,1,116,90.91,0,0,32
2034-04-14,1,116,71.1,0,1,50
2034-07-14,1,116,13.04,0,0,50
2023-03-15,4,140,96.35,1,0,44
2025-02-04,4,140,98.66,0,0,54
2028-04-25,4,140,5.26,1,0,63
2029-06-26,4,140,49.8,0,0,62
2030-04-24,4,140,71.52,0,0,34
2030-07-22,4,140,72.78,0,0,54
2032-12-21,4,140,92.3,0,1,46
2033-08-29,4,140,90.57,0,1,52
2033-10-29,4,140,71.21,0,0,39
2023-03-16,8,109,23.0,1,0,66
2025-07-14,8,109,7.14,0,1,78
2025-11-22,8,109,76.52,0,0,35
2026-07-01,8,109,96.96,1,0,44
2028-05-18,8,109,10.86,0,0,40
2029-02-03,8,109,83.15,0,0,31
2032-01-01,8,109,96.36,0,0,33
2034-09-03,8,109,71.72,0,0,22
2035-05-22,8,109,97.39,0,1,30
2023-03-17,7,109,69.26,0,0,23
2027-08-04,7,109,42.29,1,0,62
2028-02-05,7,109,33.22,0,0,40
2028-03-22,7,109,46.61,0,0,62
2029-04-03,7,109,6.15,1,0,47
2031-12-24,7,109,67.24,1,0,48
2033-02-06,7,109,7.95,0,0,50
2033-12-08,7,109,37.21,0,0,53
2034-11-27,7,109,80.59,0,0,46
2023-03-18,2,106,13.77,0,1,56
2023-09-10,2,106,69.69,0,1,38
2024-12-26,2,106,82.47,0,0,29
2026-02-07,2,106,42.89,1,0,58
2027-06-18,2,106,62.13,0,0,42
2028-02-11,2,106,10.63,0,0,50
2031-08-02,2,106,6.41,0,0,66
2031-08-18,2,106,8.08,0,0,56
2031-11-11,2,106,50.77,0,0,53
2033-06-01,2,106,73.82,0,0,52
2033-08-13,2,106,47.39,0,0,33
2033-10-31,2,106,35.77,1,0,50
2035-07-10,2,106,84.55,0,0,36
2023-03-21,8,137,69.7,0,0,31
2023-06-27,8,137,15.42,0,0,51
2024-09-28,8,137,5.17,0,0,55
2027-10-17,8,137,64.84,0,0,31
2028-12-02,8,137,87.18,0,0,28
2032-05-08,8,137,42.5,1,0,60
2032-08-07,8,137,56.24,0,0,33
2033-04-06,8,137,86.05,0,0,37
2033-06-02,8,137,22.6,0,0,47
2023-03-22,2,126,40.42,0,0,37
2024-02-22,2,126,98.28,0,0,6
2024-11-30,2,126,70.01,0,0,45
2026-08-21,2,126,92.1,0,0,35
2027-08-09,2,126,54.48,0,0,34
2027-11-20,2,126,37.36,0,0,48
2030-02-05,2,126,69.47,0,1,69
2030-07-03,2,126,72.76,1,0,58
2033-03-21,2,126,28.24,1,0,56
2035-04-25,2,126,80.27,1,1,81
2023-03-23,3,132,18.83,0,1,77
2024-04-23,3,132,48.17,0,1,56
2025-08-17,3,132,70.63,0,0,21
2030-01-12,3,132,64.38,0,1,49
2030-07-24,3,132,9.42,0,1,82
2030-10-07,3,132,67.53,1,0,38
2031-10-30,3,132,99.97,0,0,17
2033-02-13,3,132,60.89,0,0,42
2033-12-25,3,132,37.08,0,1,51
2034-09-07,3,132,46.24,1,0,82
2035-06-18,3,132,37.29,0,0,57
2023-03-26,3,133,59.8,0,0,43
2024-04-24,3,133,75.79,0,0,17
2024-09-09,3,133,73.59,0,0,30
2024-12-24,3,133,82.49,1,0,48
2025-02-17,3,133,72.61,0,0,49
2026-09-14,3,133,94.51,0,0,11
2029-09-01,3,133,60.05,0,0,22
2031-04-27,3,133,69.4,1,0,54
2031-08-22,3,133,7.12,0,0,55
2031-12-06,3,133,20.77,1,0,68
2032-02-17,3,133,12.74,1,0,84
2033-08-17,3,133,60.99,0,0,26
2023-03-27,5,103,8.89,0,0,51
2023-04-24,5,103,19.86,0,0,52
2023-07-03,5,103,48.96,0,0,63
2024-10-16,5,103,69.94,0,0,31
2027-03-11,5,103,73.25,0,0,37
2029-09-24,5,103,76.36,0,0,43
2033-01-06,5,103,98.86,0,0,10
2033-11-27,5,103,96.57,1,0,57
2023-04-02,2,100,14.93,1,0,47
2025-02-26,2,100,17.04,0,0,52
2025-06-22,2,100,27.99,1,0,59
2027-11-25,2,100,40.06,1,0,62
2029-02-22,2,100,12.49,0,0,44
2029-02-24,2,100,60.53,1,0,47
2030-05-21,2,100,36.96,1,0,78
2032-12-14,2,100,23.95,0,0,33
2033-04-10,2,100,34.34,0,0,35
2034-01-01,2,100,9.42,0,0,62
2034-12-01,2,100,58.27,0,1,46
2035-01-04,2,100,82.48,0,0,32
