Sales_data.csv
date,store_id,product_id,price,promotion,holiday,sales
2023-04-05,3,149,89.93,0,0,30
2027-06-04,3,149,15.28,0,0,23
2028-07-11,3,149,67.82,0,0,34
2029-04-10,3,149,79.98,1,0,68
2029-04-29,3,149,87.59,0,0,47
2030-01-15,3,149,75.97,1,0,67
2030-08-22,3,149,92.12,1,0,60
2030-09-11,3,149,64.15,0,0,29
2030-11-30,3,149,74.68,0,0,44
2031-04-08,3,149,99.74,0,1,56
2032-04-11,3,149,44.98,0,0,51
2033-03-27,3,149,65.2,0,0,36
2033-05-18,3,149,49.0,0,0,27
2023-04-06,7,108,97.56,1,0,52
2023-06-11,7,108,5.62,0,0,30
2024-06-18,7,108,95.39,0,0,32
2025-02-11,7,108,21.33,0,0,55
2026-07-24,7,108,22.61,1,0,56
2027-04-12,7,108,46.12,0,0,58
2027-12-25,7,108,11.59,0,0,48
2029-09-07,7,108,50.53,0,1,45
2031-12-16,7,108,19.81,0,0,36
2033-04-29,7,108,68.11,0,0,16
2033-11-08,7,108,64.01,0,0,34
2035-07-08,7,108,76.53,0,0,34
2023-04-13,2,142,50.93,0,0,39
2023-10-14,2,142,82.29,0,0,48
2024-01-31,2,142,58.51,1,0,64
2025-03-24,2,142,55.14,0,0,38
2025-10-25,2,142,31.67,0,0,54
2027-03-06,2,142,30.29,0,0,40
2031-11-26,2,142,28.98,1,0,61
2033-05-30,2,142,85.04,0,0,40
2023-04-16,7,113,6.91,0,0,31
2023-07-19,7,113,40.85,0,1,64
2023-10-19,7,113,91.06,0,0,32
2024-08-15,7,113,70.64,1,1,64
2025-08-22,7,113,92.68,0,0,60
2029-08-12,7,113,79.73,0,0,44
2032-01-17,7,113,98.01,0,0,31
2032-06-28,7,113,88.33,0,0,38
2034-01-16,7,113,34.03,0,0,44
2034-07-15,7,113,94.7,1,0,52
2035-03-31,7,113,91.45,1,0,48
2035-08-20,7,113,60.45,0,1,53
2023-04-17,4,117,89.59,0,0,29
2024-02-11,4,117,12.5,0,0,55
2025-03-02,4,117,21.15,1,1,56
2025-11-25,4,117,51.33,1,0,51
2027-10-30,4,117,42.74,1,0,67
2028-07-25,4,117,28.97,0,0,39
2030-02-04,4,117,83.6,0,1,74
2030-05-16,4,117,44.81,1,0,53
2031-03-12,4,117,96.16,1,0,67
2031-06-27,4,117,32.63,0,0,41
2033-10-08,4,117,59.63,0,0,48
2034-06-21,4,117,81.5,0,0,28
2034-11-25,4,117,47.19,1,0,80
2023-04-18,10,127,59.08,0,0,61
2023-07-21,10,127,9.41,0,0,32
2027-01-15,10,127,80.51,0,0,26
2027-05-29,10,127,34.49,0,0,59
2030-04-01,10,127,69.6,0,0,23
2030-05-28,10,127,93.49,0,1,47
2031-04-13,10,127,28.9,1,0,56
2031-07-23,10,127,29.36,0,0,65
2032-03-01,10,127,85.06,0,0,37
2032-10-01,10,127,65.24,1,0,30
2032-12-11,10,127,31.0,1,0,67
2033-07-22,10,127,97.2,1,1,48
2034-05-13,10,127,20.97,0,0,51
2034-07-05,10,127,89.25,1,0,61
2034-10-10,10,127,64.48,1,0,69
2023-04-21,8,134,23.04,1,1,78
2023-12-28,8,134,32.77,1,1,101
2026-09-16,8,134,35.88,0,0,72
2027-09-01,8,134,84.1,0,0,32
2027-11-18,8,134,21.93,0,0,41
2028-04-01,8,134,47.43,1,0,56
2028-05-06,8,134,12.04,0,0,44
2029-06-21,8,134,60.08,0,0,34
2030-04-13,8,134,96.39,0,0,12
2030-11-04,8,134,87.17,0,0,41
2031-03-18,8,134,34.56,0,0,55
2031-11-27,8,134,6.76,0,1,54
2033-10-16,8,134,28.72,0,0,37
2035-02-10,8,134,47.16,0,0,50
2023-04-23,9,130,73.52,0,0,36
2029-09-05,9,130,62.78,1,0,74
2031-01-02,9,130,9.95,1,0,52
2031-04-26,9,130,5.94,0,0,70
2032-01-26,9,130,53.53,1,0,61
2032-03-04,9,130,33.76,0,0,52
2033-05-08,9,130,65.38,1,0,60
2034-05-18,9,130,49.47,0,0,59
2035-04-30,9,130,69.48,0,0,42
2035-07-09,9,130,45.33,0,0,50
2023-04-27,10,138,84.97,1,0,70
2023-07-20,10,138,47.25,0,1,75
2025-09-16,10,138,19.46,0,0,64
2026-07-19,10,138,33.4,1,0,61
2026-12-28,10,138,70.52,0,0,20
2027-04-04,10,138,78.3,0,0,48
2028-05-11,10,138,98.14,0,0,22
2029-06-02,10,138,25.47,0,0,43
2029-06-22,10,138,40.16,0,0,44
2030-01-20,10,138,69.89,0,1,52
2032-11-24,10,138,60.05,0,0,26
2033-04-19,10,138,94.78,0,0,43
2033-09-04,10,138,57.65,0,1,54
2033-12-27,10,138,35.1,0,0,36
2034-12-21,10,138,58.87,1,0,48
2035-05-08,10,138,43.34,0,0,43
2035-06-07,10,138,10.12,0,0,34
2023-04-28,5,147,33.41,0,0,51
2023-11-04,5,147,84.47,0,0,26
2024-10-01,5,147,99.14,0,0,16
2026-03-23,5,147,74.03,0,0,48
2026-04-18,5,147,93.5,0,0,35
2027-01-13,5,147,32.79,0,0,49
2028-01-15,5,147,88.52,1,1,60
2030-01-23,5,147,86.82,0,0,26
2030-03-16,5,147,70.52,0,0,12
2030-04-20,5,147,69.69,0,0,51
2030-05-12,5,147,47.92,1,0,81
2031-08-26,5,147,40.04,1,0,90
2023-05-02,1,138,74.02,1,0,42
2024-07-24,1,138,75.33,0,0,27
2025-01-29,1,138,60.69,0,0,38
2026-08-12,1,138,73.74,0,0,29
2027-07-10,1,138,56.09,0,0,37
2027-10-12,1,138,97.06,0,1,29
2028-02-02,1,138,34.65,0,0,48
2028-05-12,1,138,56.82,0,1,56
2028-09-03,1,138,20.69,0,0,51
2030-07-06,1,138,68.44,1,0,49
2032-10-30,1,138,47.46,0,0,55
2033-12-10,1,138,14.69,0,0,25
2023-05-04,4,103,44.44,0,0,48
2027-10-22,4,103,80.16,0,0,48
2028-02-10,4,103,10.0,0,0,57
2028-03-30,4,103,67.87,0,0,51
2028-04-03,4,103,29.57,1,0,68
2029-05-21,4,103,78.96,0,0,15
2031-07-27,4,103,76.11,0,0,49
2032-09-29,4,103,35.27,0,1,59
2033-10-02,4,103,83.16,1,1,56
2033-12-17,4,103,87.19,0,0,33
2023-05-06,1,129,21.59,0,0,53
2025-09-21,1,129,67.86,0,0,45
2026-10-11,1,129,73.54,0,0,24
2029-09-18,1,129,46.37,1,0,71
2032-09-20,1,129,96.01,0,0,24
2034-09-16,1,129,60.73,1,0,55
2035-02-25,1,129,43.14,0,0,26
2035-06-30,1,129,96.98,0,0,27
2023-05-08,8,110,97.56,0,0,25
2024-07-31,8,110,98.57,1,0,70
2026-09-27,8,110,23.59,0,0,51
2030-04-16,8,110,74.19,0,0,49
2031-03-26,8,110,49.46,1,0,61
2032-01-06,8,110,42.83,0,0,46
2032-12-12,8,110,21.6,0,0,41
2033-05-11,8,110,11.49,1,0,70
2033-06-06,8,110,6.79,0,0,37
2033-06-29,8,110,72.26,1,0,43
2034-01-17,8,110,52.07,0,1,62
2034-07-22,8,110,67.91,0,0,31
2034-08-12,8,110,75.24,0,0,41
2023-05-10,5,143,53.7,0,0,33
2024-04-26,5,143,6.01,0,0,52
2024-10-28,5,143,93.02,1,0,51
2026-01-07,5,143,60.92,0,0,57
2026-09-23,5,143,70.3,0,0,40
2026-12-17,5,143,69.58,0,0,39
2028-11-04,5,143,35.94,0,0,22
2031-08-07,5,143,41.83,0,0,37
2032-07-22,5,143,30.4,1,0,67
2023-05-11,1,111,93.76,1,0,38
2023-12-19,1,111,42.92,0,0,41
2026-05-23,1,111,46.41,1,0,65
2026-06-04,1,111,7.2,0,0,51
2027-01-10,1,111,78.2,0,0,27
2030-08-02,1,111,45.58,1,0,67
2030-11-26,1,111,99.94,1,0,69
2032-06-15,1,111,89.62,1,0,42
2032-09-27,1,111,38.54,0,0,64
2033-04-13,1,111,16.06,1,0,64
2023-05-14,9,117,30.36,0,0,43
2023-06-21,9,117,71.05,0,0,36
2025-12-01,9,117,36.28,0,0,49
2027-12-05,9,117,28.86,0,0,46
2027-12-15,9,117,72.01,1,0,60
2028-10-07,9,117,95.67,0,0,47
2030-09-23,9,117,37.14,0,0,52
2031-01-18,9,117,62.62,0,0,41
2031-06-08,9,117,33.82,1,0,75
2031-07-29,9,117,72.0,0,0,41
2031-08-27,9,117,84.11,0,0,44
2032-05-26,9,117,71.91,0,0,42
2032-07-28,9,117,29.63,0,0,52
2032-08-29,9,117,47.15,1,0,63
2032-12-20,9,117,55.87,0,0,15
2023-05-15,3,125,93.3,0,1,40
2024-02-27,3,125,62.39,1,1,83
2025-08-09,3,125,45.52,1,0,79
2025-12-23,3,125,56.54,1,0,44
2025-12-25,3,125,81.95,0,0,34
2027-01-11,3,125,63.6,0,0,37
2028-05-26,3,125,31.23,1,0,74
2028-10-30,3,125,45.37,1,0,57
2029-01-11,3,125,66.03,1,0,35
2030-05-15,3,125,37.97,1,0,54
2031-03-04,3,125,9.1,1,0,73
2032-11-16,3,125,46.19,1,0,67
2033-05-31,3,125,61.68,0,0,26
2035-04-08,3,125,68.43,0,0,37
2023-05-16,9,106,21.38,0,0,43
2023-09-12,9,106,30.59,0,0,40
2027-09-25,9,106,12.28,0,0,56
2029-01-22,9,106,65.8,0,0,35
2030-12-31,9,106,22.02,0,0,59
2031-08-20,9,106,17.67,0,0,53
2032-04-04,9,106,92.7,1,0,52
2032-07-14,9,106,13.88,0,0,39
2033-05-20,9,106,61.08,1,0,58
2034-04-25,9,106,59.98,1,0,59
2023-05-22,3,105,21.09,0,0,42
2023-08-16,3,105,33.36,1,0,46
2025-01-27,3,105,27.82,1,0,59
2026-02-03,3,105,21.18,0,0,53
2026-06-22,3,105,63.93,1,0,59
2028-10-23,3,105,60.0,1,0,71
2033-11-11,3,105,39.34,0,0,28
2035-05-10,3,105,26.5,1,0,45
2035-08-08,3,105,78.98,0,0,37
2023-05-26,3,123,75.14,0,0,31
2025-02-27,3,123,58.8,0,0,39
2026-10-17,3,123,44.98,0,0,47
2029-03-04,3,123,27.51,0,0,58
2030-06-19,3,123,79.01,1,0,69
2030-08-31,3,123,97.63,1,0,38
2033-04-04,3,123,50.13,1,0,75
2033-06-16,3,123,94.02,1,0,38
2023-05-29,4,136,60.33,0,0,42
2023-09-19,4,136,28.52,1,0,66
2025-02-05,4,136,65.8,1,0,66
2028-04-04,4,136,72.98,1,0,59
2029-10-20,4,136,30.67,1,0,83
2030-12-22,4,136,60.25,0,0,38
2031-05-28,4,136,81.1,1,0,83
2031-07-16,4,136,72.65,0,0,35
2032-03-11,4,136,80.26,0,0,42
2023-05-30,3,117,17.05,0,0,34
2023-10-16,3,117,55.18,0,1,35
2023-12-18,3,117,98.35,1,0,71
2025-03-20,3,117,84.17,0,0,18
2025-09-08,3,117,55.34,1,0,51
2025-11-19,3,117,43.26,0,0,46
2027-12-11,3,117,58.28,1,1,64
2028-07-15,3,117,85.11,0,0,39
2029-05-27,3,117,25.64,1,1,50
2029-06-29,3,117,95.04,0,0,46
2029-07-23,3,117,23.9,0,0,38
2029-08-19,3,117,21.87,0,0,58
2029-11-10,3,117,89.06,0,0,10
2030-04-03,3,117,48.79,1,0,71
2031-01-20,3,117,84.41,0,0,36
2032-06-05,3,117,29.1,0,0,43
2033-05-22,3,117,92.1,0,0,34
2033-05-23,3,117,85.83,0,0,17
2034-03-27,3,117,32.19,0,0,55
2034-10-09,3,117,39.33,0,0,49
2023-06-01,5,136,85.26,0,1,34
2023-06-06,5,136,8.19,1,0,65
2025-11-04,5,136,6.77,1,0,93
2026-05-03,5,136,28.65,0,0,29
2026-10-10,5,136,52.72,0,0,34
2027-01-12,5,136,61.87,1,0,81
2029-05-18,5,136,29.85,0,0,74
2030-06-25,5,136,62.35,0,0,36
2031-03-11,5,136,5.3,0,0,39
2032-04-10,5,136,60.54,0,0,55
2032-09-13,5,136,78.05,0,0,31
2032-11-01,5,136,67.76,0,0,53
2033-09-15,5,136,39.61,1,0,47
2033-11-12,5,136,42.71,0,0,28
2023-06-04,9,132,72.57,1,0,56
2023-06-29,9,132,93.19,0,0,23
2025-03-06,9,132,20.54,0,0,37
2027-01-14,9,132,69.97,0,0,32
2027-02-04,9,132,18.14,0,0,73
2029-09-10,9,132,12.57,0,0,41
2030-10-24,9,132,64.49,0,0,46
2035-07-15,9,132,36.75,0,0,51
2023-06-05,4,109,14.5,0,0,30
2025-09-26,4,109,36.86,1,0,49
2027-07-02,4,109,98.5,1,0,57
2028-12-17,4,109,79.01,0,0,48
2029-03-12,4,109,61.41,0,0,31
2030-02-09,4,109,91.93,0,0,19
2031-10-14,4,109,32.06,1,0,68
2032-01-08,4,109,8.65,0,0,58
2035-04-23,4,109,66.05,0,0,26
2023-06-07,4,111,58.24,0,0,21
2026-01-09,4,111,66.86,1,0,69
2026-02-28,4,111,48.65,1,0,55
2026-08-18,4,111,73.05,0,0,30
2027-11-23,4,111,55.36,0,0,32
2029-11-02,4,111,33.46,0,0,34
2030-06-02,4,111,68.3,1,0,46
2031-03-21,4,111,64.2,1,0,58
2031-05-04,4,111,58.49,0,0,48
2032-03-10,4,111,56.13,0,0,22
2032-04-20,4,111,96.77,0,0,26
2032-09-04,4,111,10.81,0,0,36
2034-02-19,4,111,80.9,0,0,16
2034-09-27,4,111,99.91,1,0,33
2034-10-07,4,111,45.51,0,0,63
2035-06-03,4,111,57.61,1,0,65
2023-06-10,9,138,37.32,1,0,60
2023-08-04,9,138,12.69,1,0,67
2024-02-06,9,138,99.23,0,0,31
2024-05-09,9,138,10.01,0,0,64
2025-03-25,9,138,99.97,0,0,14
2026-06-05,9,138,52.53,0,0,35
2027-12-12,9,138,26.7,1,0,49
2028-02-14,9,138,65.93,0,0,28
2029-09-27,9,138,94.24,0,0,28
2030-02-17,9,138,50.62,0,0,30
2030-03-21,9,138,56.17,0,0,51
2031-02-07,9,138,77.82,0,0,31
2031-07-21,9,138,44.28,0,0,40
2032-02-10,9,138,99.08,0,0,35
2032-09-01,9,138,57.04,0,0,36
2032-10-20,9,138,65.95,0,0,16
2035-07-01,9,138,95.64,0,0,24
2023-06-12,5,120,50.55,0,0,54
2024-07-07,5,120,15.78,0,0,30
2026-12-22,5,120,80.12,0,0,26
2027-09-13,5,120,46.29,1,0,63
2030-11-29,5,120,67.7,0,0,31
2033-01-09,5,120,29.32,0,0,61
2034-07-18,5,120,82.57,0,0,49
2035-06-01,5,120,8.08,0,1,58
2035-07-25,5,120,88.48,0,0,28
2035-08-27,5,120,5.13,0,0,36
2023-06-17,5,114,31.55,0,0,38
2023-08-14,5,114,49.65,0,0,21
2023-09-11,5,114,22.72,0,0,51
2024-12-01,5,114,39.19,0,0,44
2025-12-18,5,114,29.66,0,0,38
2027-06-02,5,114,27.81,0,0,61
2028-02-06,5,114,10.16,0,0,46
2028-11-08,5,114,6.96,0,0,51
2030-01-06,5,114,69.14,0,0,44
2030-09-12,5,114,67.01,0,0,19
2031-02-13,5,114,81.75,0,0,18
2031-04-01,5,114,6.9,1,0,78
2032-05-27,5,114,29.02,1,0,72
2033-10-24,5,114,38.03,1,0,63
2034-12-10,5,114,74.4,1,0,57
2035-03-08,5,114,7.96,1,0,92
2023-06-25,6,117,43.7,0,0,47
2023-11-19,6,117,98.52,0,0,12
2024-11-23,6,117,14.67,0,0,55
2025-03-29,6,117,64.49,0,0,51
2025-04-05,6,117,50.23,0,0,38
2027-06-10,6,117,55.82,0,0,36
2027-12-29,6,117,63.45,0,0,30
2030-10-27,6,117,62.83,0,0,37
2035-01-27,6,117,85.27,0,0,43
2023-06-26,7,143,21.85,0,0,65
2023-07-12,7,143,74.06,1,0,66
2024-07-18,7,143,70.05,0,0,30
2026-07-16,7,143,80.84,1,0,58
2027-05-23,7,143,84.24,0,0,41
2029-10-06,7,143,44.6,1,0,72
2031-12-09,7,143,78.78,0,0,41
2034-07-10,7,143,60.39,0,0,48
2035-01-24,7,143,6.87,1,0,83
2035-05-01,7,143,27.03,0,0,46
2035-09-05,7,143,45.34,1,0,51
2023-07-02,2,110,72.22,0,0,29
2025-11-16,2,110,93.11,0,0,30
2026-06-29,2,110,64.6,0,1,53
2026-12-16,2,110,66.02,0,0,32
2029-11-30,2,110,99.09,0,0,26
2030-11-14,2,110,55.95,0,0,23
2031-03-05,2,110,59.53,1,0,70
2031-03-10,2,110,36.9,0,0,59
2032-08-06,2,110,76.2,1,1,59
2032-10-22,2,110,90.71,1,0,10
2033-03-10,2,110,35.77,0,0,60
2034-04-24,2,110,16.01,1,0,76
2023-07-04,5,117,81.62,0,0,31
2024-05-14,5,117,75.69,1,1,82
2024-07-30,5,117,69.52,0,0,19
2024-09-14,5,117,15.28,0,0,37
2025-12-09,5,117,66.18,0,0,39
2026-04-12,5,117,27.16,0,0,33
2026-10-09,5,117,67.03,1,0,66
2027-10-09,5,117,49.4,1,1,87
2028-02-03,5,117,6.2,0,0,60
2029-10-10,5,117,62.39,0,1,47
2030-09-21,5,117,47.57,0,1,37
2031-06-25,5,117,29.35,0,0,37
2031-09-27,5,117,79.41,0,0,17
2023-07-06,3,148,96.16,0,0,35
2023-07-24,3,148,17.22,0,0,52
2024-03-03,3,148,6.8,0,0,42
2024-03-30,3,148,74.87,0,0,58
2024-12-16,3,148,52.28,0,1,55
2026-02-27,3,148,44.49,0,0,44
2027-12-13,3,148,83.11,0,0,37
2029-08-07,3,148,35.25,0,0,39
2029-10-31,3,148,99.36,0,0,3
2030-04-28,3,148,32.7,1,0,60
2031-07-09,3,148,56.39,1,0,49
2032-08-01,3,148,34.56,0,0,39
2033-07-13,3,148,34.61,1,0,80
2033-08-19,3,148,40.14,1,0,58
2023-07-14,4,141,20.44,0,0,45
2026-03-16,4,141,11.07,0,0,47
2026-06-07,4,141,19.99,1,0,66
2027-03-23,4,141,81.23,0,0,21
2028-01-30,4,141,22.13,0,0,29
2030-02-02,4,141,51.21,0,1,67
2031-06-20,4,141,73.14,0,0,32
2031-07-28,4,141,46.53,1,0,51
2031-11-05,4,141,68.45,0,0,51
2032-04-19,4,141,35.76,0,1,62
2032-05-20,4,141,20.08,0,1,55
2033-12-09,4,141,47.94,0,0,40
2023-07-16,6,120,17.68,0,0,48
2024-05-03,6,120,88.07,0,0,42
2026-05-13,6,120,55.85,0,1,23
2026-07-15,6,120,32.78,0,0,48
2026-08-09,6,120,84.38,1,0,44
2026-09-08,6,120,21.59,0,0,48
2027-11-26,6,120,73.6,1,0,63
2029-06-07,6,120,80.44,0,0,24
2030-05-22,6,120,73.99,1,0,65
2034-05-19,6,120,98.52,0,0,13
2023-07-18,6,130,99.02,0,0,19
2024-05-17,6,130,49.8,0,1,67
2024-11-18,6,130,35.8,1,0,75
2025-05-20,6,130,89.33,1,0,41
2028-01-13,6,130,63.39,0,0,37
2028-08-30,6,130,97.33,0,0,23
2031-08-08,6,130,26.48,0,0,41
2032-05-13,6,130,21.49,1,1,88
2034-01-07,6,130,81.8,1,0,47
2023-07-25,2,108,47.35,1,1,67
2026-03-17,2,108,8.0,0,0,58
2027-01-16,2,108,15.72,0,1,79
2027-09-20,2,108,35.23,0,0,41
2029-10-01,2,108,71.83,0,0,39
2030-03-04,2,108,8.2,0,0,59
2034-07-16,2,108,54.14,0,0,49
2035-08-17,2,108,54.35,0,0,40
2023-07-26,10,144,82.46,1,0,56
2024-03-01,10,144,13.02,0,0,61
2028-02-19,10,144,25.24,0,0,41
2031-05-05,10,144,61.4,0,0,41
2031-07-02,10,144,42.28,0,0,49
2033-08-26,10,144,89.26,1,0,28
2034-06-12,10,144,23.37,1,0,58
2034-10-15,10,144,39.68,0,0,34
2034-11-14,10,144,71.5,1,0,64
2023-07-29,9,104,58.68,1,0,49
2024-07-12,9,104,95.67,0,0,39
2027-01-21,9,104,81.76,0,0,30
2029-11-29,9,104,82.75,0,0,38
2029-12-29,9,104,55.56,0,0,43
2030-03-29,9,104,22.82,0,0,43
2030-09-27,9,104,57.72,1,0,70
2031-07-07,9,104,62.0,0,0,40
2033-06-05,9,104,67.1,0,0,41
2023-07-30,7,122,68.62,0,0,29
2023-12-16,7,122,50.89,0,0,29
2025-10-16,7,122,32.81,1,0,53
2027-04-15,7,122,71.91,0,0,30
2027-09-19,7,122,95.94,0,0,29
2029-12-23,7,122,97.96,0,0,35
2030-01-11,7,122,7.3,0,0,42
2032-01-29,7,122,48.73,0,0,49
2033-12-20,7,122,84.99,0,0,51
2034-12-25,7,122,35.22,1,1,58
2023-08-09,6,102,55.14,1,0,50
2025-08-27,6,102,19.11,0,0,46
2026-02-19,6,102,7.33,0,0,51
2026-10-28,6,102,15.88,1,0,75
2027-08-29,6,102,22.94,0,0,40
2028-10-26,6,102,53.93,1,0,69
2030-06-01,6,102,92.63,0,0,45
2030-07-23,6,102,5.34,0,0,53
2031-09-24,6,102,80.86,0,0,51
2032-04-07,6,102,29.32,0,1,55
2023-08-12,6,127,66.56,0,1,57
2023-10-20,6,127,84.66,1,0,33
2024-01-07,6,127,47.44,0,0,43
2024-08-30,6,127,90.09,0,0,24
2026-02-02,6,127,8.25,1,0,66
2033-10-15,6,127,69.18,1,0,32
2034-12-30,6,127,35.74,1,0,57
2035-04-27,6,127,62.99,0,0,12
2035-08-16,6,127,35.78,0,0,45
2023-08-19,9,137,76.2,0,0,44
2024-08-18,9,137,44.47,0,0,52
2025-10-26,9,137,99.94,0,0,12
2026-05-24,9,137,47.97,0,0,40
2028-11-24,9,137,24.64,0,0,50
2029-08-23,9,137,84.0,1,0,52
2032-04-05,9,137,81.48,0,0,27
2033-05-04,9,137,6.26,0,1,55
2033-05-16,9,137,37.28,0,1,70
2034-06-10,9,137,6.78,1,0,63
2023-08-22,1,118,46.55,0,0,37
2024-08-22,1,118,72.32,0,0,46
2025-05-07,1,118,85.4,0,0,36
2026-10-26,1,118,76.8,1,1,72
2029-12-17,1,118,10.99,0,0,55
2030-10-18,1,118,49.7,0,0,42
2032-10-04,1,118,54.35,1,0,62
2032-11-19,1,118,21.96,0,0,59
2033-06-10,1,118,35.41,0,0,50
2033-09-07,1,118,77.02,0,0,51
2035-08-05,1,118,48.05,0,0,45
2023-08-25,6,107,32.39,0,0,36
2023-09-01,6,107,69.5,0,0,34
2026-05-16,6,107,15.55,0,0,39
2026-06-23,6,107,32.96,0,0,34
2028-12-04,6,107,18.39,1,0,91
2029-12-02,6,107,13.24,0,0,37
2029-12-28,6,107,30.53,1,0,54
2030-08-17,6,107,63.28,0,0,46
2032-08-27,6,107,96.77,0,0,23
2023-08-26,6,119,65.65,0,1,54
2023-11-18,6,119,45.86,1,0,61
2026-03-26,6,119,64.22,0,0,29
2028-01-05,6,119,58.59,0,0,22
2028-06-12,6,119,6.99,0,0,36
2029-02-20,6,119,8.14,0,0,60
2033-03-09,6,119,24.76,0,0,38
2033-06-13,6,119,6.66,0,0,63
2034-09-28,6,119,84.71,1,0,53
2035-08-11,6,119,45.22,0,0,33
2023-09-04,8,112,95.69,0,0,36
2024-06-24,8,112,55.39,0,1,57
2024-09-05,8,112,69.4,0,0,46
2024-12-17,8,112,50.22,0,0,33
2025-10-13,8,112,96.71,1,0,68
2026-04-09,8,112,32.32,0,0,40
2026-10-25,8,112,39.81,1,1,74
2026-11-06,8,112,42.86,1,0,83
2028-03-25,8,112,68.95,0,0,31
2028-05-13,8,112,95.26,0,0,35
2029-08-24,8,112,93.59,1,0,65
2032-10-17,8,112,66.39,1,0,66
2033-07-02,8,112,34.77,0,0,47
2034-05-17,8,112,57.41,0,0,47
2034-08-13,8,112,67.68,0,0,60
2023-09-08,8,113,18.95,1,0,53
2024-11-25,8,113,5.5,1,1,90
2025-07-07,8,113,65.68,0,0,61
2026-05-21,8,113,35.35,0,0,35
2028-02-23,8,113,7.88,0,0,57
2030-10-04,8,113,80.57,0,0,42
2030-10-14,8,113,59.07,0,0,56
2031-06-26,8,113,55.21,0,0,47
2034-09-08,8,113,58.05,0,0,44
2034-10-12,8,113,97.14,1,0,56
2023-09-15,1,140,68.7,1,0,50
2023-10-07,1,140,86.2,1,0,57
2025-05-16,1,140,99.73,1,0,50
2025-09-11,1,140,97.02,1,0,50
2026-05-28,1,140,15.79,1,0,56
2029-12-15,1,140,6.61,0,0,50
2030-12-06,1,140,64.23,0,0,43
2033-05-01,1,140,65.79,0,0,35
2023-09-20,3,143,53.11,0,0,54
2024-12-21,3,143,61.68,0,0,41
2026-07-31,3,143,18.7,0,0,54
2027-06-19,3,143,56.87,0,0,30
2027-12-16,3,143,53.76,0,0,43
2029-08-31,3,143,16.8,0,0,59
2029-09-02,3,143,68.19,0,0,49
2029-10-15,3,143,8.26,0,0,54
2031-02-23,3,143,61.92,1,0,61
2035-06-13,3,143,78.39,0,0,23
2023-09-22,2,109,27.73,1,0,61
2024-09-08,2,109,51.68,1,0,78
2030-04-27,2,109,72.01,0,0,29
2030-11-10,2,109,57.61,0,0,39
2030-11-11,2,109,41.37,0,0,36
2031-09-11,2,109,36.26,1,1,70
2032-07-25,2,109,11.55,0,0,46
2033-12-28,2,109,36.88,0,0,43
2035-05-02,2,109,15.28,0,0,31
