Sales_data.csv
date,store_id,product_id,price,promotion,holiday,sales
2023-09-26,2,107,48.65,0,0,33
2026-01-30,2,107,26.0,1,0,52
2026-05-12,2,107,8.52,0,1,61
2031-01-25,2,107,80.69,0,0,51
2031-11-04,2,107,30.65,0,0,39
2032-11-08,2,107,63.9,0,0,36
2033-11-21,2,107,81.38,0,0,45
2034-03-14,2,107,86.36,1,1,51
2023-09-27,10,148,39.44,1,0,63
2023-12-25,10,148,50.47,1,0,63
2025-05-02,10,148,31.17,0,0,20
2025-12-05,10,148,42.48,0,0,45
2026-01-13,10,148,15.65,0,0,48
2027-04-29,10,148,89.84,1,0,69
2028-10-21,10,148,10.35,0,0,58
2029-01-13,10,148,84.93,0,1,48
2031-02-05,10,148,55.52,0,0,63
2034-10-02,10,148,85.15,0,0,30
2034-10-04,10,148,14.28,1,0,73
2023-10-01,7,124,11.68,0,0,49
2024-03-12,7,124,76.61,0,0,27
2024-04-17,7,124,30.84,0,0,48
2028-01-06,7,124,67.12,1,0,56
2028-07-02,7,124,28.6,0,0,51
2029-01-29,7,124,82.95,0,0,42
2030-02-27,7,124,48.26,0,1,45
2030-07-31,7,124,41.99,0,0,34
2032-02-21,7,124,25.01,0,0,36
2032-03-31,7,124,5.96,0,0,63
2034-04-28,7,124,89.26,0,0,39
2034-07-02,7,124,20.42,0,0,48
2034-10-27,7,124,50.55,1,1,53
2023-10-02,8,116,64.95,0,0,33
2024-07-19,8,116,16.92,0,0,57
2025-09-24,8,116,86.64,1,0,55
2026-03-22,8,116,71.57,1,0,52
2026-05-09,8,116,91.22,0,0,35
2026-05-30,8,116,96.64,1,0,35
2026-08-03,8,116,99.48,0,0,24
2028-03-09,8,116,48.35,1,0,79
2029-03-20,8,116,77.66,1,0,60
2029-07-14,8,116,98.25,1,0,64
2032-12-25,8,116,38.41,0,1,70
2035-04-29,8,116,99.37,0,0,26
2023-10-11,6,105,42.28,0,0,36
2024-05-04,6,105,85.85,0,0,35
2027-08-06,6,105,83.16,0,0,24
2028-02-16,6,105,18.45,1,1,85
2029-02-08,6,105,53.87,1,0,62
2029-10-29,6,105,87.34,1,0,56
2031-04-28,6,105,50.33,1,0,62
2032-08-25,6,105,57.44,0,0,66
2033-03-26,6,105,89.8,0,0,36
2033-05-09,6,105,19.09,0,0,31
2023-10-15,9,124,8.4,0,0,41
2024-04-10,9,124,68.92,0,0,31
2024-07-14,9,124,96.42,1,0,46
2025-10-15,9,124,80.24,0,0,33
2026-10-05,9,124,74.82,1,0,55
2027-08-17,9,124,80.76,1,1,69
2028-11-26,9,124,53.11,0,0,40
2029-10-18,9,124,60.04,0,0,26
2033-03-31,9,124,9.5,1,0,71
2034-11-04,9,124,48.17,0,0,35
2023-10-21,1,117,49.75,0,0,48
2024-02-01,1,117,66.54,1,0,58
2024-03-29,1,117,72.0,0,0,38
2024-08-29,1,117,23.69,0,1,68
2025-02-22,1,117,90.84,1,0,68
2025-12-30,1,117,39.02,0,0,40
2027-02-21,1,117,72.56,0,0,33
2029-02-10,1,117,8.31,1,0,65
2033-02-07,1,117,48.83,0,0,33
2033-12-07,1,117,75.64,0,1,54
2023-10-23,5,126,27.47,0,0,39
2025-03-03,5,126,36.86,1,0,76
2025-04-28,5,126,21.68,1,0,58
2028-06-25,5,126,47.84,1,0,37
2029-01-08,5,126,67.64,1,0,71
2030-05-23,5,126,53.44,0,0,40
2030-06-16,5,126,39.23,1,0,69
2031-12-03,5,126,61.54,0,0,50
2023-11-03,1,133,28.76,0,0,31
2024-12-19,1,133,8.3,0,0,32
2025-06-04,1,133,72.71,0,0,47
2025-08-30,1,133,30.03,1,0,65
2026-04-05,1,133,50.66,0,1,55
2027-04-27,1,133,88.62,0,0,42
2027-09-12,1,133,78.36,0,0,48
2028-02-20,1,133,63.53,0,0,27
2030-03-09,1,133,48.87,0,0,38
2034-03-30,1,133,52.59,0,0,49
2034-06-25,1,133,93.27,1,0,64
2023-11-08,4,105,43.75,0,0,34
2024-05-02,4,105,80.42,0,0,42
2024-09-12,4,105,6.85,0,1,58
2025-04-09,4,105,49.54,0,0,41
2030-01-29,4,105,24.07,0,0,46
2030-12-18,4,105,36.09,0,1,48
2033-09-06,4,105,44.66,0,0,45
2034-02-01,4,105,77.1,0,0,32
2023-11-13,8,129,6.38,1,0,65
2024-10-04,8,129,36.81,0,0,47
2029-05-07,8,129,97.94,0,1,38
2030-01-16,8,129,92.01,0,0,38
2030-08-03,8,129,57.7,0,0,31
2031-01-30,8,129,75.98,0,0,12
2031-07-11,8,129,74.41,0,0,36
2031-09-22,8,129,62.37,0,0,27
2033-08-01,8,129,80.19,0,0,43
2034-10-13,8,129,92.85,0,1,35
2023-11-16,10,104,40.59,1,0,89
2024-11-10,10,104,20.98,0,0,43
2026-06-15,10,104,25.79,0,0,44
2026-11-25,10,104,57.2,0,1,46
2027-02-14,10,104,34.23,0,0,42
2027-08-19,10,104,64.39,0,0,53
2029-09-03,10,104,46.7,0,0,33
2031-08-05,10,104,92.84,1,1,66
2031-11-02,10,104,5.21,1,0,84
2033-10-26,10,104,51.52,0,0,44
2023-11-21,2,117,61.97,0,0,39
2024-12-25,2,117,10.96,0,0,39
2026-09-10,2,117,33.33,1,0,63
2027-11-03,2,117,57.73,0,1,41
2030-10-21,2,117,36.64,0,0,38
2031-04-20,2,117,67.02,0,0,25
2032-08-22,2,117,12.78,1,1,76
2034-11-22,2,117,66.23,1,0,65
2023-12-03,6,118,13.91,1,0,68
2024-04-16,6,118,81.31,1,1,77
2024-08-05,6,118,84.69,0,0,29
2024-08-17,6,118,88.16,0,0,25
2025-07-12,6,118,96.59,0,0,33
2025-07-27,6,118,35.07,0,0,48
2027-10-05,6,118,93.81,0,0,20
2029-05-11,6,118,8.28,0,0,57
2029-11-28,6,118,90.49,0,0,22
2030-07-28,6,118,33.27,0,0,49
2031-01-29,6,118,53.4,0,0,23
2031-09-05,6,118,28.04,0,0,35
2034-03-19,6,118,83.13,1,0,41
2034-08-28,6,118,68.39,0,0,62
2023-12-12,9,140,83.43,0,0,35
2024-03-10,9,140,81.45,1,0,59
2024-06-13,9,140,31.84,0,0,65
2024-11-06,9,140,81.41,0,0,23
2027-06-27,9,140,68.83,0,0,50
2028-08-05,9,140,77.88,0,0,26
2029-05-26,9,140,96.62,0,0,26
2031-09-26,9,140,50.8,0,0,27
2032-02-16,9,140,96.39,0,0,38
2034-12-20,9,140,9.56,1,0,67
2023-12-27,4,125,34.41,1,0,72
2024-07-11,4,125,41.68,1,0,54
2024-09-30,4,125,37.34,1,1,86
2025-09-19,4,125,95.81,0,1,54
2025-10-18,4,125,51.34,0,0,55
2026-02-11,4,125,88.76,0,0,10
2026-02-12,4,125,42.49,0,1,56
2026-10-29,4,125,34.87,0,0,45
2026-11-13,4,125,25.35,0,0,66
2027-04-05,4,125,54.66,0,0,52
2029-06-06,4,125,76.09,1,0,53
2031-02-22,4,125,94.42,1,0,39
2032-01-16,4,125,69.13,0,0,51
2033-01-13,4,125,22.16,0,0,57
2035-08-14,4,125,81.31,1,0,65
2035-08-31,4,125,12.14,0,0,44
2023-12-29,5,133,82.05,0,1,55
2024-04-09,5,133,10.37,1,0,54
2024-04-12,5,133,42.89,0,0,61
2025-09-20,5,133,74.74,0,0,35
2027-01-24,5,133,8.94,0,0,54
2027-03-08,5,133,15.15,0,0,49
2027-06-21,5,133,93.79,1,0,53
2031-07-10,5,133,31.09,1,0,70
2035-03-20,5,133,90.92,0,0,31
2023-12-31,6,139,81.54,0,0,33
2024-10-20,6,139,43.59,0,0,58
2027-02-23,6,139,60.2,1,0,43
2027-04-24,6,139,28.81,0,0,45
2027-10-14,6,139,59.5,0,0,20
2029-11-26,6,139,88.35,0,0,38
2031-07-19,6,139,29.61,0,0,28
2033-08-25,6,139,65.31,0,1,44
2034-05-28,6,139,6.51,1,0,71
2024-01-03,3,112,46.06,0,0,31
2026-03-04,3,112,66.57,0,0,50
2026-03-20,3,112,83.25,0,0,48
2026-11-24,3,112,45.43,0,0,44
2030-01-07,3,112,65.16,0,0,26
2030-02-28,3,112,81.99,0,0,34
2030-09-09,3,112,49.68,0,0,23
2030-10-20,3,112,85.51,0,0,36
2033-02-12,3,112,52.69,1,0,61
2033-04-25,3,112,10.56,0,0,37
2033-10-05,3,112,43.68,1,1,48
2033-10-07,3,112,79.44,1,0,68
2034-12-29,3,112,47.79,0,0,52
2024-01-12,8,107,97.34,1,0,50
2028-11-28,8,107,91.6,0,0,27
2031-07-12,8,107,84.09,0,1,37
2031-10-17,8,107,31.91,0,0,45
2031-12-01,8,107,54.94,1,0,92
2033-09-22,8,107,42.28,0,0,44
2034-07-04,8,107,10.75,1,0,65
2034-11-11,8,107,31.12,0,0,43
2024-01-17,10,139,15.05,0,0,57
2025-04-08,10,139,56.12,1,0,56
2025-10-30,10,139,32.93,0,0,44
2026-12-29,10,139,85.95,0,0,34
2027-04-19,10,139,64.27,0,0,39
2029-12-06,10,139,65.14,0,0,40
2030-08-15,10,139,57.32,0,0,28
2031-10-04,10,139,12.52,0,0,50
2031-12-05,10,139,11.07,0,0,37
2035-05-11,10,139,6.65,0,0,65
2024-01-20,5,140,14.02,0,0,43
2024-10-30,5,140,74.5,0,0,35
2025-10-01,5,140,97.09,0,0,40
2026-02-08,5,140,90.92,0,0,38
2027-03-13,5,140,9.29,0,0,38
2029-01-25,5,140,73.95,0,0,32
2030-02-06,5,140,11.19,1,0,80
2032-05-10,5,140,90.22,0,0,20
2035-01-18,5,140,21.47,0,0,52
2035-05-20,5,140,58.34,0,0,40
2024-01-26,6,142,15.75,0,0,59
2024-04-08,6,142,69.03,1,0,28
2025-04-16,6,142,60.78,0,0,13
2025-06-25,6,142,65.44,0,0,37
2025-12-12,6,142,60.32,1,0,43
2027-04-26,6,142,45.67,0,0,21
2031-03-31,6,142,72.45,0,0,33
2031-06-11,6,142,51.43,0,0,33
2032-08-31,6,142,6.26,0,0,47
2033-07-16,6,142,65.24,0,1,60
2034-03-23,6,142,7.3,0,0,34
2024-01-29,9,129,89.44,0,0,41
2027-07-13,9,129,44.25,0,0,56
2028-07-18,9,129,87.82,1,0,45
2030-10-17,9,129,81.89,0,0,10
2032-01-22,9,129,47.68,0,0,40
2032-07-23,9,129,64.89,1,0,54
2034-02-24,9,129,42.85,0,1,69
2034-10-06,9,129,46.3,1,0,74
2024-02-17,8,149,99.98,0,0,27
2024-07-16,8,149,23.76,1,0,61
2025-01-16,8,149,79.53,1,0,75
2029-08-14,8,149,86.46,1,0,55
2029-09-13,8,149,51.08,0,0,45
2029-12-11,8,149,38.06,1,1,81
2030-08-19,8,149,36.69,1,0,75
2030-09-08,8,149,77.69,0,0,28
2033-04-18,8,149,33.08,0,0,43
2034-01-30,8,149,50.56,0,0,60
2034-02-27,8,149,82.82,1,0,59
2035-05-29,8,149,67.89,1,0,61
2024-02-18,6,147,28.19,0,0,58
2024-05-07,6,147,82.13,1,0,72
2024-11-11,6,147,60.26,0,0,40
2026-12-23,6,147,40.52,0,0,49
2027-09-14,6,147,36.43,0,0,45
2028-03-08,6,147,19.12,0,0,48
2029-06-17,6,147,37.64,0,1,49
2030-07-30,6,147,23.32,0,0,52
2031-04-03,6,147,36.78,0,0,30
2031-07-31,6,147,95.32,1,0,50
2033-02-25,6,147,5.1,0,0,53
2033-10-11,6,147,29.99,1,0,61
2033-12-24,6,147,26.16,0,0,34
2024-02-29,2,147,27.23,1,0,64
2025-11-27,2,147,12.55,0,0,40
2027-03-29,2,147,88.01,0,0,30
2027-12-06,2,147,62.4,0,0,48
2029-02-19,2,147,66.48,1,0,75
2031-01-12,2,147,96.06,0,0,27
2032-04-21,2,147,91.62,0,0,46
2033-11-24,2,147,36.98,0,0,52
2034-08-07,2,147,97.65,1,0,68
2024-03-04,3,122,8.41,0,0,52
2025-06-27,3,122,92.21,0,0,7
2025-08-02,3,122,13.21,1,0,72
2025-09-03,3,122,80.42,1,0,46
2029-01-18,3,122,98.6,0,0,21
2030-06-29,3,122,48.31,0,0,49
2033-10-30,3,122,99.77,0,0,51
2034-10-11,3,122,7.9,0,0,38
2024-03-19,4,144,67.68,0,0,47
2024-05-01,4,144,40.93,0,0,54
2024-05-22,4,144,91.61,0,0,14
2024-06-10,4,144,72.97,1,0,41
2024-10-19,4,144,15.54,0,0,40
2027-03-14,4,144,93.68,0,0,32
2027-09-06,4,144,81.68,0,0,19
2028-08-15,4,144,22.8,0,0,41
2028-12-22,4,144,59.65,0,0,29
2029-09-06,4,144,25.9,0,0,32
2032-04-08,4,144,8.04,0,1,67
2035-07-07,4,144,37.81,0,1,54
2024-03-24,4,102,58.19,1,0,67
2028-05-05,4,102,24.93,1,0,68
2028-05-24,4,102,28.08,0,0,46
2028-10-05,4,102,55.54,0,0,31
2029-09-16,4,102,19.0,0,0,43
2029-09-22,4,102,22.09,0,0,39
2030-05-09,4,102,41.37,0,0,51
2031-05-01,4,102,26.37,0,0,53
2031-11-16,4,102,27.07,1,0,68
2034-09-26,4,102,48.87,1,0,77
2024-03-25,6,134,96.31,1,0,50
2026-05-19,6,134,38.37,1,0,57
2026-12-08,6,134,48.28,1,0,64
2027-03-07,6,134,53.88,1,0,69
2028-09-25,6,134,80.21,1,0,72
2029-03-13,6,134,6.49,0,0,50
2030-06-15,6,134,10.13,1,0,77
2031-03-16,6,134,11.31,0,0,35
2032-01-24,6,134,14.94,0,0,48
2034-06-15,6,134,30.12,0,0,42
2035-02-21,6,134,68.04,1,0,55
2035-03-24,6,134,93.13,0,0,43
2024-04-18,4,115,73.68,0,0,43
2026-01-22,4,115,90.39,0,0,16
2026-10-14,4,115,85.5,0,0,22
2028-08-06,4,115,67.68,1,0,56
2028-11-11,4,115,44.2,0,0,56
2029-05-10,4,115,36.83,1,0,63
2032-10-29,4,115,41.32,0,0,37
2033-07-09,4,115,46.44,0,0,28
2034-10-01,4,115,65.23,0,0,42
2024-04-20,7,100,28.74,1,0,67
2025-07-24,7,100,51.55,0,0,48
2026-01-24,7,100,96.3,0,0,44
2026-10-15,7,100,38.91,1,0,56
2026-12-14,7,100,53.7,0,0,37
2028-09-30,7,100,20.41,1,0,83
2031-06-07,7,100,42.71,0,1,57
2033-03-25,7,100,70.95,1,0,59
2034-02-11,7,100,89.67,0,0,19
2024-04-25,8,115,25.29,0,1,65
2025-02-03,8,115,63.56,0,0,45
2025-06-16,8,115,56.58,0,0,44
2026-01-29,8,115,11.04,1,0,66
2027-08-12,8,115,16.43,0,0,47
2028-12-30,8,115,74.03,1,0,46
2032-05-02,8,115,94.85,1,0,52
2034-04-20,8,115,99.26,1,0,47
2024-05-06,8,140,30.56,0,0,50
2026-11-29,8,140,30.2,1,0,64
2027-09-02,8,140,43.17,1,0,53
2028-02-12,8,140,34.01,0,0,61
2033-03-29,8,140,10.07,1,0,67
2033-12-21,8,140,49.06,0,0,13
2034-05-31,8,140,41.47,0,0,44
2035-01-22,8,140,19.86,0,0,30
2024-05-10,2,130,48.41,0,0,28
2024-07-15,2,130,45.65,0,0,55
2025-09-07,2,130,71.28,0,0,28
2026-06-02,2,130,38.86,0,0,29
2027-08-05,2,130,32.68,1,0,77
2029-06-12,2,130,75.56,0,0,34
2033-11-13,2,130,21.54,0,0,35
2035-05-18,2,130,69.05,0,0,46
2035-07-31,2,130,14.58,1,0,64
2024-05-13,3,129,14.72,0,1,72
2024-06-19,3,129,39.34,0,0,33
2025-11-14,3,129,67.27,0,0,31
2026-07-18,3,129,38.47,0,0,40
2027-10-20,3,129,13.41,1,0,35
2029-10-21,3,129,52.94,0,0,44
2030-03-27,3,129,6.28,1,0,85
2033-02-23,3,129,98.39,0,0,31
2024-05-18,4,114,72.54,0,0,49
2024-05-28,4,114,36.14,0,0,47
2024-12-05,4,114,80.13,0,0,24
2025-08-26,4,114,9.6,0,0,33
2026-12-09,4,114,63.13,0,0,47
2029-08-02,4,114,93.17,0,0,46
2031-02-18,4,114,35.62,0,0,31
2035-07-21,4,114,80.59,1,0,59
2024-05-26,6,116,22.4,0,0,74
2024-09-19,6,116,27.83,1,0,67
2025-05-24,6,116,40.94,0,0,38
2025-11-02,6,116,34.7,0,0,41
2031-01-08,6,116,48.87,0,0,26
2032-08-14,6,116,40.37,0,0,55
2034-07-12,6,116,87.43,0,0,41
2034-09-22,6,116,28.12,1,0,66
2024-06-14,1,107,57.74,1,0,36
2024-10-15,1,107,58.87,1,1,64
2024-12-04,1,107,42.12,0,0,30
2027-02-07,1,107,44.62,1,0,57
2031-04-22,1,107,32.28,0,0,60
2031-11-24,1,107,23.64,0,0,36
2032-04-13,1,107,10.33,1,0,73
2032-05-06,1,107,83.95,1,0,58
2034-01-27,1,107,55.19,0,0,38
2035-06-28,1,107,85.72,0,0,37
2024-06-22,2,136,89.83,0,0,30
2025-01-14,2,136,47.48,0,0,39
2027-06-05,2,136,93.66,0,0,48
2028-07-17,2,136,34.58,0,0,25
2028-12-23,2,136,17.43,0,0,54
2032-03-24,2,136,55.88,0,0,43
2032-10-06,2,136,86.77,0,0,45
2032-12-16,2,136,59.06,1,0,51
2034-02-10,2,136,71.81,0,0,39
2024-06-25,9,135,44.5,0,0,40
2026-03-13,9,135,84.13,0,0,20
2026-04-10,9,135,20.23,1,0,69
2027-03-01,9,135,83.34,0,0,52
2027-05-11,9,135,50.13,0,0,65
2028-04-20,9,135,20.22,0,0,49
2028-10-19,9,135,62.02,0,0,38
2028-12-20,9,135,37.0,0,1,53
2031-05-03,9,135,50.78,0,0,42
2032-09-30,9,135,43.94,0,0,43
2033-06-27,9,135,23.12,0,0,54
2024-07-10,10,113,77.48,1,0,48
2025-04-20,10,113,68.73,1,0,47
2026-03-05,10,113,76.08,1,0,76
2026-07-10,10,113,67.26,0,0,48
2029-06-19,10,113,91.48,0,0,26
2029-08-26,10,113,85.08,1,0,54
2031-05-16,10,113,36.88,0,1,50
2033-07-28,10,113,51.43,0,1,73
2033-11-17,10,113,93.9,0,0,24
2024-07-21,6,101,6.72,0,0,55
2025-07-13,6,101,14.08,0,0,43
2025-11-05,6,101,81.44,0,0,51
2028-06-29,6,101,37.1,1,0,48
2029-02-12,6,101,15.12,1,0,72
2031-05-07,6,101,52.08,0,0,31
2032-02-25,6,101,27.27,0,0,52
2033-01-03,6,101,63.99,1,0,42
2034-05-10,6,101,87.15,0,0,35
2034-05-25,6,101,11.63,0,0,52
2034-09-02,6,101,72.97,0,0,42
2034-12-23,6,101,74.77,0,0,45
2035-03-01,6,101,44.12,0,0,25
2024-07-28,7,102,80.42,1,0,52
2024-11-13,7,102,77.34,0,0,50
2025-04-03,7,102,47.64,0,0,27
2026-01-11,7,102,96.27,1,0,67
2028-03-05,7,102,59.73,0,0,34
2028-06-01,7,102,32.04,0,0,42
2028-09-05,7,102,45.19,0,0,24
2030-03-13,7,102,45.32,1,0,52
2030-03-19,7,102,47.4,0,0,40
2031-03-22,7,102,51.99,1,0,48
2033-01-30,7,102,5.98,0,0,45
2033-02-20,7,102,37.92,0,0,31
2034-11-26,7,102,11.11,0,0,31
2024-08-08,7,123,58.88,0,0,48
2024-09-21,7,123,91.42,0,0,29
2024-11-21,7,123,29.06,0,0,41
2025-03-17,7,123,84.24,1,0,55
2026-03-06,7,123,91.07,0,0,35
2026-07-21,7,123,5.79,0,0,53
2028-01-20,7,123,60.1,1,1,57
2029-05-15,7,123,72.66,0,0,11
2030-08-14,7,123,33.57,0,0,30
2030-12-08,7,123,19.63,1,0,60
2031-05-27,7,123,61.44,1,1,75
2033-01-29,7,123,84.99,0,0,18
2034-09-15,7,123,45.87,0,0,37
2024-08-11,10,114,80.11,0,0,35
2025-05-29,10,114,79.42,0,1,52
2025-08-11,10,114,7.12,1,1,91
2029-03-21,10,114,7.1,0,0,54
2031-02-26,10,114,17.02,1,0,49
2032-03-06,10,114,17.54,0,0,52
2032-05-17,10,114,18.35,0,0,57
2032-10-21,10,114,66.14,0,0,38
2033-02-04,10,114,84.29,0,0,26
2034-01-04,10,114,61.42,1,0,56
2024-09-07,4,126,50.61,0,0,35
2026-04-22,4,126,78.84,1,0,69
2027-03-30,4,126,16.38,0,0,54
2028-08-16,4,126,91.4,0,0,19
2029-01-26,4,126,67.42,0,0,33
2031-10-27,4,126,16.17,0,0,66
2034-07-30,4,126,6.74,1,0,86
2035-03-22,4,126,80.2,0,0,43
2024-10-07,10,147,17.84,0,0,71
2025-10-24,10,147,23.87,0,0,74
2025-11-13,10,147,62.13,0,0,36
2028-08-29,10,147,47.7,1,1,72
2029-01-02,10,147,42.56,0,0,20
2032-08-28,10,147,96.54,0,0,56
2033-04-05,10,147,26.27,1,0,60
2034-02-07,10,147,17.28,0,0,44
2035-05-23,10,147,11.49,0,0,23
2024-10-14,7,128,70.45,0,0,32
2025-08-23,7,128,88.99,1,0,65
2026-09-03,7,128,10.79,0,0,62
2027-02-15,7,128,15.6,0,0,40
2029-01-12,7,128,93.45,1,0,44
2029-07-03,7,128,56.61,0,0,42
2030-04-18,7,128,53.0,0,0,48
2031-05-10,7,128,22.47,0,1,63
2033-03-02,7,128,42.98,1,0,92
2035-05-04,7,128,54.7,1,0,52
2024-10-21,7,106,78.25,0,0,26
2025-07-10,7,106,34.34,0,1,42
2025-08-05,7,106,94.41,0,0,45
2025-09-18,7,106,32.11,0,0,55
2026-04-16,7,106,77.26,0,0,21
2026-12-04,7,106,40.39,1,0,57
2027-02-05,7,106,45.83,0,1,51
2027-04-14,7,106,30.23,0,1,69
2028-12-25,7,106,30.49,0,0,44
2035-05-19,7,106,43.13,1,0,76
2024-10-22,9,126,46.35,0,0,52
2025-10-04,9,126,11.26,1,0,61
2027-05-05,9,126,55.84,0,0,40
2027-12-09,9,126,42.64,1,0,31
2028-11-21,9,126,54.68,0,0,32
2031-07-05,9,126,90.0,1,0,66
2032-03-18,9,126,22.1,1,0,63
2034-08-08,9,126,71.92,0,0,28
2024-10-27,8,106,98.19,0,0,48
2025-10-12,8,106,44.84,0,0,49
2026-07-23,8,106,16.99,1,0,66
2028-05-28,8,106,29.15,0,0,46
2028-08-18,8,106,79.85,1,1,79
2030-09-24,8,106,81.77,1,0,44
2031-07-18,8,106,66.89,0,1,60
2032-07-10,8,106,72.09,0,0,39
2034-10-17,8,106,95.64,0,0,22
2024-11-14,2,146,45.22,0,0,35
2025-05-05,2,146,35.12,0,0,50
2025-09-27,2,146,82.51,1,1,63
2028-10-22,2,146,44.14,0,0,47
2032-08-24,2,146,26.32,0,0,45
2033-09-26,2,146,29.93,0,0,33
2034-03-20,2,146,52.94,0,1,43
2034-04-11,2,146,25.5,1,0,62
2024-11-27,1,114,67.74,0,0,30
2025-10-03,1,114,38.96,1,0,80
2026-11-22,1,114,55.5,0,0,43
2027-02-13,1,114,93.12,0,0,26
2028-02-22,1,114,98.5,0,0,24
2029-03-23,1,114,31.1,0,0,46
2029-12-01,1,114,23.26,0,0,57
2031-05-08,1,114,6.7,0,0,35
2031-11-12,1,114,35.17,1,0,49
2033-04-01,1,114,63.21,1,0,77
2034-10-18,1,114,90.72,1,0,65
2034-11-15,1,114,5.58,1,0,88
2024-11-28,6,114,74.39,0,0,15
2025-03-28,6,114,5.98,1,1,78
2026-03-19,6,114,90.56,1,0,29
2026-04-29,6,114,74.98,1,0,43
2027-03-16,6,114,75.86,0,0,39
2027-05-04,6,114,28.75,1,0,76
2030-03-05,6,114,69.07,1,0,54
2034-03-12,6,114,71.42,1,0,36
2025-01-04,7,116,22.03,0,1,56
2025-01-19,7,116,84.46,0,1,44
2026-06-19,7,116,62.51,1,0,56
2027-09-30,7,116,99.68,0,0,28
2028-03-17,7,116,17.8,1,0,70
2031-12-10,7,116,35.52,1,0,38
2032-04-14,7,116,61.19,0,0,23
2033-03-04,7,116,83.0,0,1,54
2033-07-19,7,116,30.57,1,0,75
2034-02-04,7,116,71.57,1,0,43
2035-01-01,7,116,61.39,0,1,80
2025-01-08,10,129,81.98,1,0,35
2025-03-31,10,129,66.83,0,0,29
2027-01-02,10,129,20.35,1,0,84
2027-05-08,10,129,28.97,1,1,88
2027-05-10,10,129,80.61,0,0,34
2028-02-07,10,129,61.68,0,0,27
2030-06-23,10,129,60.51,0,0,33
2033-08-11,10,129,77.44,1,0,54
2034-04-01,10,129,77.4,0,0,44
2034-12-15,10,129,73.58,1,0,54
2035-01-28,10,129,36.28,1,0,70
2025-02-16,5,121,56.64,1,0,58
2027-11-19,5,121,90.94,0,0,45
2028-01-12,5,121,72.93,0,0,34
2028-07-10,5,121,28.64,0,0,42
2031-02-28,5,121,87.15,0,0,54
2031-11-21,5,121,40.8,0,0,20
2032-06-11,5,121,84.39,0,0,19
2035-06-14,5,121,35.84,0,1,67
2025-03-22,9,148,89.75,0,1,52
2027-04-11,9,148,80.97,0,0,24
2030-01-25,9,148,84.55,1,0,92
2031-11-28,9,148,71.42,0,0,39
2032-01-11,9,148,54.66,0,0,34
2033-02-10,9,148,68.74,1,0,73
2034-12-05,9,148,55.04,0,0,51
2035-05-09,9,148,43.42,0,0,52
