Sales_data.csv
date,store_id,product_id,price,promotion,holiday,sales
2025-05-22,7,147,20.77,1,0,69
2026-07-04,7,147,44.59,0,0,25
2026-12-10,7,147,40.48,0,0,52
2027-04-25,7,147,42.78,0,0,58
2028-04-06,7,147,31.83,1,0,47
2029-05-06,7,147,68.22,0,1,31
2031-09-19,7,147,98.19,0,0,40
2032-02-12,7,147,75.26,0,1,72
2032-05-21,7,147,92.65,0,0,16
2035-01-30,7,147,71.97,0,0,44
2025-06-08,2,120,44.89,0,0,35
2026-05-11,2,120,51.59,1,0,74
2026-06-11,2,120,18.96,0,0,59
2026-07-02,2,120,71.78,0,0,24
2026-12-12,2,120,84.39,1,0,60
2027-06-01,2,120,35.23,0,0,40
2030-07-08,2,120,67.47,0,0,33
2031-03-29,2,120,11.94,1,0,65
2031-06-16,2,120,69.84,0,0,31
2033-03-07,2,120,28.83,0,0,57
2033-06-12,2,120,39.28,1,0,91
2033-12-14,2,120,63.22,0,0,20
2025-06-24,3,109,90.16,0,0,50
2026-08-07,3,109,48.15,1,0,39
2027-02-17,3,109,99.73,0,1,23
2027-07-01,3,109,34.53,1,0,51
2027-11-30,3,109,37.67,1,0,74
2028-03-14,3,109,6.36,0,0,50
2029-07-12,3,109,34.58,0,1,37
2031-03-30,3,109,40.93,0,0,32
2032-08-05,3,109,77.91,1,0,44
2032-09-06,3,109,46.98,0,1,50
2034-06-03,3,109,17.79,0,0,44
2025-06-26,2,116,74.41,0,0,38
2025-07-16,2,116,9.98,0,0,41
2026-05-31,2,116,53.38,1,0,48
2027-09-21,2,116,25.86,0,0,39
2028-02-09,2,116,71.66,1,0,50
2028-06-20,2,116,79.72,0,0,23
2029-06-08,2,116,97.05,0,0,36
2030-10-31,2,116,82.69,0,0,36
2032-11-02,2,116,39.63,0,0,27
2032-12-31,2,116,79.45,0,0,29
2025-07-26,5,105,44.85,1,0,48
2026-08-02,5,105,46.87,0,0,51
2028-03-18,5,105,19.34,0,0,45
2030-03-15,5,105,56.5,0,0,38
2030-05-25,5,105,76.26,1,0,45
2030-07-21,5,105,12.38,1,0,62
2031-05-22,5,105,34.1,0,0,64
2031-10-02,5,105,9.23,0,0,49
2025-08-29,2,128,50.92,1,0,77
2027-03-12,2,128,54.71,0,1,34
2028-12-18,2,128,29.76,0,0,2
2030-04-02,2,128,13.15,1,0,63
2031-10-06,2,128,6.75,0,0,49
2031-12-19,2,128,68.31,0,0,20
2032-04-29,2,128,56.96,0,0,37
2032-06-22,2,128,18.36,0,1,58
2025-10-11,7,149,68.09,0,1,51
2027-03-15,7,149,72.02,0,0,35
2029-05-24,7,149,83.12,0,0,48
2030-07-16,7,149,28.84,0,0,62
2032-02-29,7,149,70.61,0,0,36
2032-04-30,7,149,22.78,0,0,44
2034-03-18,7,149,16.66,1,0,83
2034-03-28,7,149,28.95,1,0,76
2035-02-08,7,149,45.1,0,0,53
2025-10-19,8,132,34.89,0,0,40
2025-11-01,8,132,20.07,1,0,63
2026-01-03,8,132,57.58,0,0,44
2027-07-26,8,132,5.36,1,0,80
2028-09-08,8,132,92.2,0,0,41
2029-04-19,8,132,82.44,1,0,44
2029-07-20,8,132,12.86,0,0,57
2030-10-29,8,132,66.28,0,0,41
2030-12-20,8,132,30.6,0,0,35
2032-12-06,8,132,37.18,0,0,31
2034-09-13,8,132,59.19,1,0,39
2025-10-20,4,110,24.2,1,0,70
2026-08-29,4,110,94.14,0,1,34
2026-11-26,4,110,69.45,1,0,55
2027-11-07,4,110,79.65,1,0,76
2028-11-27,4,110,68.83,0,0,38
2029-04-04,4,110,28.67,0,0,57
2030-03-26,4,110,14.17,0,0,23
2030-06-28,4,110,99.72,0,0,28
2032-09-25,4,110,11.83,0,0,43
2034-06-08,4,110,77.28,0,0,22
2025-12-13,8,143,98.68,0,0,30
2027-05-09,8,143,60.74,0,0,44
2027-09-10,8,143,29.94,1,0,61
2031-06-09,8,143,72.86,0,0,44
2031-07-30,8,143,58.91,0,0,42
2031-10-05,8,143,67.36,0,1,67
2032-05-14,8,143,91.72,0,0,34
2032-05-30,8,143,33.52,1,0,62
2026-01-01,8,102,44.72,0,0,38
2026-05-06,8,102,7.5,0,0,37
2029-03-01,8,102,93.73,1,0,52
2029-04-14,8,102,79.79,0,0,51
2029-10-24,8,102,93.93,0,0,39
2029-10-26,8,102,24.77,0,0,49
2030-05-14,8,102,12.97,1,0,87
2032-01-05,8,102,58.86,0,0,41
2026-01-25,2,148,6.24,0,0,47
2027-04-06,2,148,20.02,1,0,67
2027-11-27,2,148,21.55,0,0,59
2028-04-22,2,148,76.53,0,0,15
2030-09-14,2,148,19.89,0,0,44
2030-09-22,2,148,37.89,1,0,42
2032-01-10,2,148,80.91,0,1,59
2032-07-11,2,148,8.23,0,0,39
2032-09-03,2,148,25.61,1,0,61
2034-08-29,2,148,90.11,0,0,19
2035-03-26,2,148,26.35,1,0,50
2026-02-15,1,132,66.61,0,0,40
2028-07-09,1,132,60.31,1,0,75
2031-09-18,1,132,54.82,0,0,28
2032-04-16,1,132,50.67,1,1,95
2033-04-24,1,132,33.25,1,1,69
2034-10-05,1,132,63.51,0,0,43
2034-10-14,1,132,93.85,1,0,55
2035-02-28,1,132,73.77,0,0,23
2026-02-16,6,125,34.4,0,0,49
2026-02-21,6,125,6.13,1,0,74
2027-03-27,6,125,14.7,0,0,39
2028-11-23,6,125,43.08,1,0,54
2030-05-07,6,125,44.49,0,0,47
2032-12-30,6,125,75.25,0,0,24
2033-02-15,6,125,68.49,1,0,49
2034-04-26,6,125,39.61,0,0,45
2026-03-10,4,120,65.58,1,0,61
2027-08-31,4,120,55.77,0,0,24
2028-09-13,4,120,27.19,0,1,42
2028-10-20,4,120,16.22,0,0,42
2029-11-11,4,120,71.46,0,0,39
2030-03-01,4,120,83.67,1,0,52
2030-10-09,4,120,37.91,0,0,46
2032-08-18,4,120,73.46,1,0,61
2034-12-26,4,120,21.8,0,0,32
2026-05-15,1,137,37.22,0,0,38
2027-12-23,1,137,72.38,0,0,33
2028-01-31,1,137,84.94,1,0,50
2028-10-03,1,137,98.78,0,0,33
2030-03-12,1,137,50.18,1,1,88
2032-05-07,1,137,67.8,1,0,58
2032-11-07,1,137,13.01,0,0,45
2033-07-10,1,137,98.18,0,0,42
2026-05-27,4,133,22.57,1,0,50
2027-12-19,4,133,74.83,0,0,39
2028-02-15,4,133,78.16,0,1,47
2028-10-13,4,133,92.16,0,0,31
2029-11-08,4,133,66.06,1,0,51
2031-05-31,4,133,91.57,0,0,56
2031-11-06,4,133,81.6,0,0,30
2032-10-23,4,133,53.29,0,0,53
2033-06-08,4,133,79.29,0,0,34
2033-11-14,4,133,40.92,0,0,35
2034-01-14,4,133,95.05,1,0,43
2034-02-21,4,133,25.66,0,0,18
2026-06-25,6,111,77.15,0,0,33
2026-07-09,6,111,10.85,1,0,59
2028-01-08,6,111,10.39,0,0,49
2029-02-13,6,111,91.07,1,0,53
2029-09-14,6,111,91.08,0,0,43
2032-01-23,6,111,32.28,0,1,69
2032-08-17,6,111,30.84,1,1,100
2033-09-01,6,111,33.44,0,0,38
2035-05-12,6,111,59.62,0,0,56
2026-08-31,2,133,56.91,1,0,53
2027-02-28,2,133,21.91,1,1,82
2029-03-24,2,133,66.62,0,0,63
2030-12-25,2,133,48.79,1,0,58
2031-06-17,2,133,85.52,1,0,42
2032-06-02,2,133,91.08,0,0,50
2032-07-19,2,133,44.71,0,0,38
2033-11-07,2,133,52.76,0,0,32
2026-11-07,6,136,21.16,0,0,41
2028-11-12,6,136,29.36,0,0,31
2029-08-29,6,136,42.31,0,0,48
2031-04-18,6,136,30.8,1,0,74
2031-09-25,6,136,86.37,0,0,46
2033-09-18,6,136,58.29,0,0,37
2033-12-05,6,136,66.31,1,0,59
2034-12-13,6,136,44.4,0,1,39
2027-01-26,4,138,28.2,0,0,48
2027-03-25,4,138,40.99,0,0,45
2028-06-19,4,138,32.58,0,0,54
2028-09-29,4,138,53.25,1,0,53
2030-10-19,4,138,95.15,0,0,21
2031-07-13,4,138,72.91,0,0,37
2031-09-06,4,138,38.55,0,0,31
2032-04-09,4,138,33.19,0,0,38
2032-05-19,4,138,44.1,0,0,55
2032-06-29,4,138,42.55,0,0,46
2035-05-24,4,138,44.7,0,0,30
2027-05-27,3,114,82.74,0,0,27
2027-11-12,3,114,52.39,1,0,79
2029-03-27,3,114,50.16,1,0,38
2029-07-29,3,114,17.81,0,0,54
2031-06-03,3,114,5.62,0,0,36
2031-09-07,3,114,95.27,0,0,41
2033-05-05,3,114,70.03,0,0,62
2034-09-11,3,114,37.57,0,0,19
2027-11-05,6,129,62.21,0,0,28
2029-11-17,6,129,83.01,1,1,67
2031-05-14,6,129,25.01,1,0,37
2032-12-02,6,129,64.46,1,0,64
2033-06-03,6,129,96.61,0,0,22
2033-09-25,6,129,69.92,1,0,61
2034-08-04,6,129,41.49,1,0,64
2035-05-26,6,129,50.29,1,0,42
2035-06-17,6,129,37.8,0,0,31
2028-07-28,10,115,43.51,0,0,40
2028-11-09,10,115,96.42,1,1,77
2028-12-19,10,115,20.48,0,0,46
2029-03-22,10,115,52.66,1,0,65
2029-12-22,10,115,51.25,0,0,28
2030-04-26,10,115,20.8,0,0,50
2034-03-05,10,115,31.32,0,0,43
2034-09-29,10,115,75.27,0,0,38
2035-02-27,10,115,96.94,0,0,34
